Script started on 2026-10-09 10:28:16+08:00 [TERM="dumb" TTY="/dev/pts/2" COLUMNS="80" LINES="24"]
[INFO] [launch]: All log files can be found below /home/ubuntu2004/.ros/log/2026-10-09-10-28-21-610054-ubuntu2004-43114
[INFO] [launch]: Default logging verbosity is set to INFO
[INFO] [move_group-1]: process started with pid [43171]
[INFO] [robot_state_publisher-2]: process started with pid [43173]
[INFO] [task01_rear_handoff-3]: process started with pid [43175]
[move_group-1] [WARN] [1791512904.078637518] [move_group.move_group]: Falling back to using the the move_group node namespace (deprecated behavior).
[move_group-1] [INFO] [1791512904.224304685] [moveit_rdf_loader.rdf_loader]: Loaded robot model in 0 seconds
[move_group-1] [INFO] [1791512904.224332354] [moveit_robot_model.robot_model]: Loading robot model 'dual_fr3_side_suction'...
[move_group-1] [INFO] [1791512904.224340372] [moveit_robot_model.robot_model]: No root/virtual joint specified in SRDF. Assuming fixed joint
[robot_state_publisher-2] [INFO] [1791512904.283717337] [task01_robot_state_publisher]: got segment left_fr3_link0
[robot_state_publisher-2] [INFO] [1791512904.283812117] [task01_robot_state_publisher]: got segment left_fr3_link0_accelerometer_bottom
[robot_state_publisher-2] [INFO] [1791512904.283820565] [task01_robot_state_publisher]: got segment left_fr3_link0_accelerometer_top
[robot_state_publisher-2] [INFO] [1791512904.283824880] [task01_robot_state_publisher]: got segment left_fr3_link1
[robot_state_publisher-2] [INFO] [1791512904.283828639] [task01_robot_state_publisher]: got segment left_fr3_link1_accelerometer_bottom
[robot_state_publisher-2] [INFO] [1791512904.283832212] [task01_robot_state_publisher]: got segment left_fr3_link1_accelerometer_top
[robot_state_publisher-2] [INFO] [1791512904.283835706] [task01_robot_state_publisher]: got segment left_fr3_link2
[robot_state_publisher-2] [INFO] [1791512904.283839093] [task01_robot_state_publisher]: got segment left_fr3_link2_accelerometer_bottom
[robot_state_publisher-2] [INFO] [1791512904.283842471] [task01_robot_state_publisher]: got segment left_fr3_link2_accelerometer_top
[robot_state_publisher-2] [INFO] [1791512904.283845794] [task01_robot_state_publisher]: got segment left_fr3_link3
[robot_state_publisher-2] [INFO] [1791512904.283849201] [task01_robot_state_publisher]: got segment left_fr3_link3_accelerometer_bottom
[robot_state_publisher-2] [INFO] [1791512904.283852484] [task01_robot_state_publisher]: got segment left_fr3_link3_accelerometer_top
[robot_state_publisher-2] [INFO] [1791512904.283855719] [task01_robot_state_publisher]: got segment left_fr3_link4
[robot_state_publisher-2] [INFO] [1791512904.283859024] [task01_robot_state_publisher]: got segment left_fr3_link4_accelerometer_bottom
[robot_state_publisher-2] [INFO] [1791512904.283869547] [task01_robot_state_publisher]: got segment left_fr3_link4_accelerometer_top
[robot_state_publisher-2] [INFO] [1791512904.283873059] [task01_robot_state_publisher]: got segment left_fr3_link5
[robot_state_publisher-2] [INFO] [1791512904.283876356] [task01_robot_state_publisher]: got segment left_fr3_link5_accelerometer_bottom
[robot_state_publisher-2] [INFO] [1791512904.283879622] [task01_robot_state_publisher]: got segment left_fr3_link5_accelerometer_top
[robot_state_publisher-2] [INFO] [1791512904.283882951] [task01_robot_state_publisher]: got segment left_fr3_link6
[robot_state_publisher-2] [INFO] [1791512904.283886186] [task01_robot_state_publisher]: got segment left_fr3_link7
[robot_state_publisher-2] [INFO] [1791512904.283889476] [task01_robot_state_publisher]: got segment left_fr3_link8
[robot_state_publisher-2] [INFO] [1791512904.283892785] [task01_robot_state_publisher]: got segment left_fr3_side_suction
[robot_state_publisher-2] [INFO] [1791512904.283896399] [task01_robot_state_publisher]: got segment left_fr3_side_suction_tcp
[robot_state_publisher-2] [INFO] [1791512904.283899793] [task01_robot_state_publisher]: got segment right_fr3_link0
[robot_state_publisher-2] [INFO] [1791512904.283903040] [task01_robot_state_publisher]: got segment right_fr3_link0_accelerometer_bottom
[robot_state_publisher-2] [INFO] [1791512904.283906380] [task01_robot_state_publisher]: got segment right_fr3_link0_accelerometer_top
[robot_state_publisher-2] [INFO] [1791512904.283909673] [task01_robot_state_publisher]: got segment right_fr3_link1
[robot_state_publisher-2] [INFO] [1791512904.283912851] [task01_robot_state_publisher]: got segment right_fr3_link1_accelerometer_bottom
[robot_state_publisher-2] [INFO] [1791512904.283916174] [task01_robot_state_publisher]: got segment right_fr3_link1_accelerometer_top
[robot_state_publisher-2] [INFO] [1791512904.283919462] [task01_robot_state_publisher]: got segment right_fr3_link2
[robot_state_publisher-2] [INFO] [1791512904.283922804] [task01_robot_state_publisher]: got segment right_fr3_link2_accelerometer_bottom
[robot_state_publisher-2] [INFO] [1791512904.283926081] [task01_robot_state_publisher]: got segment right_fr3_link2_accelerometer_top
[robot_state_publisher-2] [INFO] [1791512904.283929358] [task01_robot_state_publisher]: got segment right_fr3_link3
[robot_state_publisher-2] [INFO] [1791512904.283932611] [task01_robot_state_publisher]: got segment right_fr3_link3_accelerometer_bottom
[robot_state_publisher-2] [INFO] [1791512904.283935912] [task01_robot_state_publisher]: got segment right_fr3_link3_accelerometer_top
[robot_state_publisher-2] [INFO] [1791512904.283939120] [task01_robot_state_publisher]: got segment right_fr3_link4
[robot_state_publisher-2] [INFO] [1791512904.283942454] [task01_robot_state_publisher]: got segment right_fr3_link4_accelerometer_bottom
[robot_state_publisher-2] [INFO] [1791512904.283945805] [task01_robot_state_publisher]: got segment right_fr3_link4_accelerometer_top
[robot_state_publisher-2] [INFO] [1791512904.283949092] [task01_robot_state_publisher]: got segment right_fr3_link5
[robot_state_publisher-2] [INFO] [1791512904.283952342] [task01_robot_state_publisher]: got segment right_fr3_link5_accelerometer_bottom
[robot_state_publisher-2] [INFO] [1791512904.283955604] [task01_robot_state_publisher]: got segment right_fr3_link5_accelerometer_top
[robot_state_publisher-2] [INFO] [1791512904.283980363] [task01_robot_state_publisher]: got segment right_fr3_link6
[robot_state_publisher-2] [INFO] [1791512904.283985611] [task01_robot_state_publisher]: got segment right_fr3_link7
[robot_state_publisher-2] [INFO] [1791512904.283989065] [task01_robot_state_publisher]: got segment right_fr3_link8
[robot_state_publisher-2] [INFO] [1791512904.283992361] [task01_robot_state_publisher]: got segment right_fr3_side_suction
[robot_state_publisher-2] [INFO] [1791512904.283995793] [task01_robot_state_publisher]: got segment right_fr3_side_suction_tcp
[robot_state_publisher-2] [INFO] [1791512904.283999215] [task01_robot_state_publisher]: got segment world
[task01_rear_handoff-3] [INFO] [1791512904.563920278] [moveit_rdf_loader.rdf_loader]: Loaded robot model in 0.0333333 seconds
[task01_rear_handoff-3] [INFO] [1791512904.563968963] [moveit_robot_model.robot_model]: Loading robot model 'dual_fr3_side_suction'...
[task01_rear_handoff-3] [INFO] [1791512904.563974423] [moveit_robot_model.robot_model]: No root/virtual joint specified in SRDF. Assuming fixed joint
[move_group-1] [INFO] [1791512904.966008489] [moveit_ros.planning_scene_monitor.planning_scene_monitor]: Publishing maintained planning scene on 'monitored_planning_scene'
[move_group-1] [INFO] [1791512904.966122932] [moveit.ros_planning_interface.moveit_cpp]: Listening to 'joint_states' for joint states
[move_group-1] [INFO] [1791512904.966470798] [moveit_ros.current_state_monitor]: Listening to joint states on topic 'joint_states'
[move_group-1] [INFO] [1791512904.966674775] [moveit_ros.planning_scene_monitor.planning_scene_monitor]: Listening to '/attached_collision_object' for attached collision objects
[move_group-1] [INFO] [1791512904.966686544] [moveit_ros.planning_scene_monitor.planning_scene_monitor]: Starting planning scene monitor
[move_group-1] [INFO] [1791512904.966830412] [moveit_ros.planning_scene_monitor.planning_scene_monitor]: Listening to '/planning_scene'
[move_group-1] [INFO] [1791512904.966840299] [moveit_ros.planning_scene_monitor.planning_scene_monitor]: Starting world geometry update monitor for collision objects, attached objects, octomap updates.
[move_group-1] [INFO] [1791512904.967008907] [moveit_ros.planning_scene_monitor.planning_scene_monitor]: Listening to 'collision_object'
[move_group-1] [INFO] [1791512904.967169528] [moveit_ros.planning_scene_monitor.planning_scene_monitor]: Listening to 'planning_scene_world' for planning scene world geometry
[move_group-1] [WARN] [1791512904.967483699] [moveit.ros.occupancy_map_monitor.middleware_handle]: Resolution not specified for Octomap. Assuming resolution = 0.1 instead
[move_group-1] [ERROR] [1791512904.967493419] [moveit.ros.occupancy_map_monitor.middleware_handle]: No 3D sensor plugin(s) defined for octomap updates
[move_group-1] [INFO] [1791512904.968299030] [moveit.ros_planning_interface.moveit_cpp]: Loading planning pipeline 'move_group'
[move_group-1] [INFO] [1791512905.193759804] [moveit.ros_planning.planning_pipeline]: Using planning interface 'OMPL'
[move_group-1] [INFO] [1791512905.199972035] [moveit_ros.add_time_optimal_parameterization]: Param 'move_group.path_tolerance' was not set. Using default value: 0.100000
[move_group-1] [INFO] [1791512905.199984033] [moveit_ros.add_time_optimal_parameterization]: Param 'move_group.resample_dt' was not set. Using default value: 0.100000
[move_group-1] [INFO] [1791512905.199987310] [moveit_ros.add_time_optimal_parameterization]: Param 'move_group.min_angle_change' was not set. Using default value: 0.001000
[move_group-1] [INFO] [1791512905.200000708] [moveit_ros.fix_workspace_bounds]: Param 'move_group.default_workspace_bounds' was not set. Using default value: 10.000000
[move_group-1] [INFO] [1791512905.200010285] [moveit_ros.fix_start_state_bounds]: Param 'move_group.start_state_max_bounds_error' was set to 0.100000
[move_group-1] [INFO] [1791512905.200013626] [moveit_ros.fix_start_state_bounds]: Param 'move_group.start_state_max_dt' was not set. Using default value: 0.500000
[move_group-1] [INFO] [1791512905.200020755] [moveit_ros.fix_start_state_collision]: Param 'move_group.start_state_max_dt' was not set. Using default value: 0.500000
[move_group-1] [INFO] [1791512905.200023934] [moveit_ros.fix_start_state_collision]: Param 'move_group.jiggle_fraction' was not set. Using default value: 0.020000
[move_group-1] [INFO] [1791512905.200026961] [moveit_ros.fix_start_state_collision]: Param 'move_group.max_sampling_attempts' was not set. Using default value: 100
[move_group-1] [INFO] [1791512905.200033761] [moveit.ros_planning.planning_pipeline]: Using planning request adapter 'Add Time Optimal Parameterization'
[move_group-1] [INFO] [1791512905.200036686] [moveit.ros_planning.planning_pipeline]: Using planning request adapter 'Resolve constraint frames to robot links'
[move_group-1] [INFO] [1791512905.200038856] [moveit.ros_planning.planning_pipeline]: Using planning request adapter 'Fix Workspace Bounds'
[move_group-1] [INFO] [1791512905.200040991] [moveit.ros_planning.planning_pipeline]: Using planning request adapter 'Fix Start State Bounds'
[move_group-1] [INFO] [1791512905.200042857] [moveit.ros_planning.planning_pipeline]: Using planning request adapter 'Fix Start State In Collision'
[move_group-1] [INFO] [1791512905.200044713] [moveit.ros_planning.planning_pipeline]: Using planning request adapter 'Fix Start State Path Constraints'
[move_group-1] [WARN] [1791512905.245485294] [moveit_ros.trajectory_execution_manager]: Parameter '~moveit_controller_manager' is not specified but only one matching plugin was found: 'moveit_simple_controller_manager/MoveItSimpleControllerManager'. Using that one.
[move_group-1] [WARN] [1791512905.245570184] [rcl.logging_rosout]: Publisher already registered for provided node name. If this is due to multiple nodes with the same name then all logs for that logger name will go out over the existing publisher. As soon as any node with that name is destructed it will unregister the publisher, preventing any further logs for that name from being published on the rosout topic.
[move_group-1] [ERROR] [1791512905.276762311] [moveit.plugins.moveit_simple_controller_manager]: No controller_names specified.
[move_group-1] [INFO] [1791512905.276885078] [moveit.plugins.moveit_simple_controller_manager]: Returned 0 controllers in list
[move_group-1] [INFO] [1791512905.276894199] [moveit.plugins.moveit_simple_controller_manager]: Returned 0 controllers in list
[move_group-1] [INFO] [1791512905.277371344] [moveit_ros.trajectory_execution_manager]: Trajectory execution is not managing controllers
[move_group-1] [INFO] [1791512905.277384856] [move_group.move_group]: MoveGroup debug mode is ON
[move_group-1] [INFO] [1791512905.347980287] [move_group.move_group]: 
[move_group-1] 
[move_group-1] ********************************************************
[move_group-1] * MoveGroup using: 
[move_group-1] *     - ApplyPlanningSceneService
[move_group-1] *     - ClearOctomapService
[move_group-1] *     - CartesianPathService
[move_group-1] *     - ExecuteTrajectoryAction
[move_group-1] *     - GetPlanningSceneService
[move_group-1] *     - KinematicsService
[move_group-1] *     - MoveAction
[move_group-1] *     - MotionPlanService
[move_group-1] *     - QueryPlannersService
[move_group-1] *     - StateValidationService
[move_group-1] ********************************************************
[move_group-1] 
[move_group-1] [INFO] [1791512905.348012204] [moveit_move_group_capabilities_base.move_group_context]: MoveGroup context using planning plugin ompl_interface/OMPLPlanner
[move_group-1] [INFO] [1791512905.348019085] [moveit_move_group_capabilities_base.move_group_context]: MoveGroup context initialization complete
[move_group-1] [96mLoading 'move_group/ApplyPlanningSceneService'...
[move_group-1] [0m[96mLoading 'move_group/ClearOctomapService'...
[move_group-1] [0m[96mLoading 'move_group/MoveGroupCartesianPathService'...
[move_group-1] [0m[96mLoading 'move_group/MoveGroupExecuteTrajectoryAction'...
[move_group-1] [0m[96mLoading 'move_group/MoveGroupGetPlanningSceneService'...
[move_group-1] [0m[96mLoading 'move_group/MoveGroupKinematicsService'...
[move_group-1] [0m[96mLoading 'move_group/MoveGroupMoveAction'...
[move_group-1] [0m[96mLoading 'move_group/MoveGroupPlanService'...
[move_group-1] [0m[96mLoading 'move_group/MoveGroupQueryPlannersService'...
[move_group-1] [0m[96mLoading 'move_group/MoveGroupStateValidationService'...
[move_group-1] [0m[92m
[move_group-1] You can start planning now!
[move_group-1] 
[task01_rear_handoff-3] [INFO] [1791512905.348967984] [move_group_interface]: Ready to take commands for planning group left_arm.
[task01_rear_handoff-3] [INFO] [1791512905.352597974] [move_group_interface]: Ready to take commands for planning group right_arm.
[move_group-1] [WARN] [1791512905.561965776] [moveit_planning_scene.planning_scene]: Tried to remove world object 'task01_table', but it does not exist in this scene.
[move_group-1] [WARN] [1791512905.562003275] [moveit_planning_scene.planning_scene]: Tried to remove world object 'task01_carriage_deep_wall', but it does not exist in this scene.
[move_group-1] [WARN] [1791512905.562007884] [moveit_planning_scene.planning_scene]: Tried to remove world object 'task01_carriage_minus_y_wall', but it does not exist in this scene.
[move_group-1] [WARN] [1791512905.562011558] [moveit_planning_scene.planning_scene]: Tried to remove world object 'task01_carriage_plus_y_wall', but it does not exist in this scene.
[move_group-1] [WARN] [1791512905.562014906] [moveit_planning_scene.planning_scene]: Tried to remove world object 'task01_cube', but it does not exist in this scene.
[task01_rear_handoff-3] [INFO] [1791512905.587887252] [moveit_ros.current_state_monitor]: Listening to joint states on topic 'joint_states'
[move_group-1] [INFO] [1791512905.593856415] [moveit_move_group_default_capabilities.cartersian_path_service_capability]: Received request to compute Cartesian path
[move_group-1] [INFO] [1791512905.593940814] [moveit_move_group_default_capabilities.cartersian_path_service_capability]: Attempting to follow 1 waypoints for link 'left_fr3_side_suction_tcp' using a step of 0.002000 m and jump threshold 0.000000 (in global reference frame)
[move_group-1] [WARN] [1791512905.617414920] [moveit_trajectory_processing.time_optimal_trajectory_generation]: Joint acceleration limits are not defined. Using the default 1 rad/s^2. You can define acceleration limits in the URDF or joint_limits.yaml.
[move_group-1] [INFO] [1791512906.050340607] [moveit_move_group_default_capabilities.cartersian_path_service_capability]: Computed Cartesian path with 206 points (followed 100.000000% of requested trajectory)
[task01_rear_handoff-3] [INFO] [1791512906.050903874] [task01_rear_handoff]: REUSED_SAFE_HELPER_PUSHER_TRANSITION left Cartesian fraction=1.0000 error=1 step=0.0020 attempt=1/3 line_deviation=0.005 mm.
[move_group-1] [INFO] [1791512906.051120362] [moveit_move_group_default_capabilities.cartersian_path_service_capability]: Received request to compute Cartesian path
[move_group-1] [INFO] [1791512906.051183354] [moveit_move_group_default_capabilities.cartersian_path_service_capability]: Attempting to follow 1 waypoints for link 'right_fr3_side_suction_tcp' using a step of 0.002000 m and jump threshold 0.000000 (in global reference frame)
[move_group-1] [INFO] [1791512906.070897868] [moveit_move_group_default_capabilities.cartersian_path_service_capability]: Computed Cartesian path with 152 points (followed 100.000000% of requested trajectory)
[task01_rear_handoff-3] [INFO] [1791512906.071194896] [task01_rear_handoff]: REUSED_SAFE_HELPER_PUSHER_TRANSITION right Cartesian fraction=1.0000 error=1 step=0.0020 attempt=1/3 line_deviation=0.002 mm.
[task01_rear_handoff-3] [INFO] [1791512906.123409228] [task01_rear_handoff]: REUSED_SAFE_HELPER_PUSHER_TRANSITION synchronized FCL PASS, samples=227.
[task01_rear_handoff-3] [INFO] [1791512909.015158240] [task01_rear_handoff]: left final joint-state settled: max_error=0.249 deg.
[task01_rear_handoff-3] [INFO] [1791512909.015249026] [task01_rear_handoff]: right final joint-state settled: max_error=0.198 deg.
[task01_rear_handoff-3] [INFO] [1791512910.707715895] [move_group_interface]: MoveGroup action client/server ready
[move_group-1] [INFO] [1791512910.708059627] [moveit_move_group_default_capabilities.move_action_capability]: Received request
[task01_rear_handoff-3] [INFO] [1791512910.708187743] [move_group_interface]: Planning request accepted
[move_group-1] [INFO] [1791512910.708207047] [moveit_move_group_default_capabilities.move_action_capability]: executing..
[move_group-1] [INFO] [1791512910.708319101] [moveit_move_group_default_capabilities.move_action_capability]: Planning request received for MoveGroup action. Forwarding to planning pipeline.
[move_group-1] [INFO] [1791512910.754409894] [moveit.ompl_planning.model_based_planning_context]: Planner configuration 'right_arm[RRTConnectkConfigDefault]' will use planner 'geometric::RRTConnect'. Additional configuration parameters will be set when the planner is constructed.
[move_group-1] [INFO] [1791512910.808102124] [moveit_move_group_default_capabilities.move_action_capability]: Motion plan was computed successfully.
[task01_rear_handoff-3] [INFO] [1791512910.808465973] [move_group_interface]: Planning request complete!
[task01_rear_handoff-3] [INFO] [1791512910.808886856] [move_group_interface]: time taken to generate plan: 0.0429559 seconds
[task01_rear_handoff-3] [INFO] [1791512910.809004480] [move_group_interface]: MoveGroup action client/server ready
[move_group-1] [INFO] [1791512910.809193148] [moveit_move_group_default_capabilities.move_action_capability]: Received request
[move_group-1] [INFO] [1791512910.809248719] [moveit_move_group_default_capabilities.move_action_capability]: executing..
[move_group-1] [INFO] [1791512910.809328846] [moveit_move_group_default_capabilities.move_action_capability]: Planning request received for MoveGroup action. Forwarding to planning pipeline.
[task01_rear_handoff-3] [INFO] [1791512910.809297815] [move_group_interface]: Planning request accepted
[move_group-1] [INFO] [1791512910.809909531] [moveit.ompl_planning.model_based_planning_context]: Planner configuration 'right_arm[RRTConnectkConfigDefault]' will use planner 'geometric::RRTConnect'. Additional configuration parameters will be set when the planner is constructed.
[move_group-1] [INFO] [1791512910.874471488] [moveit_move_group_default_capabilities.move_action_capability]: Motion plan was computed successfully.
[task01_rear_handoff-3] [INFO] [1791512910.874790490] [move_group_interface]: Planning request complete!
[task01_rear_handoff-3] [INFO] [1791512910.875303008] [move_group_interface]: time taken to generate plan: 0.0486298 seconds
[task01_rear_handoff-3] [INFO] [1791512910.875425357] [move_group_interface]: MoveGroup action client/server ready
[move_group-1] [INFO] [1791512910.875559273] [moveit_move_group_default_capabilities.move_action_capability]: Received request
[move_group-1] [INFO] [1791512910.875610533] [moveit_move_group_default_capabilities.move_action_capability]: executing..
[move_group-1] [INFO] [1791512910.875655794] [moveit_move_group_default_capabilities.move_action_capability]: Planning request received for MoveGroup action. Forwarding to planning pipeline.
[task01_rear_handoff-3] [INFO] [1791512910.875680387] [move_group_interface]: Planning request accepted
[move_group-1] [INFO] [1791512910.876188728] [moveit.ompl_planning.model_based_planning_context]: Planner configuration 'right_arm[RRTConnectkConfigDefault]' will use planner 'geometric::RRTConnect'. Additional configuration parameters will be set when the planner is constructed.
[move_group-1] [INFO] [1791512910.920733579] [moveit_move_group_default_capabilities.move_action_capability]: Motion plan was computed successfully.
[task01_rear_handoff-3] [INFO] [1791512910.921088939] [move_group_interface]: Planning request complete!
[task01_rear_handoff-3] [INFO] [1791512910.921517921] [move_group_interface]: time taken to generate plan: 0.0339387 seconds
[task01_rear_handoff-3] [INFO] [1791512910.921649598] [move_group_interface]: MoveGroup action client/server ready
[move_group-1] [INFO] [1791512910.921873207] [moveit_move_group_default_capabilities.move_action_capability]: Received request
[move_group-1] [INFO] [1791512910.921938554] [moveit_move_group_default_capabilities.move_action_capability]: executing..
[move_group-1] [INFO] [1791512910.922015473] [moveit_move_group_default_capabilities.move_action_capability]: Planning request received for MoveGroup action. Forwarding to planning pipeline.
[task01_rear_handoff-3] [INFO] [1791512910.922043914] [move_group_interface]: Planning request accepted
[move_group-1] [INFO] [1791512910.922707129] [moveit.ompl_planning.model_based_planning_context]: Planner configuration 'right_arm[RRTConnectkConfigDefault]' will use planner 'geometric::RRTConnect'. Additional configuration parameters will be set when the planner is constructed.
[move_group-1] [INFO] [1791512910.980213733] [moveit_move_group_default_capabilities.move_action_capability]: Motion plan was computed successfully.
[task01_rear_handoff-3] [INFO] [1791512910.980509729] [move_group_interface]: Planning request complete!
[task01_rear_handoff-3] [INFO] [1791512910.981577986] [move_group_interface]: time taken to generate plan: 0.0447747 seconds
[task01_rear_handoff-3] [INFO] [1791512910.981769290] [move_group_interface]: MoveGroup action client/server ready
[move_group-1] [INFO] [1791512910.982028153] [moveit_move_group_default_capabilities.move_action_capability]: Received request
[move_group-1] [INFO] [1791512910.982102482] [moveit_move_group_default_capabilities.move_action_capability]: executing..
[task01_rear_handoff-3] [INFO] [1791512910.982153085] [move_group_interface]: Planning request accepted
[move_group-1] [INFO] [1791512910.982233862] [moveit_move_group_default_capabilities.move_action_capability]: Planning request received for MoveGroup action. Forwarding to planning pipeline.
[move_group-1] [INFO] [1791512910.982758606] [moveit.ompl_planning.model_based_planning_context]: Planner configuration 'right_arm[RRTConnectkConfigDefault]' will use planner 'geometric::RRTConnect'. Additional configuration parameters will be set when the planner is constructed.
[move_group-1] [INFO] [1791512911.025897360] [moveit_move_group_default_capabilities.move_action_capability]: Motion plan was computed successfully.
[task01_rear_handoff-3] [INFO] [1791512911.026164731] [move_group_interface]: Planning request complete!
[task01_rear_handoff-3] [INFO] [1791512911.027158840] [move_group_interface]: time taken to generate plan: 0.0355804 seconds
[task01_rear_handoff-3] [INFO] [1791512911.027282183] [move_group_interface]: MoveGroup action client/server ready
[move_group-1] [INFO] [1791512911.027465804] [moveit_move_group_default_capabilities.move_action_capability]: Received request
[move_group-1] [INFO] [1791512911.027532867] [moveit_move_group_default_capabilities.move_action_capability]: executing..
[move_group-1] [INFO] [1791512911.027619983] [moveit_move_group_default_capabilities.move_action_capability]: Planning request received for MoveGroup action. Forwarding to planning pipeline.
[task01_rear_handoff-3] [INFO] [1791512911.027578781] [move_group_interface]: Planning request accepted
[move_group-1] [INFO] [1791512911.028266343] [moveit.ompl_planning.model_based_planning_context]: Planner configuration 'right_arm[RRTConnectkConfigDefault]' will use planner 'geometric::RRTConnect'. Additional configuration parameters will be set when the planner is constructed.
[move_group-1] [INFO] [1791512911.071402101] [moveit_move_group_default_capabilities.move_action_capability]: Motion plan was computed successfully.
[task01_rear_handoff-3] [INFO] [1791512911.072622686] [move_group_interface]: Planning request complete!
[task01_rear_handoff-3] [INFO] [1791512911.073615882] [move_group_interface]: time taken to generate plan: 0.0384394 seconds
[task01_rear_handoff-3] [INFO] [1791512911.073750560] [move_group_interface]: MoveGroup action client/server ready
[move_group-1] [INFO] [1791512911.074143290] [moveit_move_group_default_capabilities.move_action_capability]: Received request
[move_group-1] [INFO] [1791512911.074236391] [moveit_move_group_default_capabilities.move_action_capability]: executing..
[task01_rear_handoff-3] [INFO] [1791512911.074291720] [move_group_interface]: Planning request accepted
[move_group-1] [INFO] [1791512911.074333909] [moveit_move_group_default_capabilities.move_action_capability]: Planning request received for MoveGroup action. Forwarding to planning pipeline.
[move_group-1] [INFO] [1791512911.074944702] [moveit.ompl_planning.model_based_planning_context]: Planner configuration 'right_arm[RRTConnectkConfigDefault]' will use planner 'geometric::RRTConnect'. Additional configuration parameters will be set when the planner is constructed.
[move_group-1] [INFO] [1791512911.121785657] [moveit_move_group_default_capabilities.move_action_capability]: Motion plan was computed successfully.
[task01_rear_handoff-3] [INFO] [1791512911.122158055] [move_group_interface]: Planning request complete!
[task01_rear_handoff-3] [INFO] [1791512911.122208477] [move_group_interface]: time taken to generate plan: 0.0423232 seconds
[task01_rear_handoff-3] [INFO] [1791512911.122315179] [move_group_interface]: MoveGroup action client/server ready
[move_group-1] [INFO] [1791512911.122463950] [moveit_move_group_default_capabilities.move_action_capability]: Received request
[move_group-1] [INFO] [1791512911.122510704] [moveit_move_group_default_capabilities.move_action_capability]: executing..
[move_group-1] [INFO] [1791512911.122569969] [moveit_move_group_default_capabilities.move_action_capability]: Planning request received for MoveGroup action. Forwarding to planning pipeline.
[task01_rear_handoff-3] [INFO] [1791512911.122632869] [move_group_interface]: Planning request accepted
[move_group-1] [INFO] [1791512911.123131703] [moveit.ompl_planning.model_based_planning_context]: Planner configuration 'right_arm[RRTConnectkConfigDefault]' will use planner 'geometric::RRTConnect'. Additional configuration parameters will be set when the planner is constructed.
[move_group-1] [INFO] [1791512911.162794914] [moveit_move_group_default_capabilities.move_action_capability]: Motion plan was computed successfully.
[task01_rear_handoff-3] [INFO] [1791512911.163101875] [move_group_interface]: Planning request complete!
[task01_rear_handoff-3] [INFO] [1791512911.163520573] [move_group_interface]: time taken to generate plan: 0.0333837 seconds
[task01_rear_handoff-3] [INFO] [1791512911.163566724] [task01_rear_handoff]: right REUSED_RIGHT_REAR_NEG_X candidates=8, shortest_joint_travel=5.375.
[task01_rear_handoff-3] [INFO] [1791512911.185208992] [task01_rear_handoff]: REUSED_REAR_CANDIDATE synchronized FCL PASS, samples=354.
[task01_rear_handoff-3] [INFO] [1791512914.966894531] [task01_rear_handoff]: left final joint-state settled: max_error=0.033 deg.
[task01_rear_handoff-3] [INFO] [1791512914.966978359] [task01_rear_handoff]: right final joint-state settled: max_error=0.308 deg.
[task01_rear_handoff-3] [INFO] [1791512915.191579915] [task01_rear_handoff]: INSERT_READY CAPTURED: step=8967 sim_stamp_ns=149450007794 rails=.750/.750; no TARGET command. TASK01 remains PARTIAL.
[INFO] [task01_rear_handoff-3]: process has finished cleanly [pid 43175]
[INFO] [launch.user]: TASK01 handoff driver exited: returncode=0; stopping owned MoveIt nodes.
[INFO] [robot_state_publisher-2]: sending signal 'SIGINT' to process[robot_state_publisher-2]
[INFO] [move_group-1]: sending signal 'SIGINT' to process[move_group-1]
[move_group-1] [INFO] [1791512915.332797837] [rclcpp]: signal_handler(SIGINT/SIGTERM)
[robot_state_publisher-2] [INFO] [1791512915.333154814] [rclcpp]: signal_handler(SIGINT/SIGTERM)
[move_group-1] [INFO] [1791512915.338788779] [moveit.ros_planning_interface.moveit_cpp]: Deleting MoveItCpp
[INFO] [robot_state_publisher-2]: process has finished cleanly [pid 43173]
[move_group-1] [INFO] [1791512915.583398213] [moveit_ros.planning_scene_monitor.planning_scene_monitor]: Stopped publishing maintained planning scene.
[move_group-1] [INFO] [1791512915.583717767] [moveit_ros.planning_scene_monitor.planning_scene_monitor]: Stopping world geometry monitor
[move_group-1] [INFO] [1791512915.583816304] [moveit_ros.planning_scene_monitor.planning_scene_monitor]: Stopping planning scene monitor
[move_group-1] Warning: class_loader.ClassLoader: SEVERE WARNING!!! Attempting to unload library while objects created by this loader exist in the heap! You should delete your objects before attempting to unload the library or destroying the ClassLoader. The library will NOT be unloaded.
[move_group-1]          at line 127 in ./src/class_loader.cpp
[move_group-1] Stack trace (most recent call last):
[move_group-1] #11   Object "", at 0xffffffffffffffff, in 
[move_group-1] #10   Object "/opt/ros/humble/lib/moveit_ros_move_group/move_group", at 0x62708e8c1724, in 
[move_group-1] #9    Source "../csu/libc-start.c", line 392, in __libc_start_main_impl [0x7c628d029e3f]
[move_group-1] #8    Source "../sysdeps/nptl/libc_start_call_main.h", line 58, in __libc_start_call_main [0x7c628d029d8f]
[move_group-1] #7    Object "/opt/ros/humble/lib/moveit_ros_move_group/move_group", at 0x62708e8c06a1, in 
[move_group-1] #6    Object "/opt/ros/humble/lib/moveit_ros_move_group/move_group", at 0x62708e8c2709, in 
[move_group-1] #5    Object "/opt/ros/humble/lib/librclcpp.so", at 0x7c628d938b2e, in rclcpp::Node::~Node()
[move_group-1] #4    Object "/opt/ros/humble/lib/librclcpp.so", at 0x7c628d913d39, in 
[move_group-1] #3    Object "/opt/ros/humble/lib/librclcpp.so", at 0x7c628d9420b9, in 
[move_group-1] #2    Object "/opt/ros/humble/lib/librclcpp.so", at 0x7c628d942000, in rclcpp::node_interfaces::NodeBase::~NodeBase()
[move_group-1] #1    Object "/opt/ros/humble/lib/librclcpp.so", at 0x7c628d913d39, in 
[move_group-1] #0    Object "/opt/ros/humble/lib/librclcpp.so", at 0x7c628d918b31, in rclcpp::CallbackGroup::~CallbackGroup()
[move_group-1] Segmentation fault (Address not mapped to object [0x7c627430f850])
[ERROR] [move_group-1]: process has died [pid 43171, exit code -11, cmd '/opt/ros/humble/lib/moveit_ros_move_group/move_group --ros-args -r __node:=move_group --params-file /tmp/launch_params_jrvvd4h0 --params-file /tmp/launch_params_hud26cxv --params-file /tmp/launch_params_939m48cf --params-file /tmp/launch_params_6y0u6c4z --params-file /tmp/launch_params_1eriq0rt'].
[move_group-1] [0m

Script done on 2026-10-09 10:28:36+08:00 [COMMAND_EXIT_CODE="0"]
