[ 13%] Building CXX object CMakeFiles/task04_projection.dir/home/ubuntu2004/lmy/dual-arm-coordinated-manipulation-reproduction/baselines/p4_closed_chain/projection.cpp.o
[ 13%] Building CXX object task03_reuse/CMakeFiles/task03_model_adapter.dir/model_adapter.cpp.o
[ 20%] Linking CXX static library libtask03_model_adapter.a
[ 20%] Built target task03_model_adapter
[ 26%] Building CXX object task03_reuse/CMakeFiles/task03_math_test.dir/home/ubuntu2004/lmy/dual-arm-coordinated-manipulation-reproduction/tests/task03_closure_math.cpp.o
[ 33%] Linking CXX static library libtask04_projection.a
[ 33%] Built target task04_projection
[ 40%] Building CXX object task03_reuse/CMakeFiles/task03_math_test.dir/home/ubuntu2004/lmy/dual-arm-coordinated-manipulation-reproduction/baselines/p4_closed_chain/closure.cpp.o
[ 46%] Building CXX object CMakeFiles/task04_projection_math.dir/home/ubuntu2004/lmy/dual-arm-coordinated-manipulation-reproduction/tests/task04_projection_math.cpp.o
[ 53%] Linking CXX executable task03_math_test
[ 53%] Built target task03_math_test
[ 60%] Building CXX object CMakeFiles/task04_model_test.dir/model_test.cpp.o
[ 66%] Linking CXX executable task04_projection_math
[ 66%] Built target task04_projection_math
[ 73%] Building CXX object task03_reuse/CMakeFiles/task03_model_test.dir/model_test.cpp.o
[ 80%] Building CXX object CMakeFiles/task04_model_test.dir/home/ubuntu2004/lmy/dual-arm-coordinated-manipulation-reproduction/baselines/p4_closed_chain/closure.cpp.o
[ 86%] Building CXX object task03_reuse/CMakeFiles/task03_model_test.dir/home/ubuntu2004/lmy/dual-arm-coordinated-manipulation-reproduction/baselines/p4_closed_chain/closure.cpp.o
[ 93%] Linking CXX executable task04_model_test
[ 93%] Built target task04_model_test
[100%] Linking CXX executable task03_model_test
[100%] Built target task03_model_test
