test_all_command_types_and_stable_round_trip (test_task02_exchange_logging.ExchangeContractTest) ... ok
test_command_deadline_cannot_mix_clocks_or_reverse (test_task02_exchange_logging.ExchangeContractTest) ... ok
test_commands_have_no_execution_side_effects (test_task02_exchange_logging.ExchangeContractTest) ... ok
test_confirmation_requires_observation_evidence_and_same_attachment (test_task02_exchange_logging.ExchangeContractTest) ... ok
test_event_backward_time_step_duplicate_and_failed_reason (test_task02_exchange_logging.ExchangeContractTest) ... ok
test_four_result_statuses_and_metadata_round_trip (test_task02_exchange_logging.ExchangeContractTest) ... ok
test_legacy_events_and_stage_remain_planned_relative (test_task02_exchange_logging.ExchangeContractTest) ... ok
test_planned_observed_confirmed_are_distinct_and_clock_domains_not_compared (test_task02_exchange_logging.ExchangeContractTest) ... ok
test_suction_on_never_implicitly_attaches (test_task02_exchange_logging.ExchangeContractTest) ... ok
test_unknown_wire_enum_schema_and_fields_rejected (test_task02_exchange_logging.ExchangeContractTest) ... ok
test_wrong_units_and_target_union_rejected (test_task02_exchange_logging.ExchangeContractTest) ... ok
test_exception_leaves_aborted_result_and_propagates (test_task02_exchange_logging.FileLoggerTest) ... ok
test_failure_result_and_existing_events_are_preserved (test_task02_exchange_logging.FileLoggerTest) ... ok
test_no_legacy_state_or_run_qualification_upgrade (test_task02_exchange_logging.FileLoggerTest) ... ok
test_path_escape_existing_run_and_finished_writes_rejected (test_task02_exchange_logging.FileLoggerTest) ... ok
test_same_input_produces_identical_file_formats (test_task02_exchange_logging.FileLoggerTest) ... ok
test_source_command_and_run_identity_checks (test_task02_exchange_logging.FileLoggerTest) ... ok
test_success_logs_metadata_commands_events_states_artifacts_and_seed (test_task02_exchange_logging.FileLoggerTest) ... ok
test_unfinished_context_is_incomplete_not_success (test_task02_exchange_logging.FileLoggerTest) ... ok
test_asset_hash_guard_pass_and_mismatch (test_task02_foundation_interface.FoundationInterfaceTest) ... ok
test_asset_path_escape_and_empty_set_rejected (test_task02_foundation_interface.FoundationInterfaceTest) ... ok
test_callbacks_errors_are_preserved_not_claimed_as_safety (test_task02_foundation_interface.FoundationInterfaceTest) ... ok
test_failed_envelope_is_not_a_snapshot (test_task02_foundation_interface.FoundationInterfaceTest) ... ok
test_joint_identity_not_array_position_controls_mapping (test_task02_foundation_interface.FoundationInterfaceTest) ... ok
test_legacy_clock_is_not_upgraded (test_task02_foundation_interface.FoundationInterfaceTest) ... ok
test_manifest_keeps_engineering_qualification_separate (test_task02_foundation_interface.FoundationInterfaceTest) ... ok
test_missing_or_duplicate_joint_identity_rejected (test_task02_foundation_interface.FoundationInterfaceTest) ... ok
test_native_wxyz_is_explicitly_converted (test_task02_foundation_interface.FoundationInterfaceTest) ... ok
test_no_object_identity_guessing (test_task02_foundation_interface.FoundationInterfaceTest) ... ok
test_q_length_nan_inf_and_boolean_rejected (test_task02_foundation_interface.FoundationInterfaceTest) ... ok
test_real_post_step_contract_requires_both_native_fields (test_task02_foundation_interface.FoundationInterfaceTest) ... ok
test_real_success_snapshot_preserves_values_and_sources (test_task02_foundation_interface.FoundationInterfaceTest) ... ok
test_wrong_frame_or_invalid_pose_rejected (test_task02_foundation_interface.FoundationInterfaceTest) ... ok
test_collision_distance_round_trip_signed_convention (test_task02_measurements.MeasurementContractTest) ... ok
test_contact_wrench_round_trip_explicit_reference_and_units (test_task02_measurements.MeasurementContractTest) ... ok
test_contracts_and_metric_calls_have_no_execution_side_effects (test_task02_measurements.MeasurementContractTest) ... ok
test_historical_task02a_snapshot_is_compatibility_only (test_task02_measurements.MeasurementContractTest) ... ok
test_invalid_payloads_are_unavailable_not_zero (test_task02_measurements.MeasurementContractTest) ... ok
test_missing_valid_distance_fields_rejected (test_task02_measurements.MeasurementContractTest) ... ok
test_missing_valid_wrench_fields_rejected (test_task02_measurements.MeasurementContractTest) ... ok
test_nonfinite_bool_wrong_dimension_and_units_rejected (test_task02_measurements.MeasurementContractTest) ... ok
test_post_step_clock_and_legacy_promotion_guards (test_task02_measurements.MeasurementContractTest) ... ok
test_strict_wire_fields_and_qualification_round_trip (test_task02_measurements.MeasurementContractTest) ... ok
test_validity_and_evidence_qualification_are_explicit (test_task02_measurements.MeasurementContractTest) ... ok
test_cross_adapter_progress_lateral_orientation_and_no_real_duration (test_task02_metrics.InsertionMetricTest) ... ok
test_declared_qualified_clock_branch_test_double_only (test_task02_metrics.InsertionMetricTest) ... ok
test_incomplete_endpoint_window_does_not_claim_duration (test_task02_metrics.InsertionMetricTest) ... ok
test_insertion_unqualified_frame_session_duplicate_and_unavailable (test_task02_metrics.InsertionMetricTest) ... ok
test_invalid_measurement_can_report_unavailable_without_zero_fill (test_task02_metrics.MeasurementContractTest) ... ok
test_legacy_synthetic_promotion_or_unqualified_clock_rejected (test_task02_metrics.MeasurementContractTest) ... ok
test_valid_payload_point_units_ids_and_finite_validation (test_task02_metrics.MeasurementContractTest) ... ok
test_wrench_and_signed_distance_serialization (test_task02_metrics.MeasurementContractTest) ... ok
test_continuous_error_max_rms_and_different_sample_counts (test_task02_metrics.PureMetricMathTest) ... ok
test_explicit_axis_projection_lateral_negative_and_overshoot (test_task02_metrics.PureMetricMathTest) ... ok
test_known_fixed_translation_and_rotation (test_task02_metrics.PureMetricMathTest) ... ok
test_task14_initial_relative_and_midpoint_definitions (test_task02_metrics.PureMetricMathTest) ... ok
test_vector_lengths_are_checked_before_subtraction (test_task02_metrics.PureMetricMathTest) ... ok
test_zero_position_orientation_and_quaternion_sign (test_task02_metrics.PureMetricMathTest) ... ok
test_adapter_bad_fields_units_quaternion_and_nonfinite_rejected (test_task02_metrics.SyntheticAdapterMetricTest) ... ok
test_constant_initial_midpoint_offset_is_not_failure (test_task02_metrics.SyntheticAdapterMetricTest) ... ok
test_continuous_object_error_max_rms_and_roundtrip (test_task02_metrics.SyntheticAdapterMetricTest) ... ok
test_different_sample_counts_and_empty_summary (test_task02_metrics.SyntheticAdapterMetricTest) ... ok
test_duplicate_and_reversed_clocks_and_entity_changes (test_task02_metrics.SyntheticAdapterMetricTest) ... ok
test_each_channel_reversal_and_duplicate_do_not_hide_step_reversal (test_task02_metrics.SyntheticAdapterMetricTest) ... ok
test_explicit_timestamp_skew_policy_and_physics_step_rejection (test_task02_metrics.SyntheticAdapterMetricTest) ... ok
test_fixed_orientation_uses_first_accepted_reference (test_task02_metrics.SyntheticAdapterMetricTest) ... ok
test_fixed_translation_rmse_not_relative_geometry_error (test_task02_metrics.SyntheticAdapterMetricTest) ... ok
test_frame_domain_session_and_qualification_reject_series (test_task02_metrics.SyntheticAdapterMetricTest) ... ok
test_invalid_and_unavailable_samples_rejected_without_zero_fill (test_task02_metrics.SyntheticAdapterMetricTest) ... ok
test_pure_calculation_has_no_process_network_or_controller_side_effect (test_task02_metrics.SyntheticAdapterMetricTest) ... ok
test_reference_is_first_valid_sample_and_missing_counted (test_task02_metrics.SyntheticAdapterMetricTest) ... ok
test_two_independent_adapters_zero_error (test_task02_metrics.SyntheticAdapterMetricTest) ... ok

----------------------------------------------------------------------
Ran 72 tests in 2.675s

OK
