Starting kit application with the following args:  ['/home/ubuntu2004/isaacsim-4.5.0/exts/isaacsim.simulation_app/isaacsim/simulation_app/simulation_app.py', '/home/ubuntu2004/isaacsim-4.5.0/apps/isaacsim.exp.base.python.kit', '--/app/tokens/exe-path=/home/ubuntu2004/isaacsim-4.5.0/kit', '--/persistent/app/viewport/displayOptions=3094', '--/rtx/materialDb/syncLoads=False', '--/rtx/hydra/materialSyncLoads=False', '--/omni.kit.plugin/syncUsdLoads=False', '--/app/renderer/resolution/width=1280', '--/app/renderer/resolution/height=960', '--/app/window/width=1440', '--/app/window/height=900', '--/renderer/multiGpu/enabled=False', '--/app/fastShutdown=True', '--/app/installSignalHandlers=0', '--ext-folder', '/home/ubuntu2004/isaacsim-4.5.0/exts', '--ext-folder', '/home/ubuntu2004/isaacsim-4.5.0/apps', '--/physics/cudaDevice=0', '--portable']
Passing the following args to the base kit application:  ['--output-dir', 'results/20261008_TASK01_critical_safety_command_rerun/raw']
[Info] [carb] Logging to file: /home/ubuntu2004/isaacsim-4.5.0/kit/logs/Kit/Isaac-Sim Python/4.5/kit_20261008_155342.log
2026-10-08 07:53:42 [0ms] [Warning] [omni.kit.app.plugin] No crash reporter present, dumps uploading isn't available.
[0.047s] [ext: omni.kit.async_engine-0.0.1] startup
[0.512s] [ext: omni.metrics.core-0.0.1] startup
[0.512s] [ext: omni.client.lib-1.0.0] startup
[0.534s] [ext: omni.blobkey-1.1.2] startup
[0.535s] [ext: omni.stats-1.0.1] startup
[0.535s] [ext: omni.datastore-0.0.0] startup
[0.540s] [ext: omni.client-1.2.2] startup
[0.543s] [ext: omni.ujitso.default-1.0.0] startup
[0.545s] [ext: omni.hsscclient-1.1.1] startup
2026-10-08 07:53:43 [537ms] [Warning] [omni.datastore] OmniHub is inaccessible
[0.548s] [ext: omni.gpu_foundation.shadercache.vulkan-1.0.0] startup
[0.550s] [ext: omni.assets.plugins-0.0.0] startup
[0.551s] [ext: omni.gpu_foundation-0.0.0] startup
[0.557s] [ext: carb.windowing.plugins-1.0.0] startup
[0.562s] [ext: omni.kit.renderer.init-0.0.0] startup

|---------------------------------------------------------------------------------------------|
| Driver Version: 580.178.04    | Graphics API: Vulkan
|=============================================================================================|
| GPU | Name                             | Active | LDA | GPU Memory | Vendor-ID | LUID       |
|     |                                  |        |     |            | Device-ID | UUID       |
|     |                                  |        |     |            | Bus-ID    |            |
|---------------------------------------------------------------------------------------------|
| 0   | NVIDIA GeForce RTX 3070          | Yes: 0 |     | 8438    MB | 10de      | 0          |
|     |                                  |        |     |            | 2488      | ba060710.. |
|     |                                  |        |     |            | 1         |            |
|=============================================================================================|
| OS: 22.04.5 LTS (Jammy Jellyfish) ubuntu, Version: 22.04.5, Kernel: 6.8.0-138-generic
| XServer Vendor: The X.Org Foundation, XServer Version: 12101004 (1.21.1.4)
| Processor: Intel(R) Core(TM) i7-10700F CPU @ 2.90GHz
| Cores: 8 | Logical Cores: 16
|---------------------------------------------------------------------------------------------|
| Total Memory (MB): 48107 | Free Memory: 39093
| Total Page/Swap (MB): 2047 | Free Page/Swap: 2047
|---------------------------------------------------------------------------------------------|
[1.225s] [ext: omni.kit.pipapi-0.0.0] startup
[1.226s] [ext: omni.kit.pip_archive-0.0.0] startup
[1.226s] [ext: omni.pip.compute-1.4.5] startup
[1.227s] [ext: omni.materialx.libs-1.0.6] startup
[1.234s] [ext: omni.kit.telemetry-0.5.1] startup
[1.251s] [ext: omni.pip.cloud-1.1.7] startup
[1.255s] [ext: omni.isaac.core_archive-2.3.3] startup
[1.255s] [ext: omni.usd.config-1.0.5] startup
[1.259s] [ext: omni.gpucompute.plugins-0.0.0] startup
[1.260s] [ext: omni.usd.libs-1.0.1] startup
[1.340s] [ext: omni.isaac.ml_archive-2.1.2] startup
[1.340s] [ext: omni.mdl-55.0.1] startup
[1.360s] [ext: omni.iray.libs-0.0.0] startup
[1.364s] [ext: omni.mdl.neuraylib-0.2.10] startup
[1.366s] [ext: omni.kit.usd.mdl-1.0.7] startup
[1.470s] [ext: omni.kit.loop-isaac-1.2.1] startup
[1.470s] [ext: omni.kit.test-1.1.2] startup
[1.516s] [ext: omni.appwindow-1.1.9] startup
[1.869s] [ext: omni.kit.renderer.core-1.0.2] startup
[2.618s] [ext: omni.kit.renderer.capture-0.0.0] startup
[2.621s] [ext: omni.kit.renderer.imgui-1.0.2] startup
[2.728s] [ext: omni.ui-2.26.5] startup
[2.738s] [ext: omni.kit.mainwindow-1.0.3] startup
[2.739s] [ext: carb.audio-0.1.0] startup
[2.741s] [ext: omni.uiaudio-1.0.0] startup
[2.742s] [ext: omni.kit.uiapp-0.0.0] startup
[2.742s] [ext: omni.usd.schema.metrics.assembler-106.5.0] startup
[2.751s] [ext: omni.usd.schema.anim-0.0.0] startup
[2.772s] [ext: omni.usd.schema.isaac-3.0.2] startup
[2.772s] [ext: omni.usd.schema.geospatial-0.0.0] startup
[2.774s] [ext: omni.usd.schema.physx-106.5.7] startup
[2.803s] [ext: omni.usd.schema.audio-0.0.0] startup
[2.806s] [ext: omni.usd.schema.semantics-0.0.0] startup
[2.809s] [ext: omni.usd_resolver-1.0.0] startup
[2.812s] [ext: usdrt.scenegraph-7.5.1] startup
[2.851s] [ext: omni.kit.actions.core-1.0.0] startup
[2.853s] [ext: omni.timeline-1.0.11] startup
[2.854s] [ext: omni.usd.core-1.4.2] startup
[2.857s] [ext: omni.resourcemonitor-107.0.0] startup
[2.859s] [ext: omni.activity.core-1.0.1] startup
[2.860s] [ext: omni.kit.audiodeviceenum-1.0.1] startup
[2.861s] [ext: omni.hydra.usdrt_delegate-7.5.1] startup
[2.871s] [ext: omni.graph.exec-0.9.4] startup
[2.871s] [ext: omni.kit.window.popup_dialog-2.0.24] startup
[2.875s] [ext: omni.kit.exec.core-0.13.4] startup
[2.877s] [ext: omni.kit.widget.nucleus_connector-1.1.10] startup
[2.879s] [ext: omni.kit.usd_undo-0.1.8] startup
[2.879s] [ext: omni.kit.commands-1.4.9] startup
[2.882s] [ext: omni.hydra.scene_delegate-0.3.3] startup
[2.887s] [ext: omni.usd-1.12.4] startup
[2.923s] [ext: omni.kit.asset_converter-2.8.3] startup
[2.934s] [ext: omni.usd.schema.omniscripting-1.0.0] startup
[2.939s] [ext: omni.usd.schema.omnigraph-1.0.0] startup
[2.945s] [ext: omni.usd.schema.forcefield-106.5.7] startup
[2.950s] [ext: isaacsim.robot.schema-3.1.2] startup
[2.958s] [ext: omni.inspect-1.0.1] startup
[2.959s] [ext: omni.kit.notification_manager-1.0.9] startup
[2.960s] [ext: omni.graph.core-2.181.8] startup
[2.963s] [ext: isaacsim.core.deprecation_manager-0.2.2] startup
[2.963s] [ext: omni.index.libs-380600.1777.0] startup
[2.963s] [ext: omni.ujitso.processor.texture-1.0.0] startup
[2.964s] [ext: omni.index-1.0.1] startup
[2.965s] [ext: omni.kit.widget.path_field-2.0.11] startup
[2.966s] [ext: omni.volume-0.5.0] startup
[2.971s] [ext: omni.ujitso.client-0.0.0] startup
[2.971s] [ext: omni.hydra.rtx.shadercache.vulkan-1.0.0] startup
[2.972s] [ext: omni.kit.widget.browser_bar-2.0.10] startup
[2.973s] [ext: omni.kit.clipboard-1.0.5] startup
[2.973s] [ext: omni.hydra.rtx-1.0.0] startup
2026-10-08 07:53:45 [2,973ms] [Warning] [omni.log] Source: omni.hydra was already registered.
[2.996s] [ext: omni.kit.viewport.registry-104.0.6] startup
[2.997s] [ext: omni.kit.helper.file_utils-0.1.9] startup
[2.998s] [ext: omni.kit.widget.options_menu-1.1.6] startup
[3.001s] [ext: omni.kit.menu.core-1.1.2] startup
[3.002s] [ext: omni.kit.widget.filebrowser-2.10.52] startup
[3.006s] [ext: omni.ui.scene-1.11.2] startup
[3.011s] [ext: omni.kit.widget.options_button-1.0.3] startup
[3.011s] [ext: omni.kit.widget.context_menu-1.2.4] startup
[3.012s] [ext: omni.kit.viewport.legacy_gizmos-1.0.16] startup
[3.015s] [ext: omni.kit.usd.layers-2.2.0] startup
[3.023s] [ext: omni.kit.window.filepicker-2.11.7] startup
[3.035s] [ext: omni.kit.hydra_texture-1.4.0] startup
[3.039s] [ext: omni.kit.viewport.scene_camera_model-1.0.5] startup
[3.044s] [ext: omni.kit.context_menu-1.8.3] startup
[3.046s] [ext: omni.kit.window.file_importer-1.1.14] startup
[3.048s] [ext: omni.kit.menu.utils-1.7.7] startup
[3.055s] [ext: omni.kit.widget.viewport-107.0.7] startup
[3.059s] [ext: omni.kit.window.drop_support-1.0.4] startup
[3.059s] [ext: omni.kit.raycast.query-1.0.5] startup
[3.065s] [ext: omni.kit.material.library-1.5.15] startup
[3.069s] [ext: omni.hydra.engine.stats-1.0.3] startup
[3.071s] [ext: omni.kit.viewport.window-107.0.8] startup
[3.090s] [ext: omni.warp.core-1.5.0] startup
[3.361s] [ext: omni.kit.viewport.utility-1.0.18] startup
[3.362s] [ext: omni.kit.hotkeys.core-1.3.10] startup
[3.363s] [ext: omni.kit.widget.prompt-1.0.7] startup
[3.364s] [ext: omni.kit.usd.collect-2.2.22] startup
[3.366s] [ext: omni.kit.window.content_browser_registry-0.0.6] startup
[3.367s] [ext: omni.graph.tools-1.79.1] startup
[3.389s] [ext: omni.kit.window.file_exporter-1.0.31] startup
[3.390s] [ext: omni.kit.stage_template.core-1.1.22] startup
[3.391s] [ext: omni.graph.image.core-0.6.0] startup
[3.392s] [ext: omni.graph.action_core-1.1.7] startup
[3.395s] [ext: omni.graph-1.140.2] startup
[3.439s] [ext: omni.kit.window.file-1.3.57] startup
[3.443s] [ext: omni.kit.widget.filter-1.1.4] startup
[3.444s] [ext: omni.graph.image.nodes-1.3.0] startup
[3.448s] [ext: omni.graph.action_nodes-1.40.1] startup
[3.452s] [ext: omni.kit.window.content_browser-2.10.3] startup
[3.478s] [ext: omni.kvdb-106.5.7] startup
[3.481s] [ext: omni.graph.action-1.120.0] startup
[3.481s] [ext: omni.kit.tool.collect-2.2.16] startup
[3.487s] [ext: omni.graph.nodes-1.162.1] startup
[3.505s] [ext: omni.kit.widget.searchfield-1.1.8] startup
[3.516s] [ext: omni.localcache-106.5.7] startup
[3.519s] [ext: omni.convexdecomposition-106.5.7] startup
[3.525s] [ext: omni.kit.widget.stage_icons-1.0.6] startup
[3.526s] [ext: omni.kit.widget.stage-2.11.6] startup
[3.538s] [ext: omni.usdphysics-106.5.7] startup
[3.542s] [ext: omni.physx.foundation-106.5.7] startup
[3.544s] [ext: omni.physics.tensors-106.5.7] startup
[3.552s] [ext: omni.kit.window.stage-2.5.11] startup
[3.556s] [ext: omni.kit.property.adapter.core-1.0.2] startup
[3.559s] [ext: omni.physx.cooking-106.5.7] startup
[3.569s] [ext: omni.kit.widget.zoombar-1.0.5] startup
[3.570s] [ext: omni.kit.widget.highlight_label-1.0.3] startup
[3.571s] [ext: omni.kit.property.adapter.usd-1.0.2] startup
[3.573s] [ext: omni.kit.property.adapter.fabric-1.0.3] startup
[3.575s] [ext: omni.physx-106.5.7] startup
[3.589s] [ext: omni.kit.browser.core-2.3.11] startup
[3.594s] [ext: omni.kit.window.property-1.11.5] startup
[3.597s] [ext: omni.kit.widget.text_editor-1.0.2] startup
[3.599s] [ext: omni.kit.property.usd-4.2.16] startup
[3.608s] [ext: omni.physx.tensors-106.5.7] startup
[3.615s] [ext: omni.kit.menu.stage-1.2.5] startup
[3.616s] [ext: omni.kit.browser.folder.core-1.10.1] startup
[3.623s] [ext: omni.warp-1.5.0] startup
[3.629s] [ext: isaacsim.examples.browser-0.1.8] startup
[3.636s] [ext: omni.physx.stageupdate-106.5.7] startup
[3.640s] [ext: omni.kit.numpy.common-0.1.2] startup
[3.643s] [ext: isaacsim.core.version-2.0.2] startup
[3.645s] [ext: omni.isaac.dynamic_control-1.3.15] startup
2026-10-08 07:53:46 [3,648ms] [Warning] [omni.isaac.dynamic_control] omni.isaac.dynamic_control is deprecated as of Isaac Sim 4.5. No action is needed from end-users.
[3.657s] [ext: isaacsim.storage.native-1.0.6] startup
[3.662s] [ext: omni.kit.menu.create-1.0.17] startup
[3.672s] [ext: isaacsim.core.utils-2.2.8] startup
[3.677s] [ext: omni.kit.widget.searchable_combobox-1.0.6] startup
[3.693s] [ext: omni.kit.primitive.mesh-1.0.17] startup
[3.705s] [ext: isaacsim.core.simulation_manager-0.3.3] startup
[5.152s] [ext: omni.kit.scripting-106.5.2] startup
[5.158s] [ext: omni.kit.stage_templates-1.2.6] startup
[5.161s] [ext: isaacsim.core.prims-0.3.7] startup
[5.183s] [ext: isaacsim.replicator.behavior-1.0.8] startup
[5.185s] [ext: isaacsim.core.api-4.2.16] startup
[5.196s] [ext: omni.ui_query-1.1.7] startup
[5.199s] [ext: omni.kit.manipulator.viewport-107.0.1] startup
[5.201s] [ext: omni.kit.ui_test-1.3.3] startup
[5.203s] [ext: omni.kit.window.extensions-1.4.25] startup
[5.209s] [ext: omni.graph.visualization.nodes-2.1.1] startup
[5.215s] [ext: omni.kit.tool.asset_importer-2.12.2] startup
[5.232s] [ext: isaacsim.gui.components-1.0.9] startup
[5.238s] [ext: omni.kit.widget.settings-1.2.2] startup
[5.243s] [ext: omni.kit.widget.graph-1.12.17] startup
[5.248s] [ext: omni.kit.window.preferences-1.7.0] startup
[5.255s] [ext: omni.kit.graph.delegate.default-1.2.2] startup
[5.256s] [ext: omni.kit.viewport.menubar.core-107.1.2] startup
[5.270s] [ext: omni.kit.widget.material_preview-1.0.16] startup
[5.273s] [ext: omni.kit.graph.usd.commands-1.3.1] startup
[5.274s] [ext: omni.kit.graph.editor.core-1.5.3] startup
[5.277s] [ext: omni.syntheticdata-0.6.10] startup
[5.312s] [ext: omni.kit.window.material_graph-1.8.19] startup
[5.347s] [ext: omni.graph.scriptnode-1.40.1] startup
[5.349s] [ext: isaacsim.core.cloner-1.3.4] startup
[5.352s] [ext: omni.replicator.core-1.11.35] startup
Warp 1.5.0 initialized:
   CUDA Toolkit 11.8, Driver 13.0
   Devices:
     "cpu"      : "x86_64"
     "cuda:0"   : "NVIDIA GeForce RTX 3070" (8 GiB, sm_86, mempool enabled)
   Kernel cache:
     /home/ubuntu2004/.cache/warp/1.5.0
2026-10-08 07:53:47 [5,438ms] [Warning] [omni.replicator.core.scripts.extension] No material configuration file, adding configuration to material settings directly.
[5.449s] [ext: omni.isaac.cloner-1.0.2] startup
2026-10-08 07:53:47 [5,443ms] [Warning] [omni.isaac.cloner] omni.isaac.cloner has been deprecated in favor of isaacsim.core.cloner. Please update your code accordingly.
[5.452s] [ext: isaacsim.core.nodes-2.1.4] startup
[5.463s] [ext: isaacsim.asset.importer.urdf-2.3.10] startup
[5.604s] [ext: omni.isaac.core-4.0.3] startup
2026-10-08 07:53:48 [5,600ms] [Warning] [omni.isaac.core.physics_context.physics_context] omni.isaac.core.physics_context.physics_context has been deprecated in favor of isaacsim.core.api.physics_context.physics_context. Please update your code accordingly.
2026-10-08 07:53:48 [5,603ms] [Warning] [omni.isaac.core.simulation_context.simulation_context] omni.isaac.core.simulation_context.simulation_context has been deprecated in favor of isaacsim.core.api.simulation_context.simulation_context. Please update your code accordingly.
2026-10-08 07:53:48 [5,605ms] [Warning] [omni.isaac.core.world.world] omni.isaac.core.world.world has been deprecated in favor of isaacsim.core.api.world.world. Please update your code accordingly.
2026-10-08 07:53:48 [5,605ms] [Warning] [omni.isaac.core] omni.isaac.core has been deprecated in favor of isaacsim.core.api. Please update your code accordingly.
[5.615s] [ext: omni.isaac.core_nodes-2.0.2] startup
2026-10-08 07:53:48 [5,615ms] [Warning] [omni.isaac.core_nodes] omni.isaac.core_nodes has been deprecated in favor of isaacsim.core.nodes. Please update your code accordingly.
[5.625s] [ext: omni.anim.curve.core-1.2.0] startup
[5.655s] [ext: isaacsim.robot_motion.lula-4.0.4] startup
[5.664s] [ext: isaacsim.asset.importer.mjcf-2.3.3] startup
[5.674s] [ext: isaacsim.robot_motion.motion_generation-8.0.6] startup
[5.686s] [ext: isaacsim.asset.browser-1.3.4] startup
[5.791s] [ext: isaacsim.robot.surface_gripper-2.0.6] startup
[5.795s] [ext: omni.kit.selection-0.1.5] startup
[5.799s] [ext: isaacsim.robot_motion.lula_test_widget-1.0.5] startup
[5.804s] [ext: omni.isaac.assets_check-0.3.9] startup
2026-10-08 07:53:48 [5,798ms] [Warning] [omni.isaac.assets_check] omni.isaac.assets_check has been deprecated in favor of isaacsim.asset.browser. Please update your code accordingly.
[5.806s] [ext: isaacsim.robot.manipulators-3.0.4] startup
[5.813s] [ext: isaacsim.sensors.physics-0.3.5] startup
[5.820s] [ext: isaacsim.gui.menu-2.0.9] startup
[5.843s] [ext: omni.isaac.lula_test_widget-1.0.2] startup
2026-10-08 07:53:48 [5,837ms] [Warning] [omni.isaac.lula_test_widget] omni.isaac.lula_test_widget has been deprecated in favor of isaacsim.robot_motion.lula_test_widget. Please update your code accordingly.
[5.845s] [ext: omni.sensors.nv.common-2.5.0-coreapi] startup
[5.858s] [ext: omni.isaac.manipulators-3.0.3] startup
2026-10-08 07:53:48 [5,851ms] [Warning] [omni.isaac.manipulators] omni.isaac.manipulators has been deprecated in favor of isaacsim.robot.manipulators. Please update your code accordingly.
2026-10-08 07:53:48 [5,851ms] [Warning] [omni.isaac.manipulators.controllers] omni.isaac.manipulators has been deprecated in favor of isaacsim.robot.manipulators. Please update your code accordingly.
2026-10-08 07:53:48 [5,851ms] [Warning] [omni.isaac.manipulators.controllers.pick_place_controller] omni.isaac.manipulators has been deprecated in favor of isaacsim.robot.manipulators. Please update your code accordingly.
2026-10-08 07:53:48 [5,852ms] [Warning] [omni.isaac.manipulators.controllers.stacking_controller] omni.isaac.manipulators has been deprecated in favor of isaacsim.robot.manipulators. Please update your code accordingly.
2026-10-08 07:53:48 [5,852ms] [Warning] [omni.isaac.manipulators.grippers] omni.isaac.manipulators has been deprecated in favor of isaacsim.robot.manipulators. Please update your code accordingly.
2026-10-08 07:53:48 [5,852ms] [Warning] [omni.isaac.manipulators.grippers.gripper] omni.isaac.manipulators has been deprecated in favor of isaacsim.robot.manipulators. Please update your code accordingly.
2026-10-08 07:53:48 [5,852ms] [Warning] [omni.isaac.manipulators.grippers.parallel_gripper] omni.isaac.manipulators has been deprecated in favor of isaacsim.robot.manipulators. Please update your code accordingly.
2026-10-08 07:53:48 [5,852ms] [Warning] [omni.isaac.manipulators.grippers.surface_gripper] omni.isaac.manipulators has been deprecated in favor of isaacsim.robot.manipulators. Please update your code accordingly.
2026-10-08 07:53:48 [5,852ms] [Warning] [omni.isaac.manipulators.manipulators] omni.isaac.manipulators has been deprecated in favor of isaacsim.robot.manipulators. Please update your code accordingly.
2026-10-08 07:53:48 [5,853ms] [Warning] [omni.isaac.manipulators.manipulators.single_manipulator] omni.isaac.manipulators has been deprecated in favor of isaacsim.robot.manipulators. Please update your code accordingly.
[5.861s] [ext: isaacsim.robot.policy.examples-4.0.3] startup
[5.864s] [ext: omni.isaac.menu-1.0.2] startup
2026-10-08 07:53:48 [5,858ms] [Warning] [omni.isaac.menu] omni.isaac.menu has been deprecated in favor of isaacsim.gui.menu. Please update your code accordingly.
[5.866s] [ext: omni.isaac.motion_generation-8.0.2] startup
2026-10-08 07:53:48 [5,861ms] [Warning] [omni.isaac.motion_generation] omni.isaac.motion_generation has been deprecated in favor of isaacsim.robot_motion.motion_generation. Please update your code accordingly.
2026-10-08 07:53:48 [5,861ms] [Warning] [omni.isaac.motion_generation.articulation_kinematics_solver] omni.isaac.motion_generation has been deprecated in favor of isaacsim.robot_motion.motion_generation. Please update your code accordingly.
2026-10-08 07:53:48 [5,861ms] [Warning] [omni.isaac.motion_generation.articulation_motion_policy] omni.isaac.motion_generation has been deprecated in favor of isaacsim.robot_motion.motion_generation. Please update your code accordingly.
2026-10-08 07:53:48 [5,863ms] [Warning] [omni.isaac.motion_generation.articulation_trajectory] omni.isaac.motion_generation has been deprecated in favor of isaacsim.robot_motion.motion_generation. Please update your code accordingly.
2026-10-08 07:53:48 [5,863ms] [Warning] [omni.isaac.motion_generation.kinematics_interface] omni.isaac.motion_generation has been deprecated in favor of isaacsim.robot_motion.motion_generation. Please update your code accordingly.
2026-10-08 07:53:48 [5,864ms] [Warning] [omni.isaac.motion_generation.lula] omni.isaac.motion_generation has been deprecated in favor of isaacsim.robot_motion.motion_generation. Please update your code accordingly.
2026-10-08 07:53:48 [5,864ms] [Warning] [omni.isaac.motion_generation.lula.kinematics] omni.isaac.motion_generation has been deprecated in favor of isaacsim.robot_motion.motion_generation. Please update your code accordingly.
2026-10-08 07:53:48 [5,864ms] [Warning] [omni.isaac.motion_generation.lula.motion_policies] omni.isaac.motion_generation has been deprecated in favor of isaacsim.robot_motion.motion_generation. Please update your code accordingly.
2026-10-08 07:53:48 [5,864ms] [Warning] [omni.isaac.motion_generation.lula.path_planners] omni.isaac.motion_generation has been deprecated in favor of isaacsim.robot_motion.motion_generation. Please update your code accordingly.
2026-10-08 07:53:48 [5,864ms] [Warning] [omni.isaac.motion_generation.lula.trajectory_generator] omni.isaac.motion_generation has been deprecated in favor of isaacsim.robot_motion.motion_generation. Please update your code accordingly.
2026-10-08 07:53:48 [5,864ms] [Warning] [omni.isaac.motion_generation.motion_policy_controller] omni.isaac.motion_generation has been deprecated in favor of isaacsim.robot_motion.motion_generation. Please update your code accordingly.
2026-10-08 07:53:48 [5,864ms] [Warning] [omni.isaac.motion_generation.motion_policy_interface] omni.isaac.motion_generation has been deprecated in favor of isaacsim.robot_motion.motion_generation. Please update your code accordingly.
2026-10-08 07:53:48 [5,864ms] [Warning] [omni.isaac.motion_generation.path_planner_visualizer] omni.isaac.motion_generation has been deprecated in favor of isaacsim.robot_motion.motion_generation. Please update your code accordingly.
2026-10-08 07:53:48 [5,865ms] [Warning] [omni.isaac.motion_generation.path_planning_interface] omni.isaac.motion_generation has been deprecated in favor of isaacsim.robot_motion.motion_generation. Please update your code accordingly.
2026-10-08 07:53:48 [5,865ms] [Warning] [omni.isaac.motion_generation.trajectory] omni.isaac.motion_generation has been deprecated in favor of isaacsim.robot_motion.motion_generation. Please update your code accordingly.
2026-10-08 07:53:48 [5,865ms] [Warning] [omni.isaac.motion_generation.world_interface] omni.isaac.motion_generation has been deprecated in favor of isaacsim.robot_motion.motion_generation. Please update your code accordingly.
[5.873s] [ext: omni.sensors.nv.materials-1.4.0-coreapi] startup
[5.876s] [ext: omni.isaac.nucleus-1.0.3] startup
2026-10-08 07:53:48 [5,869ms] [Warning] [omni.isaac.nucleus] omni.isaac.nucleus has been deprecated in favor of isaacsim.storage.native. Please update your code accordingly.
2026-10-08 07:53:48 [5,869ms] [Warning] [omni.isaac.nucleus.nucleus] omni.isaac.nucleus.nucleus has been deprecated in favor of isaacsim.storage.native. Please update your code accordingly.
[5.877s] [ext: omni.isaac.quadruped-3.0.2] startup
2026-10-08 07:53:48 [5,870ms] [Warning] [omni.isaac.quadruped] omni.isaac.quadruped has been deprecated in favor of isaacsim.robot.policy.examples. Please update your code accordingly.
[5.878s] [ext: omni.kit.manipulator.selector-1.1.1] startup
[5.881s] [ext: omni.sensors.nv.wpm-2.4.0-coreapi] startup
[5.883s] [ext: omni.sensors.nv.lidar-2.6.3-coreapi] startup
[5.890s] [ext: omni.sensors.nv.ids-1.4.0-coreapi] startup
[5.895s] [ext: isaacsim.robot.manipulators.examples-1.0.3] startup
[5.897s] [ext: isaacsim.util.debug_draw-2.0.2] startup
[5.902s] [ext: omni.sensors.tiled-0.0.6] startup
[5.904s] [ext: omni.sensors.nv.radar-2.6.1-coreapi] startup
[5.912s] [ext: omni.kit.widget.toolbar-1.7.3] startup
[5.920s] [ext: omni.kit.manipulator.transform-106.0.1] startup
[5.925s] [ext: isaacsim.sensors.physx-2.2.4] startup
[5.933s] [ext: isaacsim.sensors.rtx-13.6.3] startup
[5.941s] [ext: isaacsim.sensors.camera-0.2.9] startup
[5.952s] [ext: isaacsim.cortex.framework-1.0.2] startup
[5.956s] [ext: omni.kit.manipulator.tool.snap-1.5.12] startup
[5.976s] [ext: omni.isaac.range_sensor-4.0.2] startup
[5.978s] [ext: omni.isaac.surface_gripper-2.0.2] startup
2026-10-08 07:53:48 [5,972ms] [Warning] [omni.isaac.surface_gripper] omni.isaac.surface_gripper has been deprecated in favor of isaacsim.robot.surface_gripper. Please update your code accordingly.
[5.980s] [ext: omni.isaac.sensor-13.0.3] startup
2026-10-08 07:53:48 [5,974ms] [Warning] [omni.isaac.sensor] omni.isaac.sensor has been deprecated in favor of isaacsim.sensors.camera, isaacsim.sensors.physics, isaacsim.sensors.physx, and isaacsim.sensors.rtx. Please update your code accordingly.
2026-10-08 07:53:48 [5,975ms] [Warning] [omni.isaac.sensor.camera] omni.isaac.sensor.camera has been deprecated in favor of isaacsim.sensors.camera.camera. Please update your code accordingly.
2026-10-08 07:53:48 [5,975ms] [Warning] [omni.isaac.sensor.camera_view] omni.isaac.sensor.camera_view has been deprecated in favor of isaacsim.sensors.camera.camera_view. Please update your code accordingly.
2026-10-08 07:53:48 [5,975ms] [Warning] [omni.isaac.sensor.commands] omni.isaac.sensor.commands has been deprecated in favor of isaacsim.sensors.physics.commands, isaacsim.sensors.physx.commands, and isaacsim.sensors.rtx.commands. Please update your code accordingly.
2026-10-08 07:53:48 [5,975ms] [Warning] [omni.isaac.sensor.contact_sensor] omni.isaac.sensor.contact_sensor has been deprecated in favor of isaacsim.sensors.physics.contact_sensor. Please update your code accordingly.
2026-10-08 07:53:48 [5,975ms] [Warning] [omni.isaac.sensor.imu_sensor] omni.isaac.sensor.imu_sensor has been deprecated in favor of isaacsim.sensors.physics.imu_sensor. Please update your code accordingly.
2026-10-08 07:53:48 [5,975ms] [Warning] [omni.isaac.sensor.lidar_rtx] omni.isaac.sensor.lidar_rtx has been deprecated in favor of isaacsim.sensors.rtx.lidar_rtx. Please update your code accordingly.
2026-10-08 07:53:48 [5,975ms] [Warning] [omni.isaac.sensor.rotating_lidar_physX] omni.isaac.sensor.imu_sensor has been deprecated in favor of isaacsim.sensors.physix.rotating_lidar_physX. Please update your code accordingly.
2026-10-08 07:53:48 [5,976ms] [Warning] [omni.isaac.sensor.scripts.samples.contact_sensor] omni.isaac.sensor.scripts.samples.contact_sensor has been deprecated in favor of isaacsim.sensors.physics.scripts.samples.contact_sensor. Please update your code accordingly.
2026-10-08 07:53:48 [5,976ms] [Warning] [omni.isaac.sensor.scripts.samples.imu_sensor] omni.isaac.sensor.scripts.samples.imu_sensor has been deprecated in favor of isaacsim.sensors.physics.scripts.samples.imu_sensor. Please update your code accordingly.
2026-10-08 07:53:48 [5,976ms] [Warning] [omni.isaac.sensor.scripts.samples.lightbeam_sensor] omni.isaac.sensor.scripts.samples.lightbeam_sensor has been deprecated in favor of isaacsim.sensors.physx.scripts.samples.lightbeam_sensor. Please update your code accordingly.
[5.984s] [ext: omni.isaac.cortex-1.0.2] startup
2026-10-08 07:53:48 [5,979ms] [Warning] [omni.isaac.cortex] omni.isaac.cortex has been deprecated in favor of isaacsim.cortex.framework. Please update your code accordingly.
[5.987s] [ext: omni.kit.viewport.manipulator.transform-107.0.4] startup
[5.997s] [ext: omni.debugdraw-0.1.3] startup
[6.002s] [ext: omni.isaac.universal_robots-1.0.2] startup
2026-10-08 07:53:48 [5,995ms] [Warning] [omni.isaac.universal_robots] omni.isaac.universal_robots has been deprecated in favor of isaacsim.robot.manipulators.examples.universal_robots. Please update your code accordingly.
2026-10-08 07:53:48 [5,995ms] [Warning] [omni.isaac.universal_robots.kinematics_solver] omni.isaac.franka has been deprecated in favor of isaacsim.robot.manipulators.examples.universal_robots. Please update your code accordingly.
2026-10-08 07:53:48 [5,996ms] [Warning] [omni.isaac.universal_robots.ur10] omni.isaac.franka has been deprecated in favor of isaacsim.robot.manipulators.examples.universal_robots. Please update your code accordingly.
[6.004s] [ext: omni.isaac.utils-2.0.2] startup
[6.007s] [ext: omni.kit.manipulator.prim.core-107.0.7] startup
[6.014s] [ext: omni.fabric.commands-1.1.5] startup
[6.017s] [ext: omni.kit.manipulator.selection-106.0.1] startup
[6.019s] [ext: omni.kit.viewport.actions-107.0.0] startup
[6.024s] [ext: omni.kit.manipulator.prim.usd-107.0.3] startup
[6.026s] [ext: omni.kit.manipulator.prim.fabric-107.0.4] startup
[6.028s] [ext: isaacsim.cortex.behaviors-2.0.3] startup
[6.029s] [ext: omni.kit.widget.layers-1.8.2] startup
[6.043s] [ext: omni.kit.viewport.menubar.display-107.0.3] startup
[6.046s] [ext: omni.kit.manipulator.prim-107.0.0] startup
[6.047s] [ext: omni.isaac.cortex.sample_behaviors-2.0.2] startup
2026-10-08 07:53:48 [6,039ms] [Warning] [omni.isaac.cortex.sample_behaviors] omni.isaac.cortex.sample_behaviors has been deprecated in favor of isaacsim.cortex.behaviors. Please update your code accordingly.
[6.047s] [ext: omni.graph.ui_nodes-1.40.1] startup
[6.053s] [ext: omni.usdphysics.ui-106.5.7] startup
[6.086s] [ext: omni.physx.commands-106.5.7] startup
[6.091s] [ext: omni.kit.property.camera-1.0.9] startup
[6.093s] [ext: omni.hydra.scene_api-0.1.2] startup
[6.098s] [ext: omni.kit.property.geometry-1.3.3] startup
[6.102s] [ext: omni.kit.property.light-1.0.11] startup
[6.104s] [ext: omni.physx.ui-106.5.7] startup
[6.136s] [ext: omni.kit.property.material-1.10.17] startup
[6.143s] [ext: omni.kit.property.render-1.1.3] startup
[6.146s] [ext: omni.kit.property.transform-1.5.10] startup
[6.150s] [ext: omni.kit.property.audio-1.0.16] startup
[6.152s] [ext: isaacsim.gui.property-1.0.4] startup
[6.155s] [ext: omni.physx.demos-106.5.7] startup
[6.175s] [ext: omni.kit.property.physx-106.5.7] startup
[6.219s] [ext: omni.isaac.lula-4.0.2] startup
2026-10-08 07:53:48 [6,213ms] [Warning] [omni.isaac.lula] omni.isaac.lula has been deprecated in favor of isaacsim.robot_motion.lula. Please update your code accordingly.
[6.221s] [ext: omni.kit.property.bundle-1.3.2] startup
[6.223s] [ext: omni.kit.property.isaac-1.0.2] startup
2026-10-08 07:53:48 [6,216ms] [Warning] [omni.kit.property.isaac] omni.kit.property.isaac has been deprecated in favor of isaacsim.gui.property. Please update your code accordingly.
2026-10-08 07:53:48 [6,216ms] [Warning] [omni.kit.property.isaac.widgets] omni.kit.property.isaac.widgets has been deprecated in favor of isaacsim.gui.property.widgets. Please update your code accordingly.
[6.225s] [ext: omni.physx.vehicle-106.5.7] startup
[6.246s] [ext: omni.kit.viewport.menubar.camera-107.0.2] startup
[6.254s] [ext: omni.kit.viewport.menubar.lighting-106.0.2] startup
[6.257s] [ext: omni.kit.viewport.menubar.render-107.0.8] startup
[6.260s] [ext: omni.kit.viewport.menubar.settings-107.0.3] startup
[6.265s] [ext: omni.kit.window.console-0.2.14] startup
[6.274s] [ext: omni.physx.camera-106.5.7] startup
[6.287s] [ext: omni.kit.window.toolbar-1.6.2] startup
[6.292s] [ext: omni.isaac.version-2.0.2] startup
2026-10-08 07:53:48 [6,285ms] [Warning] [omni.isaac.version] omni.isaac.version has been deprecated in favor of isaacsim.core.version. Please update your code accordingly.
[6.293s] [ext: isaacsim.robot.wheeled_robots-4.0.3] startup
[6.299s] [ext: omni.physx.cct-106.5.7] startup
[6.318s] [ext: omni.physx.graph-106.5.7] startup
[6.351s] [ext: isaacsim.replicator.writers-1.0.1] startup
[6.383s] [ext: omni.physx.supportui-106.5.7] startup
[6.410s] [ext: omni.physx.telemetry-106.5.7] startup
[6.415s] [ext: omni.isaac.wheeled_robots-3.0.3] startup
2026-10-08 07:53:48 [6,408ms] [Warning] [omni.isaac.wheeled_robots] omni.isaac.wheeled_robots has been deprecated in favor of isaacsim.robot.wheeled_robots. Please update your code accordingly.
2026-10-08 07:53:48 [6,409ms] [Warning] [omni.isaac.wheeled_robots.controllers] omni.isaac.wheeled_robots has been deprecated in favor of isaacsim.robot.wheeled_robots. Please update your code accordingly.
2026-10-08 07:53:48 [6,409ms] [Warning] [omni.isaac.wheeled_robots.controllers.ackermann_controller] omni.isaac.wheeled_robots has been deprecated in favor of isaacsim.robot.wheeled_robots. Please update your code accordingly.
2026-10-08 07:53:48 [6,409ms] [Warning] [omni.isaac.wheeled_robots.controllers.differential_controller] omni.isaac.wheeled_robots has been deprecated in favor of isaacsim.robot.wheeled_robots. Please update your code accordingly.
2026-10-08 07:53:48 [6,409ms] [Warning] [omni.isaac.wheeled_robots.controllers.holonomic_controller] omni.isaac.wheeled_robots has been deprecated in favor of isaacsim.robot.wheeled_robots. Please update your code accordingly.
2026-10-08 07:53:48 [6,409ms] [Warning] [omni.isaac.wheeled_robots.controllers.quintic_path_planner] omni.isaac.wheeled_robots has been deprecated in favor of isaacsim.robot.wheeled_robots. Please update your code accordingly.
2026-10-08 07:53:48 [6,409ms] [Warning] [omni.isaac.wheeled_robots.controllers.stanley_control] omni.isaac.wheeled_robots has been deprecated in favor of isaacsim.robot.wheeled_robots. Please update your code accordingly.
2026-10-08 07:53:48 [6,409ms] [Warning] [omni.isaac.wheeled_robots.controllers.wheel_base_pose_controller] omni.isaac.wheeled_robots has been deprecated in favor of isaacsim.robot.wheeled_robots. Please update your code accordingly.
2026-10-08 07:53:48 [6,409ms] [Warning] [omni.isaac.wheeled_robots.impl] omni.isaac.wheeled_robots has been deprecated in favor of isaacsim.robot.wheeled_robots. Please update your code accordingly.
2026-10-08 07:53:48 [6,410ms] [Warning] [omni.isaac.wheeled_robots.robots] omni.isaac.wheeled_robots has been deprecated in favor of isaacsim.robot.wheeled_robots. Please update your code accordingly.
2026-10-08 07:53:48 [6,410ms] [Warning] [omni.isaac.wheeled_robots.robots.holonomic_robot_usd_setup] omni.isaac.wheeled_robots has been deprecated in favor of isaacsim.robot.wheeled_robots. Please update your code accordingly.
2026-10-08 07:53:48 [6,410ms] [Warning] [omni.isaac.wheeled_robots.robots.wheeled_robot] omni.isaac.wheeled_robots has been deprecated in favor of isaacsim.robot.wheeled_robots. Please update your code accordingly.
[6.418s] [ext: omni.isaac.franka-1.0.2] startup
2026-10-08 07:53:48 [6,413ms] [Warning] [omni.isaac.franka] omni.isaac.franka has been deprecated in favor of isaacsim.robot.manipulators.examples.franka. Please update your code accordingly.
2026-10-08 07:53:48 [6,413ms] [Warning] [omni.isaac.franka.franka] omni.isaac.franka has been deprecated in favor of isaacsim.robot.manipulators.examples.franka. Please update your code accordingly.
2026-10-08 07:53:48 [6,414ms] [Warning] [omni.isaac.franka.kinematics_solver] omni.isaac.franka has been deprecated in favor of isaacsim.robot.manipulators.examples.franka. Please update your code accordingly.
[6.422s] [ext: isaacsim.replicator.domain_randomization-1.0.2] startup
[6.426s] [ext: isaacsim.replicator.examples-1.1.2] startup
[6.430s] [ext: omni.kit.window.status_bar-0.1.7] startup
[6.439s] [ext: omni.rtx.window.settings-0.6.17] startup
[6.454s] [ext: omni.usd.metrics.assembler-106.5.0] startup
[6.464s] [ext: omni.physx.bundle-106.5.7] startup
[6.464s] [ext: isaacsim.app.about-2.0.7] startup
[6.465s] [ext: omni.replicator.isaac-2.0.3] startup
2026-10-08 07:53:48 [6,458ms] [Warning] [omni.replicator.isaac] omni.replicator.isaac has been deprecated in favor of isaacsim.replicator.domain_randomization, isaacsim.replicator.examples, isaacsim.replicator.writers. Please update your code accordingly.
[6.466s] [ext: omni.replicator.replicator_yaml-2.0.10] startup
[6.472s] [ext: omni.rtx.settings.core-0.6.3] startup
[6.480s] [ext: omni.usd.metrics.assembler.ui-106.5.0] startup
[6.487s] [ext: isaacsim.simulation_app-2.4.2] startup
[6.488s] [ext: omni.isaac.window.about-2.0.2] startup
2026-10-08 07:53:48 [6,482ms] [Warning] [omni.isaac.window.about] omni.isaac.window.about has been deprecated in favor of isaacsim.app.about. Please update your code accordingly.
2026-10-08 07:53:48 [6,482ms] [Warning] [omni.isaac.window.about.about] omni.isaac.window.about.about has been deprecated in favor of isaacsim.app.about.about. Please update your code accordingly.
[6.490s] [ext: semantics.schema.editor-0.3.10] startup
[6.493s] [ext: omni.kit.ui.actions-1.0.2] startup
[6.495s] [ext: semantics.schema.property-1.0.5] startup
[6.496s] [ext: omni.kit.manipulator.camera-106.0.3] startup
[6.501s] [ext: omni.isaac.kit-2.0.3] startup
2026-10-08 07:53:48 [6,493ms] [Warning] [omni.isaac.kit] omni.isaac.kit has been deprecated in favor of isaacsim.simulation_app. Please update your code accordingly.
[6.501s] [ext: omni.isaac.asset_browser-1.0.2] startup
2026-10-08 07:53:48 [6,494ms] [Warning] [omni.isaac.asset_browser] omni.isaac.asset_browser has been deprecated in favor of isaacsim.asset.browser. Please update your code accordingly.
[6.502s] [ext: isaacsim.core.throttling-2.0.2] startup
[6.504s] [ext: omni.kit.menu.common-1.1.9] startup
[6.507s] [ext: isaacsim.exp.base-4.5.0] startup
[6.508s] [ext: isaacsim.exp.base.python-4.5.0] startup
[6.509s] Simulation App Starting
[7.356s] app ready
2026-10-08 07:53:49 [7,357ms] [Warning] [rtx.scenedb.plugin] SceneDbContext : TLAS limit buffer size 7508933632
2026-10-08 07:53:49 [7,357ms] [Warning] [rtx.scenedb.plugin] SceneDbContext : TLAS limit : valid false, within: false
2026-10-08 07:53:49 [7,357ms] [Warning] [rtx.scenedb.plugin] SceneDbContext : TLAS limit : decrement: 167690, decrement size: 7433845248
2026-10-08 07:53:49 [7,357ms] [Warning] [rtx.scenedb.plugin] SceneDbContext : New limit 9574251 (slope: 447, intercept: 13179904)
2026-10-08 07:53:49 [7,357ms] [Warning] [rtx.scenedb.plugin] SceneDbContext : TLAS limit buffer size 4287216384
2026-10-08 07:53:49 [7,357ms] [Warning] [rtx.scenedb.plugin] SceneDbContext : TLAS limit : valid true, within: true
2026-10-08 07:53:49 [7,465ms] [Warning] [omni.usd-abi.plugin] No setting was found for '/rtx-defaults-transient/meshlights/forceDisable'
2026-10-08 07:53:49 [7,504ms] [Warning] [omni.usd-abi.plugin] No setting was found for '/rtx-defaults/post/dlss/execMode'
[10.234s] Simulation App Startup Complete
[Task26] 关节量程已对齐本仓库官方 FR3（joint_limits.yaml）；NVIDIA fr3.usd 的窄量程是规划/物理不一致的来源，见 _apply_official_joint_limits 注释
2026-10-08 07:53:54 [11,652ms] [Warning] [omni.physx.plugin] The rigid body at /World/left_fr3/fr3_hand_tcp has a possibly invalid inertia tensor of {1.0, 1.0, 1.0} and a negative mass, small sphere approximated inertia was used. Either specify correct values in the mass properties, or add collider(s) to any shape(s) that you wish to automatically compute mass properties for.
2026-10-08 07:53:54 [11,652ms] [Warning] [omni.physx.plugin] The rigid body at /World/right_fr3/fr3_hand_tcp has a possibly invalid inertia tensor of {1.0, 1.0, 1.0} and a negative mass, small sphere approximated inertia was used. Either specify correct values in the mass properties, or add collider(s) to any shape(s) that you wish to automatically compute mass properties for.
2026-10-08 07:53:54 [11,653ms] [Warning] [omni.physx.plugin] Detected an articulation at /World/left_fr3 with more than 4 velocity iterations being added to a TGS scene.The related behavior changed recently, please consult the changelog. This warning will only print once.
TASK01 CRITICAL START state=0 step=1 status=NO_UNEXPECTED_COLLISION_OBSERVED
TASK01 SAME-STEP REVIEW {"state": "START", "measured_sync_drift": {"cube_translation_m": 0.0027250051498413086, "cube_rotation_rad": 0.0, "max_joint_change_rad": 9.059906005859375e-05, "tcp_translation_m": {"left": 9.594540924503881e-05, "right": 6.80507294703482e-05}}, "actual_cube_environment_plane_gaps_m": {"table": 0.1172749900817871, "deep_wall": 0.5499999880790709, "minus_y_wall": 0.243, "plus_y_wall": 0.243}, "after_sync": {"joint_state": {"left": {"q_rad": [0.6557391285896301, -0.9157869815826416, 0.9362480640411377, -2.4308862686157227, 0.7029422521591187, 1.726259708404541, 1.2164416313171387], "joint_reset_error_rad": 9.050199718263485e-05, "tcp_pose_xyzw": [0.5499813992180298, -0.06102336877697809, 0.37990874876619846, 0.707095645071582, 0.7071179173015132, -6.719169101893768e-05, 4.118892992682632e-05], "tcp_position_error_m": 9.601519906501173e-05, "tcp_rotation_error_rad": 0.00016029733122677274}, "right": {"q_rad": [-0.47517070174217224, -1.1301579475402832, -0.9980794191360474, -2.404855966567993, -0.8635663986206055, 1.5572940111160278, -1.0752371549606323], "joint_reset_error_rad": 8.153768428142971e-05, "tcp_pose_xyzw": [0.5499939305568461, 0.06101741658466067, 0.3799351125237446, -0.7070995964196615, 0.7071138816597364, 2.8907428563377687e-05, 5.44590377911707e-05], "tcp_position_error_m": 6.745816978707398e-05, "tcp_rotation_error_rad": 0.0001259746106412955}}, "cube_pose_xyzw": [0.550000011920929, 0.0, 0.3772749900817871, 0.0, 0.0, 0.0, 1.0], "cube_position_reset_error_m": 0.00272500991823897, "cube_rotation_reset_error_rad": 0.0, "physics_step": 1, "simulation_timestamp_s": 0.01666666753590107, "simulation_clock_source": "actual PhysX post-step dt accumulator (manual normal simulate/fetch)", "native_core_step": 1, "native_core_sim_time_s": 0.01666666753590107, "carriage_frame_world_xyzw": [0.91, 0.0, 0.2, 0.0, 0.0, 0.0, 1.0]}, "contact_point_separations_m": [{"pair": ["/World/left_fr3/fr3_link8/side_suction_tool/cup_r1_c1", "/World/Task01/Cube"], "classification": "CONTACT_WITHOUT_PENETRATION", "separations": [0.000999998301267624, 0.001000022515654564, 0.0010000113397836685, 0.0010000094771385193]}, {"pair": ["/World/left_fr3/fr3_link8/side_suction_tool/cup_r1_c2", "/World/Task01/Cube"], "classification": "CONTACT_WITHOUT_PENETRATION", "separations": [0.0009999610483646393, 0.0009999852627515793, 0.000999974086880684, 0.0009999722242355347]}, {"pair": ["/World/left_fr3/fr3_link8/side_suction_tool/cup_r2_c1", "/World/Task01/Cube"], "classification": "CONTACT_WITHOUT_PENETRATION", "separations": [0.0010000355541706085, 0.0010000597685575485, 0.0010000485926866531, 0.001000046730041504]}, {"pair": ["/World/left_fr3/fr3_link8/side_suction_tool/cup_r2_c2", "/World/Task01/Cube"], "classification": "CONTACT_WITHOUT_PENETRATION", "separations": [0.0010000001639127731, 0.0010000243782997131, 0.0010000132024288177, 0.0010000113397836685]}, {"pair": ["/World/right_fr3/fr3_link8/side_suction_tool/cup_r1_c1", "/World/Task01/Cube"], "classification": "CONTACT_WITHOUT_PENETRATION", "separations": [0.0010000504553318024, 0.0010000821202993393, 0.00100008025765419, 0.0010000523179769516]}, {"pair": ["/World/right_fr3/fr3_link8/side_suction_tool/cup_r1_c2", "/World/Task01/Cube"], "classification": "CONTACT_WITHOUT_PENETRATION", "separations": [0.0010000541806221008, 0.0010000858455896378, 0.0010000839829444885, 0.00100005604326725]}, {"pair": ["/World/right_fr3/fr3_link8/side_suction_tool/cup_r2_c1", "/World/Task01/Cube"], "classification": "CONTACT_WITHOUT_PENETRATION", "separations": [0.0009999535977840424, 0.0009999852627515793, 0.00099998340010643, 0.0009999554604291916]}, {"pair": ["/World/right_fr3/fr3_link8/side_suction_tool/cup_r2_c2", "/World/Task01/Cube"], "classification": "CONTACT_WITHOUT_PENETRATION", "separations": [0.0009999573230743408, 0.0009999889880418777, 0.0009999871253967285, 0.00099995918571949]}]}
REVIEW: type accept_snapshot or stop (no new benchmark tolerance): 2026-10-08 07:53:54 [11,726ms] [Warning] [omni.hydra.scene_delegate.plugin] cannot find xform op xformOp:translate:task26_pose for /World/Task01/Cube

2026-10-08 07:53:54 [11,726ms] [Warning] [omni.hydra.scene_delegate.plugin] cannot find xform op xformOp:scale:task26_size for /World/Task01/Cube

TASK01 CRITICAL PRE_PUSH state=135 step=2 status=NO_UNEXPECTED_COLLISION_OBSERVED
TASK01 SAME-STEP REVIEW {"state": "PRE_PUSH", "measured_sync_drift": {"cube_translation_m": 2.983184370264124e-07, "cube_rotation_rad": 5.877936757599143e-07, "max_joint_change_rad": 0.00015461444854736328, "tcp_translation_m": {"left": 0.0001835232401844449, "right": 0.00010552876135151282}}, "actual_cube_environment_plane_gaps_m": {"table": -5.6729095754270986e-08, "deep_wall": 0.30999978316062415, "minus_y_wall": 0.2430002062796459, "plus_y_wall": 0.2429997287046601}, "after_sync": {"joint_state": {"left": {"q_rad": [0.21758148074150085, -0.5163937211036682, 1.0173187255859375, -2.6092655658721924, 0.5633702874183655, 2.236199140548706, 0.7985016107559204], "joint_reset_error_rad": 0.0001545562830707059, "tcp_pose_xyzw": [0.7898572496271449, -0.0610123053574112, 0.25988527780753945, 0.7070432961531646, 0.7071702662199304, -0.0001115502522563535, -2.4320614616488305e-06], "tcp_position_error_m": 0.0001835493903169106, "tcp_rotation_error_rad": 0.0002855544867621139}, "right": {"q_rad": [0.030882222577929497, -0.8182413578033447, -1.2268930673599243, -2.5711512565612793, -0.8728865385055542, 2.0289387702941895, -0.5717472434043884], "joint_reset_error_rad": 9.738468463060812e-05, "tcp_pose_xyzw": [0.7899274038580653, 0.06101718671791187, 0.25992559809085036, -0.7070634717857504, 0.7071500905873447, 6.395139608193401e-05, 3.878154716337019e-05], "tcp_position_error_m": 0.00010536279337846671, "tcp_rotation_error_rad": 0.00019167980342698853}}, "cube_pose_xyzw": [0.7900002002716064, 2.3878749288996914e-07, 0.25999999046325684, -2.6305184519515024e-07, 1.3021787026445963e-07, -7.846931993071848e-09, 0.9999999403953552], "cube_position_reset_error_m": 3.117998277180084e-07, "cube_rotation_reset_error_rad": 5.877936757599143e-07, "physics_step": 2, "simulation_timestamp_s": 0.03333333507180214, "simulation_clock_source": "actual PhysX post-step dt accumulator (manual normal simulate/fetch)", "native_core_step": 2, "native_core_sim_time_s": 0.03333333507180214, "carriage_frame_world_xyzw": [0.91, 0.0, 0.2, 0.0, 0.0, 0.0, 1.0]}, "contact_point_separations_m": [{"pair": ["/World/Task01/Cube", "/World/Table"], "classification": "EXPECTED_CONTACT", "separations": [-1.1175870895385742e-08, -1.1175870895385742e-08, -1.1175870895385742e-08, -1.1175870895385742e-08]}, {"pair": ["/World/left_fr3/fr3_link8/side_suction_tool/cup_r1_c1", "/World/Task01/Cube"], "classification": "CONTACT_WITHOUT_PENETRATION", "separations": [0.0009997021406888962, 0.0009997542947530746, 0.0009997449815273285, 0.0009997114539146423]}, {"pair": ["/World/left_fr3/fr3_link8/side_suction_tool/cup_r1_c2", "/World/Task01/Cube"], "classification": "CONTACT_WITHOUT_PENETRATION", "separations": [0.0009997375309467316, 0.00099978968501091, 0.0009997803717851639, 0.0009997468441724777]}, {"pair": ["/World/left_fr3/fr3_link8/side_suction_tool/cup_r2_c1", "/World/Task01/Cube"], "classification": "CONTACT_WITHOUT_PENETRATION", "separations": [0.0009998418390750885, 0.000999893993139267, 0.0009998846799135208, 0.0009998511523008347]}, {"pair": ["/World/left_fr3/fr3_link8/side_suction_tool/cup_r2_c2", "/World/Task01/Cube"], "classification": "CONTACT_WITHOUT_PENETRATION", "separations": [0.0009998884052038193, 0.0009999405592679977, 0.0009999312460422516, 0.0009998977184295654]}, {"pair": ["/World/right_fr3/fr3_link8/side_suction_tool/cup_r1_c1", "/World/Task01/Cube"], "classification": "CONTACT_WITHOUT_PENETRATION", "separations": [0.000999733805656433, 0.0009998325258493423, 0.0009997766464948654, 0.00099978968501091]}, {"pair": ["/World/right_fr3/fr3_link8/side_suction_tool/cup_r1_c2", "/World/Task01/Cube"], "classification": "CONTACT_WITHOUT_PENETRATION", "separations": [0.0009998679161071777, 0.000999966636300087, 0.00099991075694561, 0.0009999237954616547]}, {"pair": ["/World/right_fr3/fr3_link8/side_suction_tool/cup_r2_c1", "/World/Task01/Cube"], "classification": "CONTACT_WITHOUT_PENETRATION", "separations": [0.0009999275207519531, 0.0010000262409448624, 0.0009999703615903854, 0.00099998340010643]}, {"pair": ["/World/right_fr3/fr3_link8/side_suction_tool/cup_r2_c2", "/World/Task01/Cube"], "classification": "CONTACT_WITHOUT_PENETRATION", "separations": [0.0010000597685575485, 0.0010001584887504578, 0.0010001026093959808, 0.0010001156479120255]}]}
REVIEW: type accept_snapshot or stop (no new benchmark tolerance): TASK01 CRITICAL FULL_CHAIN_MIN_STATE196_B60 state=196 step=3 status=NO_UNEXPECTED_COLLISION_OBSERVED
TASK01 SAME-STEP REVIEW {"state": "FULL_CHAIN_MIN_STATE196_B60", "measured_sync_drift": {"cube_translation_m": 0.0013625025749207072, "cube_rotation_rad": 3.2145089414704514e-06, "max_joint_change_rad": 0.00035774707794189453, "tcp_translation_m": {"left": 0.0003513418722339433, "right": 0.00015725171335636962}}, "actual_cube_environment_plane_gaps_m": {"table": -2.4496067391188703e-07, "deep_wall": 0.1921315434201606, "minus_y_wall": 0.2429999475335412, "plus_y_wall": 0.24299994677428965}, "after_sync": {"joint_state": {"left": {"q_rad": [-0.09316593408584595, -0.2499338984489441, 1.0683308839797974, -2.459927558898926, 0.2991756498813629, 2.314685821533203, 0.7553210258483887], "joint_reset_error_rad": 0.0003577195682429313, "tcp_pose_xyzw": [0.9089196390006097, -0.06091049688584918, 0.2598634282702863, 0.7069439166163067, 0.7072694771693943, -0.00012733733909594345, -3.366596828048144e-05], "tcp_position_error_m": 0.00035137878059544864, "tcp_rotation_error_rad": 0.0005351336542300119}, "right": {"q_rad": [0.43998807668685913, -0.6401074528694153, -1.370922565460205, -2.41715931892395, -0.7562612891197205, 2.1199092864990234, -0.4255453944206238], "joint_reset_error_rad": 0.00013696970424814658, "tcp_pose_xyzw": [0.9091077518121407, 0.06099275074452601, 0.25990292645838364, -0.7070333687850673, 0.7071801935880278, 8.145127358250378e-05, 4.8297799558283496e-05], "tcp_position_error_m": 0.00015687344137121077, "tcp_rotation_error_rad": 0.0002846202910880066}}, "cube_pose_xyzw": [0.9078682661056519, 3.7962577525973984e-10, 0.25999999046325684, 4.0748216179054e-07, 1.5543864719802514e-06, 3.2901461111123353e-08, 1.0], "cube_position_reset_error_m": 0.00136250312515086, "cube_rotation_reset_error_rad": 3.2145089414704514e-06, "physics_step": 3, "simulation_timestamp_s": 0.05000000260770321, "simulation_clock_source": "actual PhysX post-step dt accumulator (manual normal simulate/fetch)", "native_core_step": 3, "native_core_sim_time_s": 0.05000000260770321, "carriage_frame_world_xyzw": [0.91, 0.0, 0.2, 0.0, 0.0, 0.0, 1.0]}, "contact_point_separations_m": [{"pair": ["/World/left_fr3/fr3_link7/collisions", "/World/Task01/Carriage/WallMinusY"], "classification": "CONTACT_WITHOUT_PENETRATION", "separations": [0.008798026479780674]}, {"pair": ["/World/left_fr3/fr3_link8/side_suction_tool/cup_r1_c1", "/World/Task01/Cube"], "classification": "CONTACT_WITHOUT_PENETRATION", "separations": [0.0009997915476560593, 0.0009999461472034454, 0.0009998008608818054, 0.0009999368339776993]}, {"pair": ["/World/left_fr3/fr3_link8/side_suction_tool/cup_r1_c2", "/World/Task01/Cube"], "classification": "CONTACT_WITHOUT_PENETRATION", "separations": [0.0009998288005590439, 0.00099998340010643, 0.00099983811378479, 0.000999974086880684]}, {"pair": ["/World/left_fr3/fr3_link8/side_suction_tool/cup_r2_c1", "/World/Task01/Cube"], "classification": "CONTACT_WITHOUT_PENETRATION", "separations": [0.0009992998093366623, 0.0009994544088840485, 0.0009993091225624084, 0.0009994450956583023]}, {"pair": ["/World/left_fr3/fr3_link8/side_suction_tool/cup_r2_c2", "/World/Task01/Cube"], "classification": "CONTACT_WITHOUT_PENETRATION", "separations": [0.000999337062239647, 0.000999491661787033, 0.000999346375465393, 0.000999482348561287]}, {"pair": ["/World/right_fr3/fr3_link8/side_suction_tool/cup_r1_c1", "/World/Task01/Cube"], "classification": "CONTACT_WITHOUT_PENETRATION", "separations": [0.0009998641908168793, 0.000999942421913147, 0.000999901443719864, 0.0009999051690101624]}, {"pair": ["/World/right_fr3/fr3_link8/side_suction_tool/cup_r1_c2", "/World/Task01/Cube"], "classification": "CONTACT_WITHOUT_PENETRATION", "separations": [0.0009999964386224747, 0.0010000746697187424, 0.0010000336915254593, 0.0010000374168157578]}, {"pair": ["/World/right_fr3/fr3_link8/side_suction_tool/cup_r2_c1", "/World/Task01/Cube"], "classification": "CONTACT_WITHOUT_PENETRATION", "separations": [0.0009997356683015823, 0.00099981389939785, 0.000999772921204567, 0.0009997766464948654]}, {"pair": ["/World/right_fr3/fr3_link8/side_suction_tool/cup_r2_c2", "/World/Task01/Cube"], "classification": "CONTACT_WITHOUT_PENETRATION", "separations": [0.000999869778752327, 0.0009999480098485947, 0.0009999070316553116, 0.00099991075694561]}, {"pair": ["/World/Task01/Cube", "/World/Table"], "classification": "EXPECTED_CONTACT", "separations": [-1.1175870895385742e-08, -1.1175870895385742e-08, -1.1175870895385742e-08, -1.1175870895385742e-08]}]}
REVIEW: type accept_snapshot or stop (no new benchmark tolerance): TASK01 FALLBACK STOP: RuntimeError('明确非预期contact penetration，立即停止，等待用户决定')
[13.108s] Simulation App Shutting Down
[13.108s] Waiting for USD resource operations to complete (this may take a few seconds), use Ctrl-C to exit immediately
