Starting kit application with the following args:  ['/home/ubuntu2004/isaacsim-4.5.0/exts/isaacsim.simulation_app/isaacsim/simulation_app/simulation_app.py', '/home/ubuntu2004/isaacsim-4.5.0/apps/isaacsim.exp.base.python.kit', '--/app/tokens/exe-path=/home/ubuntu2004/isaacsim-4.5.0/kit', '--/persistent/app/viewport/displayOptions=3094', '--/rtx/materialDb/syncLoads=False', '--/rtx/hydra/materialSyncLoads=False', '--/omni.kit.plugin/syncUsdLoads=False', '--/app/renderer/resolution/width=1280', '--/app/renderer/resolution/height=960', '--/app/window/width=1440', '--/app/window/height=900', '--/renderer/multiGpu/enabled=False', '--/app/fastShutdown=True', '--/app/installSignalHandlers=0', '--ext-folder', '/home/ubuntu2004/isaacsim-4.5.0/exts', '--ext-folder', '/home/ubuntu2004/isaacsim-4.5.0/apps', '--enable', 'isaacsim.code_editor.vscode', '--/exts/isaacsim.code_editor.vscode/host=127.0.0.1', '--/exts/isaacsim.code_editor.vscode/port=8226', '--/exts/isaacsim.code_editor.vscode/carb_logs=false', '--/physics/cudaDevice=0', '--portable']
Passing the following args to the base kit application:  ['--output-dir', 'results/20261008_TASK01_isaac_model_parity04/raw', '--hold-for-inspection-sec', '0']
[Info] [carb] Logging to file: /home/ubuntu2004/isaacsim-4.5.0/kit/logs/Kit/Isaac-Sim Python/4.5/kit_20261008_091447.log
2026-10-08 01:14:47 [0ms] [Warning] [omni.kit.app.plugin] No crash reporter present, dumps uploading isn't available.
[0.050s] [ext: omni.kit.async_engine-0.0.1] startup
[0.520s] [ext: omni.metrics.core-0.0.1] startup
[0.520s] [ext: omni.client.lib-1.0.0] startup
[0.543s] [ext: omni.blobkey-1.1.2] startup
[0.543s] [ext: omni.stats-1.0.1] startup
[0.544s] [ext: omni.datastore-0.0.0] startup
[0.548s] [ext: omni.client-1.2.2] startup
[0.551s] [ext: omni.ujitso.default-1.0.0] startup
[0.553s] [ext: omni.hsscclient-1.1.1] startup
2026-10-08 01:14:47 [546ms] [Warning] [omni.datastore] OmniHub is inaccessible
[0.556s] [ext: omni.gpu_foundation.shadercache.vulkan-1.0.0] startup
[0.558s] [ext: omni.assets.plugins-0.0.0] startup
[0.559s] [ext: omni.gpu_foundation-0.0.0] startup
[0.565s] [ext: carb.windowing.plugins-1.0.0] startup
[0.570s] [ext: omni.kit.renderer.init-0.0.0] startup

|---------------------------------------------------------------------------------------------|
| Driver Version: 580.178.04    | Graphics API: Vulkan
|=============================================================================================|
| GPU | Name                             | Active | LDA | GPU Memory | Vendor-ID | LUID       |
|     |                                  |        |     |            | Device-ID | UUID       |
|     |                                  |        |     |            | Bus-ID    |            |
|---------------------------------------------------------------------------------------------|
| 0   | NVIDIA GeForce RTX 3070          | Yes: 0 |     | 8438    MB | 10de      | 0          |
|     |                                  |        |     |            | 2488      | ba060710.. |
|     |                                  |        |     |            | 1         |            |
|=============================================================================================|
| OS: 22.04.5 LTS (Jammy Jellyfish) ubuntu, Version: 22.04.5, Kernel: 6.8.0-138-generic
| XServer Vendor: The X.Org Foundation, XServer Version: 12101004 (1.21.1.4)
| Processor: Intel(R) Core(TM) i7-10700F CPU @ 2.90GHz
| Cores: 8 | Logical Cores: 16
|---------------------------------------------------------------------------------------------|
| Total Memory (MB): 48107 | Free Memory: 42182
| Total Page/Swap (MB): 2047 | Free Page/Swap: 2047
|---------------------------------------------------------------------------------------------|
[1.235s] [ext: omni.kit.pipapi-0.0.0] startup
[1.236s] [ext: omni.kit.pip_archive-0.0.0] startup
[1.236s] [ext: omni.pip.compute-1.4.5] startup
[1.237s] [ext: omni.materialx.libs-1.0.6] startup
[1.244s] [ext: omni.kit.telemetry-0.5.1] startup
[1.259s] [ext: omni.pip.cloud-1.1.7] startup
[1.263s] [ext: omni.isaac.core_archive-2.3.3] startup
[1.263s] [ext: omni.usd.config-1.0.5] startup
[1.267s] [ext: omni.gpucompute.plugins-0.0.0] startup
[1.267s] [ext: omni.usd.libs-1.0.1] startup
[1.348s] [ext: omni.isaac.ml_archive-2.1.2] startup
[1.349s] [ext: omni.mdl-55.0.1] startup
[1.369s] [ext: omni.iray.libs-0.0.0] startup
[1.373s] [ext: omni.mdl.neuraylib-0.2.10] startup
[1.375s] [ext: omni.kit.usd.mdl-1.0.7] startup
[1.471s] [ext: omni.kit.loop-isaac-1.2.1] startup
[1.471s] [ext: omni.kit.test-1.1.2] startup
[1.518s] [ext: omni.appwindow-1.1.9] startup
[1.917s] [ext: omni.kit.renderer.core-1.0.2] startup
[2.799s] [ext: omni.kit.renderer.capture-0.0.0] startup
[2.801s] [ext: omni.kit.renderer.imgui-1.0.2] startup
[2.937s] [ext: omni.ui-2.26.5] startup
[2.947s] [ext: omni.kit.mainwindow-1.0.3] startup
[2.948s] [ext: carb.audio-0.1.0] startup
[2.950s] [ext: omni.uiaudio-1.0.0] startup
[2.951s] [ext: omni.kit.uiapp-0.0.0] startup
[2.951s] [ext: omni.usd.schema.metrics.assembler-106.5.0] startup
[2.961s] [ext: omni.usd.schema.anim-0.0.0] startup
[2.983s] [ext: omni.usd.schema.isaac-3.0.2] startup
[2.983s] [ext: omni.usd.schema.geospatial-0.0.0] startup
[2.985s] [ext: omni.usd.schema.physx-106.5.7] startup
[3.015s] [ext: omni.usd.schema.audio-0.0.0] startup
[3.019s] [ext: omni.usd.schema.semantics-0.0.0] startup
[3.021s] [ext: omni.usd_resolver-1.0.0] startup
[3.025s] [ext: usdrt.scenegraph-7.5.1] startup
[3.066s] [ext: omni.kit.actions.core-1.0.0] startup
[3.068s] [ext: omni.timeline-1.0.11] startup
[3.070s] [ext: omni.usd.core-1.4.2] startup
[3.072s] [ext: omni.resourcemonitor-107.0.0] startup
[3.074s] [ext: omni.activity.core-1.0.1] startup
[3.075s] [ext: omni.kit.audiodeviceenum-1.0.1] startup
[3.077s] [ext: omni.hydra.usdrt_delegate-7.5.1] startup
[3.087s] [ext: omni.graph.exec-0.9.4] startup
[3.087s] [ext: omni.kit.window.popup_dialog-2.0.24] startup
[3.091s] [ext: omni.kit.exec.core-0.13.4] startup
[3.094s] [ext: omni.kit.widget.nucleus_connector-1.1.10] startup
[3.095s] [ext: omni.kit.usd_undo-0.1.8] startup
[3.096s] [ext: omni.kit.commands-1.4.9] startup
[3.099s] [ext: omni.hydra.scene_delegate-0.3.3] startup
[3.104s] [ext: omni.usd-1.12.4] startup
[3.149s] [ext: omni.kit.asset_converter-2.8.3] startup
[3.160s] [ext: omni.usd.schema.omniscripting-1.0.0] startup
[3.165s] [ext: omni.usd.schema.omnigraph-1.0.0] startup
[3.171s] [ext: omni.usd.schema.forcefield-106.5.7] startup
[3.176s] [ext: isaacsim.robot.schema-3.1.2] startup
[3.184s] [ext: omni.inspect-1.0.1] startup
[3.185s] [ext: omni.kit.notification_manager-1.0.9] startup
[3.187s] [ext: omni.graph.core-2.181.8] startup
[3.189s] [ext: isaacsim.core.deprecation_manager-0.2.2] startup
[3.190s] [ext: omni.index.libs-380600.1777.0] startup
[3.190s] [ext: omni.ujitso.processor.texture-1.0.0] startup
[3.191s] [ext: omni.index-1.0.1] startup
[3.192s] [ext: omni.kit.widget.path_field-2.0.11] startup
[3.192s] [ext: omni.volume-0.5.0] startup
[3.198s] [ext: omni.ujitso.client-0.0.0] startup
[3.198s] [ext: omni.hydra.rtx.shadercache.vulkan-1.0.0] startup
[3.199s] [ext: omni.kit.widget.browser_bar-2.0.10] startup
[3.200s] [ext: omni.kit.clipboard-1.0.5] startup
[3.201s] [ext: omni.hydra.rtx-1.0.0] startup
2026-10-08 01:14:50 [3,201ms] [Warning] [omni.log] Source: omni.hydra was already registered.
[3.225s] [ext: omni.kit.viewport.registry-104.0.6] startup
[3.226s] [ext: omni.kit.helper.file_utils-0.1.9] startup
[3.227s] [ext: omni.kit.widget.options_menu-1.1.6] startup
[3.230s] [ext: omni.kit.menu.core-1.1.2] startup
[3.231s] [ext: omni.kit.widget.filebrowser-2.10.52] startup
[3.236s] [ext: omni.ui.scene-1.11.2] startup
[3.240s] [ext: omni.kit.widget.options_button-1.0.3] startup
[3.241s] [ext: omni.kit.widget.context_menu-1.2.4] startup
[3.242s] [ext: omni.kit.viewport.legacy_gizmos-1.0.16] startup
[3.245s] [ext: omni.kit.usd.layers-2.2.0] startup
[3.252s] [ext: omni.kit.window.filepicker-2.11.7] startup
[3.264s] [ext: omni.kit.hydra_texture-1.4.0] startup
[3.268s] [ext: omni.kit.viewport.scene_camera_model-1.0.5] startup
[3.274s] [ext: omni.kit.context_menu-1.8.3] startup
[3.275s] [ext: omni.kit.window.file_importer-1.1.14] startup
[3.277s] [ext: omni.kit.menu.utils-1.7.7] startup
[3.284s] [ext: omni.kit.widget.viewport-107.0.7] startup
[3.288s] [ext: omni.kit.window.drop_support-1.0.4] startup
[3.289s] [ext: omni.kit.raycast.query-1.0.5] startup
[3.294s] [ext: omni.kit.material.library-1.5.15] startup
[3.299s] [ext: omni.hydra.engine.stats-1.0.3] startup
[3.302s] [ext: omni.kit.viewport.window-107.0.8] startup
[3.320s] [ext: omni.warp.core-1.5.0] startup
[3.593s] [ext: omni.kit.viewport.utility-1.0.18] startup
[3.594s] [ext: omni.kit.hotkeys.core-1.3.10] startup
[3.595s] [ext: omni.kit.widget.prompt-1.0.7] startup
[3.596s] [ext: omni.kit.usd.collect-2.2.22] startup
[3.598s] [ext: omni.kit.window.content_browser_registry-0.0.6] startup
[3.599s] [ext: omni.graph.tools-1.79.1] startup
[3.621s] [ext: omni.kit.window.file_exporter-1.0.31] startup
[3.622s] [ext: omni.kit.stage_template.core-1.1.22] startup
[3.623s] [ext: omni.graph.image.core-0.6.0] startup
[3.624s] [ext: omni.graph.action_core-1.1.7] startup
[3.627s] [ext: omni.graph-1.140.2] startup
[3.673s] [ext: omni.kit.window.file-1.3.57] startup
[3.676s] [ext: omni.kit.widget.filter-1.1.4] startup
[3.678s] [ext: omni.graph.image.nodes-1.3.0] startup
[3.681s] [ext: omni.graph.action_nodes-1.40.1] startup
[3.685s] [ext: omni.kit.window.content_browser-2.10.3] startup
[3.713s] [ext: omni.kvdb-106.5.7] startup
[3.715s] [ext: omni.graph.action-1.120.0] startup
[3.717s] [ext: omni.kit.tool.collect-2.2.16] startup
[3.724s] [ext: omni.graph.nodes-1.162.1] startup
[3.745s] [ext: omni.kit.widget.searchfield-1.1.8] startup
[3.749s] [ext: omni.localcache-106.5.7] startup
[3.751s] [ext: omni.convexdecomposition-106.5.7] startup
[3.756s] [ext: omni.kit.widget.stage_icons-1.0.6] startup
[3.757s] [ext: omni.kit.widget.stage-2.11.6] startup
[3.769s] [ext: omni.usdphysics-106.5.7] startup
[3.773s] [ext: omni.physx.foundation-106.5.7] startup
[3.774s] [ext: omni.physics.tensors-106.5.7] startup
[3.783s] [ext: omni.kit.window.stage-2.5.11] startup
[3.788s] [ext: omni.kit.property.adapter.core-1.0.2] startup
[3.791s] [ext: omni.physx.cooking-106.5.7] startup
[3.801s] [ext: omni.kit.widget.zoombar-1.0.5] startup
[3.802s] [ext: omni.kit.widget.highlight_label-1.0.3] startup
[3.803s] [ext: omni.kit.property.adapter.usd-1.0.2] startup
[3.805s] [ext: omni.kit.property.adapter.fabric-1.0.3] startup
[3.807s] [ext: omni.physx-106.5.7] startup
[3.820s] [ext: omni.kit.browser.core-2.3.11] startup
[3.825s] [ext: omni.kit.window.property-1.11.5] startup
[3.828s] [ext: omni.kit.widget.text_editor-1.0.2] startup
[3.829s] [ext: omni.kit.property.usd-4.2.16] startup
[3.839s] [ext: omni.physx.tensors-106.5.7] startup
[3.845s] [ext: omni.kit.menu.stage-1.2.5] startup
[3.846s] [ext: omni.kit.browser.folder.core-1.10.1] startup
[3.853s] [ext: omni.warp-1.5.0] startup
[3.859s] [ext: isaacsim.examples.browser-0.1.8] startup
[3.865s] [ext: omni.physx.stageupdate-106.5.7] startup
[3.869s] [ext: omni.kit.numpy.common-0.1.2] startup
[3.872s] [ext: isaacsim.core.version-2.0.2] startup
[3.873s] [ext: omni.isaac.dynamic_control-1.3.15] startup
2026-10-08 01:14:51 [3,876ms] [Warning] [omni.isaac.dynamic_control] omni.isaac.dynamic_control is deprecated as of Isaac Sim 4.5. No action is needed from end-users.
[3.885s] [ext: isaacsim.storage.native-1.0.6] startup
[3.889s] [ext: omni.kit.menu.create-1.0.17] startup
[3.901s] [ext: isaacsim.core.utils-2.2.8] startup
[3.906s] [ext: omni.kit.widget.searchable_combobox-1.0.6] startup
[3.913s] [ext: omni.kit.primitive.mesh-1.0.17] startup
[3.936s] [ext: isaacsim.core.simulation_manager-0.3.3] startup
[5.363s] [ext: omni.kit.scripting-106.5.2] startup
[5.369s] [ext: omni.kit.stage_templates-1.2.6] startup
[5.372s] [ext: isaacsim.core.prims-0.3.7] startup
[5.391s] [ext: isaacsim.replicator.behavior-1.0.8] startup
[5.394s] [ext: isaacsim.core.api-4.2.16] startup
[5.405s] [ext: omni.ui_query-1.1.7] startup
[5.408s] [ext: omni.kit.manipulator.viewport-107.0.1] startup
[5.409s] [ext: omni.kit.ui_test-1.3.3] startup
[5.411s] [ext: omni.kit.window.extensions-1.4.25] startup
[5.417s] [ext: omni.graph.visualization.nodes-2.1.1] startup
[5.423s] [ext: omni.kit.tool.asset_importer-2.12.2] startup
[5.437s] [ext: isaacsim.gui.components-1.0.9] startup
[5.444s] [ext: omni.kit.widget.settings-1.2.2] startup
[5.449s] [ext: omni.kit.widget.graph-1.12.17] startup
[5.455s] [ext: omni.kit.window.preferences-1.7.0] startup
[5.461s] [ext: omni.kit.graph.delegate.default-1.2.2] startup
[5.462s] [ext: omni.kit.viewport.menubar.core-107.1.2] startup
[5.477s] [ext: omni.kit.widget.material_preview-1.0.16] startup
[5.479s] [ext: omni.kit.graph.usd.commands-1.3.1] startup
[5.480s] [ext: omni.kit.graph.editor.core-1.5.3] startup
[5.483s] [ext: omni.syntheticdata-0.6.10] startup
[5.512s] [ext: omni.kit.window.material_graph-1.8.19] startup
[5.547s] [ext: omni.graph.scriptnode-1.40.1] startup
[5.550s] [ext: isaacsim.core.cloner-1.3.4] startup
[5.552s] [ext: omni.replicator.core-1.11.35] startup
Warp 1.5.0 initialized:
   CUDA Toolkit 11.8, Driver 13.0
   Devices:
     "cpu"      : "x86_64"
     "cuda:0"   : "NVIDIA GeForce RTX 3070" (8 GiB, sm_86, mempool enabled)
   Kernel cache:
     /home/ubuntu2004/.cache/warp/1.5.0
2026-10-08 01:14:52 [5,639ms] [Warning] [omni.replicator.core.scripts.extension] No material configuration file, adding configuration to material settings directly.
[5.650s] [ext: omni.isaac.cloner-1.0.2] startup
2026-10-08 01:14:52 [5,644ms] [Warning] [omni.isaac.cloner] omni.isaac.cloner has been deprecated in favor of isaacsim.core.cloner. Please update your code accordingly.
[5.653s] [ext: isaacsim.core.nodes-2.1.4] startup
[5.664s] [ext: isaacsim.asset.importer.urdf-2.3.10] startup
[5.808s] [ext: omni.isaac.core-4.0.3] startup
2026-10-08 01:14:53 [5,803ms] [Warning] [omni.isaac.core.physics_context.physics_context] omni.isaac.core.physics_context.physics_context has been deprecated in favor of isaacsim.core.api.physics_context.physics_context. Please update your code accordingly.
2026-10-08 01:14:53 [5,804ms] [Warning] [omni.isaac.core.simulation_context.simulation_context] omni.isaac.core.simulation_context.simulation_context has been deprecated in favor of isaacsim.core.api.simulation_context.simulation_context. Please update your code accordingly.
2026-10-08 01:14:53 [5,805ms] [Warning] [omni.isaac.core.world.world] omni.isaac.core.world.world has been deprecated in favor of isaacsim.core.api.world.world. Please update your code accordingly.
2026-10-08 01:14:53 [5,805ms] [Warning] [omni.isaac.core] omni.isaac.core has been deprecated in favor of isaacsim.core.api. Please update your code accordingly.
[5.815s] [ext: omni.isaac.core_nodes-2.0.2] startup
2026-10-08 01:14:53 [5,815ms] [Warning] [omni.isaac.core_nodes] omni.isaac.core_nodes has been deprecated in favor of isaacsim.core.nodes. Please update your code accordingly.
[5.826s] [ext: omni.anim.curve.core-1.2.0] startup
[5.842s] [ext: isaacsim.robot_motion.lula-4.0.4] startup
[5.852s] [ext: isaacsim.asset.importer.mjcf-2.3.3] startup
[5.864s] [ext: isaacsim.robot_motion.motion_generation-8.0.6] startup
[5.884s] [ext: isaacsim.asset.browser-1.3.4] startup
[5.992s] [ext: isaacsim.robot.surface_gripper-2.0.6] startup
[5.996s] [ext: omni.kit.selection-0.1.5] startup
[5.999s] [ext: isaacsim.robot_motion.lula_test_widget-1.0.5] startup
[6.004s] [ext: omni.isaac.assets_check-0.3.9] startup
2026-10-08 01:14:53 [5,998ms] [Warning] [omni.isaac.assets_check] omni.isaac.assets_check has been deprecated in favor of isaacsim.asset.browser. Please update your code accordingly.
[6.006s] [ext: isaacsim.robot.manipulators-3.0.4] startup
[6.014s] [ext: isaacsim.sensors.physics-0.3.5] startup
[6.023s] [ext: isaacsim.gui.menu-2.0.9] startup
[6.045s] [ext: omni.isaac.lula_test_widget-1.0.2] startup
2026-10-08 01:14:53 [6,038ms] [Warning] [omni.isaac.lula_test_widget] omni.isaac.lula_test_widget has been deprecated in favor of isaacsim.robot_motion.lula_test_widget. Please update your code accordingly.
[6.047s] [ext: omni.sensors.nv.common-2.5.0-coreapi] startup
[6.059s] [ext: omni.isaac.manipulators-3.0.3] startup
2026-10-08 01:14:53 [6,052ms] [Warning] [omni.isaac.manipulators] omni.isaac.manipulators has been deprecated in favor of isaacsim.robot.manipulators. Please update your code accordingly.
2026-10-08 01:14:53 [6,052ms] [Warning] [omni.isaac.manipulators.controllers] omni.isaac.manipulators has been deprecated in favor of isaacsim.robot.manipulators. Please update your code accordingly.
2026-10-08 01:14:53 [6,052ms] [Warning] [omni.isaac.manipulators.controllers.pick_place_controller] omni.isaac.manipulators has been deprecated in favor of isaacsim.robot.manipulators. Please update your code accordingly.
2026-10-08 01:14:53 [6,053ms] [Warning] [omni.isaac.manipulators.controllers.stacking_controller] omni.isaac.manipulators has been deprecated in favor of isaacsim.robot.manipulators. Please update your code accordingly.
2026-10-08 01:14:53 [6,053ms] [Warning] [omni.isaac.manipulators.grippers] omni.isaac.manipulators has been deprecated in favor of isaacsim.robot.manipulators. Please update your code accordingly.
2026-10-08 01:14:53 [6,053ms] [Warning] [omni.isaac.manipulators.grippers.gripper] omni.isaac.manipulators has been deprecated in favor of isaacsim.robot.manipulators. Please update your code accordingly.
2026-10-08 01:14:53 [6,053ms] [Warning] [omni.isaac.manipulators.grippers.parallel_gripper] omni.isaac.manipulators has been deprecated in favor of isaacsim.robot.manipulators. Please update your code accordingly.
2026-10-08 01:14:53 [6,053ms] [Warning] [omni.isaac.manipulators.grippers.surface_gripper] omni.isaac.manipulators has been deprecated in favor of isaacsim.robot.manipulators. Please update your code accordingly.
2026-10-08 01:14:53 [6,053ms] [Warning] [omni.isaac.manipulators.manipulators] omni.isaac.manipulators has been deprecated in favor of isaacsim.robot.manipulators. Please update your code accordingly.
2026-10-08 01:14:53 [6,053ms] [Warning] [omni.isaac.manipulators.manipulators.single_manipulator] omni.isaac.manipulators has been deprecated in favor of isaacsim.robot.manipulators. Please update your code accordingly.
[6.062s] [ext: isaacsim.robot.policy.examples-4.0.3] startup
[6.065s] [ext: omni.isaac.menu-1.0.2] startup
2026-10-08 01:14:53 [6,059ms] [Warning] [omni.isaac.menu] omni.isaac.menu has been deprecated in favor of isaacsim.gui.menu. Please update your code accordingly.
[6.068s] [ext: omni.isaac.motion_generation-8.0.2] startup
2026-10-08 01:14:53 [6,062ms] [Warning] [omni.isaac.motion_generation] omni.isaac.motion_generation has been deprecated in favor of isaacsim.robot_motion.motion_generation. Please update your code accordingly.
2026-10-08 01:14:53 [6,062ms] [Warning] [omni.isaac.motion_generation.articulation_kinematics_solver] omni.isaac.motion_generation has been deprecated in favor of isaacsim.robot_motion.motion_generation. Please update your code accordingly.
2026-10-08 01:14:53 [6,062ms] [Warning] [omni.isaac.motion_generation.articulation_motion_policy] omni.isaac.motion_generation has been deprecated in favor of isaacsim.robot_motion.motion_generation. Please update your code accordingly.
2026-10-08 01:14:53 [6,062ms] [Warning] [omni.isaac.motion_generation.articulation_trajectory] omni.isaac.motion_generation has been deprecated in favor of isaacsim.robot_motion.motion_generation. Please update your code accordingly.
2026-10-08 01:14:53 [6,062ms] [Warning] [omni.isaac.motion_generation.kinematics_interface] omni.isaac.motion_generation has been deprecated in favor of isaacsim.robot_motion.motion_generation. Please update your code accordingly.
2026-10-08 01:14:53 [6,065ms] [Warning] [omni.isaac.motion_generation.lula] omni.isaac.motion_generation has been deprecated in favor of isaacsim.robot_motion.motion_generation. Please update your code accordingly.
2026-10-08 01:14:53 [6,065ms] [Warning] [omni.isaac.motion_generation.lula.kinematics] omni.isaac.motion_generation has been deprecated in favor of isaacsim.robot_motion.motion_generation. Please update your code accordingly.
2026-10-08 01:14:53 [6,065ms] [Warning] [omni.isaac.motion_generation.lula.motion_policies] omni.isaac.motion_generation has been deprecated in favor of isaacsim.robot_motion.motion_generation. Please update your code accordingly.
2026-10-08 01:14:53 [6,065ms] [Warning] [omni.isaac.motion_generation.lula.path_planners] omni.isaac.motion_generation has been deprecated in favor of isaacsim.robot_motion.motion_generation. Please update your code accordingly.
2026-10-08 01:14:53 [6,066ms] [Warning] [omni.isaac.motion_generation.lula.trajectory_generator] omni.isaac.motion_generation has been deprecated in favor of isaacsim.robot_motion.motion_generation. Please update your code accordingly.
2026-10-08 01:14:53 [6,066ms] [Warning] [omni.isaac.motion_generation.motion_policy_controller] omni.isaac.motion_generation has been deprecated in favor of isaacsim.robot_motion.motion_generation. Please update your code accordingly.
2026-10-08 01:14:53 [6,066ms] [Warning] [omni.isaac.motion_generation.motion_policy_interface] omni.isaac.motion_generation has been deprecated in favor of isaacsim.robot_motion.motion_generation. Please update your code accordingly.
2026-10-08 01:14:53 [6,066ms] [Warning] [omni.isaac.motion_generation.path_planner_visualizer] omni.isaac.motion_generation has been deprecated in favor of isaacsim.robot_motion.motion_generation. Please update your code accordingly.
2026-10-08 01:14:53 [6,066ms] [Warning] [omni.isaac.motion_generation.path_planning_interface] omni.isaac.motion_generation has been deprecated in favor of isaacsim.robot_motion.motion_generation. Please update your code accordingly.
2026-10-08 01:14:53 [6,066ms] [Warning] [omni.isaac.motion_generation.trajectory] omni.isaac.motion_generation has been deprecated in favor of isaacsim.robot_motion.motion_generation. Please update your code accordingly.
2026-10-08 01:14:53 [6,066ms] [Warning] [omni.isaac.motion_generation.world_interface] omni.isaac.motion_generation has been deprecated in favor of isaacsim.robot_motion.motion_generation. Please update your code accordingly.
[6.075s] [ext: omni.sensors.nv.materials-1.4.0-coreapi] startup
[6.078s] [ext: omni.isaac.nucleus-1.0.3] startup
2026-10-08 01:14:53 [6,071ms] [Warning] [omni.isaac.nucleus] omni.isaac.nucleus has been deprecated in favor of isaacsim.storage.native. Please update your code accordingly.
2026-10-08 01:14:53 [6,071ms] [Warning] [omni.isaac.nucleus.nucleus] omni.isaac.nucleus.nucleus has been deprecated in favor of isaacsim.storage.native. Please update your code accordingly.
[6.079s] [ext: omni.isaac.quadruped-3.0.2] startup
2026-10-08 01:14:53 [6,072ms] [Warning] [omni.isaac.quadruped] omni.isaac.quadruped has been deprecated in favor of isaacsim.robot.policy.examples. Please update your code accordingly.
[6.080s] [ext: omni.kit.manipulator.selector-1.1.1] startup
[6.083s] [ext: omni.sensors.nv.wpm-2.4.0-coreapi] startup
[6.085s] [ext: omni.sensors.nv.lidar-2.6.3-coreapi] startup
[6.091s] [ext: omni.sensors.nv.ids-1.4.0-coreapi] startup
[6.097s] [ext: isaacsim.robot.manipulators.examples-1.0.3] startup
[6.098s] [ext: isaacsim.util.debug_draw-2.0.2] startup
[6.104s] [ext: omni.sensors.tiled-0.0.6] startup
[6.106s] [ext: omni.sensors.nv.radar-2.6.1-coreapi] startup
[6.113s] [ext: omni.kit.widget.toolbar-1.7.3] startup
[6.121s] [ext: omni.kit.manipulator.transform-106.0.1] startup
[6.126s] [ext: isaacsim.sensors.physx-2.2.4] startup
[6.133s] [ext: isaacsim.sensors.rtx-13.6.3] startup
[6.141s] [ext: isaacsim.sensors.camera-0.2.9] startup
[6.152s] [ext: isaacsim.cortex.framework-1.0.2] startup
[6.156s] [ext: omni.kit.manipulator.tool.snap-1.5.12] startup
[6.173s] [ext: omni.isaac.range_sensor-4.0.2] startup
[6.176s] [ext: omni.isaac.surface_gripper-2.0.2] startup
2026-10-08 01:14:53 [6,169ms] [Warning] [omni.isaac.surface_gripper] omni.isaac.surface_gripper has been deprecated in favor of isaacsim.robot.surface_gripper. Please update your code accordingly.
[6.178s] [ext: omni.isaac.sensor-13.0.3] startup
2026-10-08 01:14:53 [6,171ms] [Warning] [omni.isaac.sensor] omni.isaac.sensor has been deprecated in favor of isaacsim.sensors.camera, isaacsim.sensors.physics, isaacsim.sensors.physx, and isaacsim.sensors.rtx. Please update your code accordingly.
2026-10-08 01:14:53 [6,172ms] [Warning] [omni.isaac.sensor.camera] omni.isaac.sensor.camera has been deprecated in favor of isaacsim.sensors.camera.camera. Please update your code accordingly.
2026-10-08 01:14:53 [6,172ms] [Warning] [omni.isaac.sensor.camera_view] omni.isaac.sensor.camera_view has been deprecated in favor of isaacsim.sensors.camera.camera_view. Please update your code accordingly.
2026-10-08 01:14:53 [6,172ms] [Warning] [omni.isaac.sensor.commands] omni.isaac.sensor.commands has been deprecated in favor of isaacsim.sensors.physics.commands, isaacsim.sensors.physx.commands, and isaacsim.sensors.rtx.commands. Please update your code accordingly.
2026-10-08 01:14:53 [6,172ms] [Warning] [omni.isaac.sensor.contact_sensor] omni.isaac.sensor.contact_sensor has been deprecated in favor of isaacsim.sensors.physics.contact_sensor. Please update your code accordingly.
2026-10-08 01:14:53 [6,172ms] [Warning] [omni.isaac.sensor.imu_sensor] omni.isaac.sensor.imu_sensor has been deprecated in favor of isaacsim.sensors.physics.imu_sensor. Please update your code accordingly.
2026-10-08 01:14:53 [6,173ms] [Warning] [omni.isaac.sensor.lidar_rtx] omni.isaac.sensor.lidar_rtx has been deprecated in favor of isaacsim.sensors.rtx.lidar_rtx. Please update your code accordingly.
2026-10-08 01:14:53 [6,173ms] [Warning] [omni.isaac.sensor.rotating_lidar_physX] omni.isaac.sensor.imu_sensor has been deprecated in favor of isaacsim.sensors.physix.rotating_lidar_physX. Please update your code accordingly.
2026-10-08 01:14:53 [6,173ms] [Warning] [omni.isaac.sensor.scripts.samples.contact_sensor] omni.isaac.sensor.scripts.samples.contact_sensor has been deprecated in favor of isaacsim.sensors.physics.scripts.samples.contact_sensor. Please update your code accordingly.
2026-10-08 01:14:53 [6,173ms] [Warning] [omni.isaac.sensor.scripts.samples.imu_sensor] omni.isaac.sensor.scripts.samples.imu_sensor has been deprecated in favor of isaacsim.sensors.physics.scripts.samples.imu_sensor. Please update your code accordingly.
2026-10-08 01:14:53 [6,173ms] [Warning] [omni.isaac.sensor.scripts.samples.lightbeam_sensor] omni.isaac.sensor.scripts.samples.lightbeam_sensor has been deprecated in favor of isaacsim.sensors.physx.scripts.samples.lightbeam_sensor. Please update your code accordingly.
[6.182s] [ext: omni.isaac.cortex-1.0.2] startup
2026-10-08 01:14:53 [6,176ms] [Warning] [omni.isaac.cortex] omni.isaac.cortex has been deprecated in favor of isaacsim.cortex.framework. Please update your code accordingly.
[6.184s] [ext: omni.kit.viewport.manipulator.transform-107.0.4] startup
[6.195s] [ext: omni.debugdraw-0.1.3] startup
[6.199s] [ext: omni.isaac.universal_robots-1.0.2] startup
2026-10-08 01:14:53 [6,192ms] [Warning] [omni.isaac.universal_robots] omni.isaac.universal_robots has been deprecated in favor of isaacsim.robot.manipulators.examples.universal_robots. Please update your code accordingly.
2026-10-08 01:14:53 [6,192ms] [Warning] [omni.isaac.universal_robots.kinematics_solver] omni.isaac.franka has been deprecated in favor of isaacsim.robot.manipulators.examples.universal_robots. Please update your code accordingly.
2026-10-08 01:14:53 [6,192ms] [Warning] [omni.isaac.universal_robots.ur10] omni.isaac.franka has been deprecated in favor of isaacsim.robot.manipulators.examples.universal_robots. Please update your code accordingly.
[6.201s] [ext: omni.isaac.utils-2.0.2] startup
[6.204s] [ext: omni.kit.manipulator.prim.core-107.0.7] startup
[6.210s] [ext: omni.fabric.commands-1.1.5] startup
[6.214s] [ext: omni.kit.manipulator.selection-106.0.1] startup
[6.216s] [ext: omni.kit.viewport.actions-107.0.0] startup
[6.221s] [ext: omni.kit.manipulator.prim.usd-107.0.3] startup
[6.223s] [ext: omni.kit.manipulator.prim.fabric-107.0.4] startup
[6.225s] [ext: isaacsim.cortex.behaviors-2.0.3] startup
[6.227s] [ext: omni.kit.widget.layers-1.8.2] startup
[6.242s] [ext: omni.kit.viewport.menubar.display-107.0.3] startup
[6.244s] [ext: omni.kit.manipulator.prim-107.0.0] startup
[6.246s] [ext: omni.isaac.cortex.sample_behaviors-2.0.2] startup
2026-10-08 01:14:53 [6,238ms] [Warning] [omni.isaac.cortex.sample_behaviors] omni.isaac.cortex.sample_behaviors has been deprecated in favor of isaacsim.cortex.behaviors. Please update your code accordingly.
[6.246s] [ext: omni.graph.ui_nodes-1.40.1] startup
[6.252s] [ext: omni.usdphysics.ui-106.5.7] startup
[6.290s] [ext: omni.physx.commands-106.5.7] startup
[6.295s] [ext: omni.kit.property.camera-1.0.9] startup
[6.297s] [ext: omni.hydra.scene_api-0.1.2] startup
[6.303s] [ext: omni.kit.property.geometry-1.3.3] startup
[6.307s] [ext: omni.kit.property.light-1.0.11] startup
[6.308s] [ext: omni.physx.ui-106.5.7] startup
[6.341s] [ext: omni.kit.property.material-1.10.17] startup
[6.348s] [ext: omni.kit.property.render-1.1.3] startup
[6.351s] [ext: omni.kit.property.transform-1.5.10] startup
[6.354s] [ext: omni.kit.property.audio-1.0.16] startup
[6.357s] [ext: isaacsim.gui.property-1.0.4] startup
[6.359s] [ext: omni.physx.demos-106.5.7] startup
[6.379s] [ext: omni.kit.property.physx-106.5.7] startup
[6.424s] [ext: omni.isaac.lula-4.0.2] startup
2026-10-08 01:14:53 [6,418ms] [Warning] [omni.isaac.lula] omni.isaac.lula has been deprecated in favor of isaacsim.robot_motion.lula. Please update your code accordingly.
[6.427s] [ext: omni.kit.property.bundle-1.3.2] startup
[6.429s] [ext: omni.kit.property.isaac-1.0.2] startup
2026-10-08 01:14:53 [6,421ms] [Warning] [omni.kit.property.isaac] omni.kit.property.isaac has been deprecated in favor of isaacsim.gui.property. Please update your code accordingly.
2026-10-08 01:14:53 [6,421ms] [Warning] [omni.kit.property.isaac.widgets] omni.kit.property.isaac.widgets has been deprecated in favor of isaacsim.gui.property.widgets. Please update your code accordingly.
[6.431s] [ext: omni.physx.vehicle-106.5.7] startup
[6.452s] [ext: omni.kit.viewport.menubar.camera-107.0.2] startup
[6.460s] [ext: omni.kit.viewport.menubar.lighting-106.0.2] startup
[6.463s] [ext: omni.kit.viewport.menubar.render-107.0.8] startup
[6.467s] [ext: omni.kit.viewport.menubar.settings-107.0.3] startup
[6.471s] [ext: omni.kit.window.console-0.2.14] startup
[6.481s] [ext: omni.physx.camera-106.5.7] startup
[6.495s] [ext: omni.kit.window.toolbar-1.6.2] startup
[6.500s] [ext: omni.isaac.version-2.0.2] startup
2026-10-08 01:14:53 [6,493ms] [Warning] [omni.isaac.version] omni.isaac.version has been deprecated in favor of isaacsim.core.version. Please update your code accordingly.
[6.501s] [ext: isaacsim.robot.wheeled_robots-4.0.3] startup
[6.506s] [ext: omni.physx.cct-106.5.7] startup
[6.525s] [ext: omni.physx.graph-106.5.7] startup
[6.561s] [ext: isaacsim.replicator.writers-1.0.1] startup
[6.593s] [ext: omni.physx.supportui-106.5.7] startup
[6.629s] [ext: omni.physx.telemetry-106.5.7] startup
[6.637s] [ext: omni.isaac.wheeled_robots-3.0.3] startup
2026-10-08 01:14:53 [6,630ms] [Warning] [omni.isaac.wheeled_robots] omni.isaac.wheeled_robots has been deprecated in favor of isaacsim.robot.wheeled_robots. Please update your code accordingly.
2026-10-08 01:14:53 [6,631ms] [Warning] [omni.isaac.wheeled_robots.controllers] omni.isaac.wheeled_robots has been deprecated in favor of isaacsim.robot.wheeled_robots. Please update your code accordingly.
2026-10-08 01:14:53 [6,631ms] [Warning] [omni.isaac.wheeled_robots.controllers.ackermann_controller] omni.isaac.wheeled_robots has been deprecated in favor of isaacsim.robot.wheeled_robots. Please update your code accordingly.
2026-10-08 01:14:53 [6,631ms] [Warning] [omni.isaac.wheeled_robots.controllers.differential_controller] omni.isaac.wheeled_robots has been deprecated in favor of isaacsim.robot.wheeled_robots. Please update your code accordingly.
2026-10-08 01:14:53 [6,631ms] [Warning] [omni.isaac.wheeled_robots.controllers.holonomic_controller] omni.isaac.wheeled_robots has been deprecated in favor of isaacsim.robot.wheeled_robots. Please update your code accordingly.
2026-10-08 01:14:53 [6,631ms] [Warning] [omni.isaac.wheeled_robots.controllers.quintic_path_planner] omni.isaac.wheeled_robots has been deprecated in favor of isaacsim.robot.wheeled_robots. Please update your code accordingly.
2026-10-08 01:14:53 [6,631ms] [Warning] [omni.isaac.wheeled_robots.controllers.stanley_control] omni.isaac.wheeled_robots has been deprecated in favor of isaacsim.robot.wheeled_robots. Please update your code accordingly.
2026-10-08 01:14:53 [6,632ms] [Warning] [omni.isaac.wheeled_robots.controllers.wheel_base_pose_controller] omni.isaac.wheeled_robots has been deprecated in favor of isaacsim.robot.wheeled_robots. Please update your code accordingly.
2026-10-08 01:14:53 [6,632ms] [Warning] [omni.isaac.wheeled_robots.impl] omni.isaac.wheeled_robots has been deprecated in favor of isaacsim.robot.wheeled_robots. Please update your code accordingly.
2026-10-08 01:14:53 [6,632ms] [Warning] [omni.isaac.wheeled_robots.robots] omni.isaac.wheeled_robots has been deprecated in favor of isaacsim.robot.wheeled_robots. Please update your code accordingly.
2026-10-08 01:14:53 [6,632ms] [Warning] [omni.isaac.wheeled_robots.robots.holonomic_robot_usd_setup] omni.isaac.wheeled_robots has been deprecated in favor of isaacsim.robot.wheeled_robots. Please update your code accordingly.
2026-10-08 01:14:53 [6,632ms] [Warning] [omni.isaac.wheeled_robots.robots.wheeled_robot] omni.isaac.wheeled_robots has been deprecated in favor of isaacsim.robot.wheeled_robots. Please update your code accordingly.
[6.641s] [ext: omni.isaac.franka-1.0.2] startup
2026-10-08 01:14:53 [6,636ms] [Warning] [omni.isaac.franka] omni.isaac.franka has been deprecated in favor of isaacsim.robot.manipulators.examples.franka. Please update your code accordingly.
2026-10-08 01:14:53 [6,636ms] [Warning] [omni.isaac.franka.franka] omni.isaac.franka has been deprecated in favor of isaacsim.robot.manipulators.examples.franka. Please update your code accordingly.
2026-10-08 01:14:53 [6,637ms] [Warning] [omni.isaac.franka.kinematics_solver] omni.isaac.franka has been deprecated in favor of isaacsim.robot.manipulators.examples.franka. Please update your code accordingly.
[6.646s] [ext: isaacsim.replicator.domain_randomization-1.0.2] startup
[6.651s] [ext: isaacsim.replicator.examples-1.1.2] startup
[6.657s] [ext: omni.kit.window.status_bar-0.1.7] startup
[6.670s] [ext: omni.rtx.window.settings-0.6.17] startup
[6.691s] [ext: omni.usd.metrics.assembler-106.5.0] startup
[6.705s] [ext: omni.physx.bundle-106.5.7] startup
[6.706s] [ext: isaacsim.app.about-2.0.7] startup
[6.707s] [ext: omni.replicator.isaac-2.0.3] startup
2026-10-08 01:14:54 [6,700ms] [Warning] [omni.replicator.isaac] omni.replicator.isaac has been deprecated in favor of isaacsim.replicator.domain_randomization, isaacsim.replicator.examples, isaacsim.replicator.writers. Please update your code accordingly.
[6.708s] [ext: omni.replicator.replicator_yaml-2.0.10] startup
[6.714s] [ext: omni.rtx.settings.core-0.6.3] startup
[6.722s] [ext: omni.usd.metrics.assembler.ui-106.5.0] startup
[6.730s] [ext: isaacsim.simulation_app-2.4.2] startup
[6.732s] [ext: omni.isaac.window.about-2.0.2] startup
2026-10-08 01:14:54 [6,725ms] [Warning] [omni.isaac.window.about] omni.isaac.window.about has been deprecated in favor of isaacsim.app.about. Please update your code accordingly.
2026-10-08 01:14:54 [6,725ms] [Warning] [omni.isaac.window.about.about] omni.isaac.window.about.about has been deprecated in favor of isaacsim.app.about.about. Please update your code accordingly.
[6.733s] [ext: semantics.schema.editor-0.3.10] startup
[6.737s] [ext: omni.kit.ui.actions-1.0.2] startup
[6.738s] [ext: semantics.schema.property-1.0.5] startup
[6.740s] [ext: omni.kit.manipulator.camera-106.0.3] startup
[6.745s] [ext: omni.isaac.kit-2.0.3] startup
2026-10-08 01:14:54 [6,737ms] [Warning] [omni.isaac.kit] omni.isaac.kit has been deprecated in favor of isaacsim.simulation_app. Please update your code accordingly.
[6.745s] [ext: omni.isaac.asset_browser-1.0.2] startup
2026-10-08 01:14:54 [6,738ms] [Warning] [omni.isaac.asset_browser] omni.isaac.asset_browser has been deprecated in favor of isaacsim.asset.browser. Please update your code accordingly.
[6.746s] [ext: isaacsim.core.throttling-2.0.2] startup
[6.748s] [ext: omni.kit.menu.common-1.1.9] startup
[6.750s] [ext: isaacsim.exp.base-4.5.0] startup
[6.751s] [ext: isaacsim.exp.base.python-4.5.0] startup
[6.752s] [ext: isaacsim.code_editor.vscode-1.0.5] startup
[6.754s] Simulation App Starting
[7.773s] app ready
2026-10-08 01:14:55 [7,774ms] [Warning] [rtx.scenedb.plugin] SceneDbContext : TLAS limit buffer size 7508933632
2026-10-08 01:14:55 [7,774ms] [Warning] [rtx.scenedb.plugin] SceneDbContext : TLAS limit : valid false, within: false
2026-10-08 01:14:55 [7,774ms] [Warning] [rtx.scenedb.plugin] SceneDbContext : TLAS limit : decrement: 167690, decrement size: 7433845248
2026-10-08 01:14:55 [7,774ms] [Warning] [rtx.scenedb.plugin] SceneDbContext : New limit 9574251 (slope: 447, intercept: 13179904)
2026-10-08 01:14:55 [7,774ms] [Warning] [rtx.scenedb.plugin] SceneDbContext : TLAS limit buffer size 4287216384
2026-10-08 01:14:55 [7,774ms] [Warning] [rtx.scenedb.plugin] SceneDbContext : TLAS limit : valid true, within: true
2026-10-08 01:14:55 [7,870ms] [Warning] [omni.usd-abi.plugin] No setting was found for '/rtx-defaults-transient/meshlights/forceDisable'
2026-10-08 01:14:55 [7,912ms] [Warning] [omni.usd-abi.plugin] No setting was found for '/rtx-defaults/post/dlss/execMode'
[10.793s] Simulation App Startup Complete
[Task26] 关节量程已对齐本仓库官方 FR3（joint_limits.yaml）；NVIDIA fr3.usd 的窄量程是规划/物理不一致的来源，见 _apply_official_joint_limits 注释
TASK01 VISIBLE_SINGLE_CUBE_GUI_READY: before physics load; no controller
2026-10-08 01:15:00 [13,181ms] [Warning] [omni.physx.plugin] The rigid body at /World/left_fr3/fr3_hand_tcp has a possibly invalid inertia tensor of {1.0, 1.0, 1.0} and a negative mass, small sphere approximated inertia was used. Either specify correct values in the mass properties, or add collider(s) to any shape(s) that you wish to automatically compute mass properties for.
2026-10-08 01:15:00 [13,182ms] [Warning] [omni.physx.plugin] The rigid body at /World/right_fr3/fr3_hand_tcp has a possibly invalid inertia tensor of {1.0, 1.0, 1.0} and a negative mass, small sphere approximated inertia was used. Either specify correct values in the mass properties, or add collider(s) to any shape(s) that you wish to automatically compute mass properties for.
2026-10-08 01:15:00 [13,182ms] [Warning] [omni.physx.plugin] Detected an articulation at /World/left_fr3 with more than 4 velocity iterations being added to a TGS scene.The related behavior changed recently, please consult the changelog. This warning will only print once.
2026-10-08 01:15:00 [13,183ms] [Warning] [omni.physx.plugin] Deprecated function, please use IPhysxCooking::requestConvexCollisionRepresentation interface instead.
2026-10-08 01:15:00 [13,183ms] [Warning] [omni.physx.plugin] Deprecated function, please use IPhysxCooking::requestConvexCollisionRepresentation interface instead.
2026-10-08 01:15:00 [13,186ms] [Warning] [omni.physx.plugin] Deprecated function, please use IPhysxCooking::requestConvexCollisionRepresentation interface instead.
2026-10-08 01:15:00 [13,186ms] [Warning] [omni.physx.plugin] Deprecated function, please use IPhysxCooking::requestConvexCollisionRepresentation interface instead.
2026-10-08 01:15:00 [13,188ms] [Warning] [omni.physx.plugin] Deprecated function, please use IPhysxCooking::requestConvexCollisionRepresentation interface instead.
2026-10-08 01:15:00 [13,188ms] [Warning] [omni.physx.plugin] Deprecated function, please use IPhysxCooking::requestConvexCollisionRepresentation interface instead.
2026-10-08 01:15:00 [13,191ms] [Warning] [omni.physx.plugin] Deprecated function, please use IPhysxCooking::requestConvexCollisionRepresentation interface instead.
2026-10-08 01:15:00 [13,191ms] [Warning] [omni.physx.plugin] Deprecated function, please use IPhysxCooking::requestConvexCollisionRepresentation interface instead.
2026-10-08 01:15:00 [13,193ms] [Warning] [omni.physx.plugin] Deprecated function, please use IPhysxCooking::requestConvexCollisionRepresentation interface instead.
2026-10-08 01:15:00 [13,193ms] [Warning] [omni.physx.plugin] Deprecated function, please use IPhysxCooking::requestConvexCollisionRepresentation interface instead.
2026-10-08 01:15:00 [13,195ms] [Warning] [omni.physx.plugin] Deprecated function, please use IPhysxCooking::requestConvexCollisionRepresentation interface instead.
2026-10-08 01:15:00 [13,196ms] [Warning] [omni.physx.plugin] Deprecated function, please use IPhysxCooking::requestConvexCollisionRepresentation interface instead.
2026-10-08 01:15:00 [13,198ms] [Warning] [omni.physx.plugin] Deprecated function, please use IPhysxCooking::requestConvexCollisionRepresentation interface instead.
2026-10-08 01:15:00 [13,198ms] [Warning] [omni.physx.plugin] Deprecated function, please use IPhysxCooking::requestConvexCollisionRepresentation interface instead.
2026-10-08 01:15:00 [13,200ms] [Warning] [omni.physx.plugin] Deprecated function, please use IPhysxCooking::requestConvexCollisionRepresentation interface instead.
2026-10-08 01:15:00 [13,201ms] [Warning] [omni.physx.plugin] Deprecated function, please use IPhysxCooking::requestConvexCollisionRepresentation interface instead.
2026-10-08 01:15:00 [13,203ms] [Warning] [omni.physx.plugin] Deprecated function, please use IPhysxCooking::requestConvexCollisionRepresentation interface instead.
2026-10-08 01:15:00 [13,203ms] [Warning] [omni.physx.plugin] Deprecated function, please use IPhysxCooking::requestConvexCollisionRepresentation interface instead.
2026-10-08 01:15:00 [13,205ms] [Warning] [omni.physx.plugin] Deprecated function, please use IPhysxCooking::requestConvexCollisionRepresentation interface instead.
2026-10-08 01:15:00 [13,205ms] [Warning] [omni.physx.plugin] Deprecated function, please use IPhysxCooking::requestConvexCollisionRepresentation interface instead.
2026-10-08 01:15:00 [13,207ms] [Warning] [omni.physx.plugin] Deprecated function, please use IPhysxCooking::requestConvexCollisionRepresentation interface instead.
2026-10-08 01:15:00 [13,207ms] [Warning] [omni.physx.plugin] Deprecated function, please use IPhysxCooking::requestConvexCollisionRepresentation interface instead.
2026-10-08 01:15:00 [13,210ms] [Warning] [omni.physx.plugin] Deprecated function, please use IPhysxCooking::requestConvexCollisionRepresentation interface instead.
2026-10-08 01:15:00 [13,210ms] [Warning] [omni.physx.plugin] Deprecated function, please use IPhysxCooking::requestConvexCollisionRepresentation interface instead.
2026-10-08 01:15:00 [13,212ms] [Warning] [omni.physx.plugin] Deprecated function, please use IPhysxCooking::requestConvexCollisionRepresentation interface instead.
2026-10-08 01:15:00 [13,212ms] [Warning] [omni.physx.plugin] Deprecated function, please use IPhysxCooking::requestConvexCollisionRepresentation interface instead.
2026-10-08 01:15:00 [13,215ms] [Warning] [omni.physx.plugin] Deprecated function, please use IPhysxCooking::requestConvexCollisionRepresentation interface instead.
2026-10-08 01:15:00 [13,215ms] [Warning] [omni.physx.plugin] Deprecated function, please use IPhysxCooking::requestConvexCollisionRepresentation interface instead.
2026-10-08 01:15:00 [13,217ms] [Warning] [omni.physx.plugin] Deprecated function, please use IPhysxCooking::requestConvexCollisionRepresentation interface instead.
2026-10-08 01:15:00 [13,217ms] [Warning] [omni.physx.plugin] Deprecated function, please use IPhysxCooking::requestConvexCollisionRepresentation interface instead.
2026-10-08 01:15:00 [13,220ms] [Warning] [omni.physx.plugin] Deprecated function, please use IPhysxCooking::requestConvexCollisionRepresentation interface instead.
2026-10-08 01:15:00 [13,220ms] [Warning] [omni.physx.plugin] Deprecated function, please use IPhysxCooking::requestConvexCollisionRepresentation interface instead.
2026-10-08 01:15:00 [13,329ms] [Error] [omni.kit.app._impl] [py stderr]: Traceback (most recent call last):
2026-10-08 01:15:00 [13,329ms] [Error] [omni.kit.app._impl] [py stderr]:   File "/home/ubuntu2004/lmy/dual-arm-coordinated-manipulation-reproduction/platforms/isaac_ros2/probes/task01_single_cube_model_parity_gui.py", line 622, in main
    sync["existing_pose_ops_written"] = mirror_existing_body_pose_ops(
2026-10-08 01:15:00 [13,329ms] [Error] [omni.kit.app._impl] [py stderr]:   File "/home/ubuntu2004/lmy/dual-arm-coordinated-manipulation-reproduction/platforms/isaac_ros2/probes/task01_single_cube_model_parity_gui.py", line 248, in mirror_existing_body_pose_ops
    orients[0].Set(q)
2026-10-08 01:15:00 [13,329ms] [Error] [omni.kit.app._impl] [py stderr]: pxr.Tf.ErrorException: 
	Error in 'pxrInternal_v0_22__pxrReserved__::UsdStage::_SetValueImpl' at line 6189 in file /builds/omniverse/usd-ci/USD/pxr/usd/usd/stage.cpp : 'Type mismatch for </World/Task01/Cube.xformOp:orient>: expected 'GfQuatf', got 'GfQuatd''
2026-10-08 01:15:01 [14,373ms] [Error] [omni.physx.plugin] No USD stage attached.
2026-10-08 01:15:01 [14,374ms] [Error] [omni.physx.tensors.plugin] Failed to create simulation view: no active physics scene found
2026-10-08 01:15:01 [14,374ms] [Error] [omni.kit.app._impl] [py stderr]: Traceback (most recent call last):
2026-10-08 01:15:01 [14,374ms] [Error] [omni.kit.app._impl] [py stderr]:   File "/home/ubuntu2004/isaacsim-4.5.0/exts/isaacsim.core.simulation_manager/isaacsim/core/simulation_manager/impl/simulation_manager.py", line 126, in _create_simulation_view
2026-10-08 01:15:01 [14,374ms] [Error] [omni.kit.app._impl] [py stderr]:     SimulationManager._physics_sim_view = omni.physics.tensors.create_simulation_view(SimulationManager._backend)
2026-10-08 01:15:01 [14,374ms] [Error] [omni.kit.app._impl] [py stderr]:   File "/home/ubuntu2004/isaacsim-4.5.0/extsPhysics/omni.physics.tensors/omni/physics/tensors/impl/api.py", line 29, in create_simulation_view
2026-10-08 01:15:01 [14,374ms] [Error] [omni.kit.app._impl] [py stderr]:     raise Exception("Failed to create simulation view backend")
2026-10-08 01:15:01 [14,374ms] [Error] [omni.kit.app._impl] [py stderr]: Exception: Failed to create simulation view backend
2026-10-08 01:15:01 [14,376ms] [Warning] [omni.usd] Unexpected reference count of 2 for UsdStage 'anon:0x3c512650:World1.usd' while being closed in UsdContext (this may indicate it is still resident in memory).
[14.491s] Simulation App Shutting Down
