-- The CXX compiler identification is GNU 11.4.0
-- Detecting CXX compiler ABI info
-- Detecting CXX compiler ABI info - done
-- Check for working CXX compiler: /usr/bin/c++ - skipped
-- Detecting CXX compile features
-- Detecting CXX compile features - done
-- Found nlohmann_json: /usr/lib/cmake/nlohmann_json/nlohmann_jsonConfig.cmake (found version "3.10.5") 
-- Found moveit_core: 2.5.9 (/opt/ros/humble/share/moveit_core/cmake)
-- Found Boost: /usr/lib/x86_64-linux-gnu/cmake/Boost-1.74.0/BoostConfig.cmake (found version "1.74.0") found components: chrono date_time filesystem iostreams program_options regex serialization system thread 
-- Found Python3: /usr/bin/python3 (found version "3.10.12") found components: Interpreter 
Traceback (most recent call last):
  File "/opt/ros/humble/share/ament_cmake_core/cmake/package_templates/templates_2_cmake.py", line 21, in <module>
    from ament_package.templates import get_environment_hook_template_path
ModuleNotFoundError: No module named 'ament_package'
CMake Error at /opt/ros/humble/share/ament_cmake_core/cmake/ament_cmake_package_templates-extras.cmake:41 (message):
  execute_process(/usr/bin/python3
  /opt/ros/humble/share/ament_cmake_core/cmake/package_templates/templates_2_cmake.py
  /home/ubuntu2004/lmy/dual-arm-coordinated-manipulation-reproduction/build/task04_projection/task03_reuse/ament_cmake_package_templates/templates.cmake)
  returned error code 1
Call Stack (most recent call first):
  /opt/ros/humble/share/ament_cmake_core/cmake/ament_cmake_coreConfig.cmake:41 (include)
  /opt/ros/humble/share/moveit_core/cmake/ament_cmake_export_dependencies-extras.cmake:15 (find_package)
  /opt/ros/humble/share/moveit_core/cmake/moveit_coreConfig.cmake:41 (include)
  /home/ubuntu2004/lmy/dual-arm-coordinated-manipulation-reproduction/platforms/offline_moveit/task03_closure/CMakeLists.txt:6 (find_package)


-- Configuring incomplete, errors occurred!
See also "/home/ubuntu2004/lmy/dual-arm-coordinated-manipulation-reproduction/build/task04_projection/CMakeFiles/CMakeOutput.log".
