[Info] [carb] Logging to file: /home/ubuntu2004/isaacsim-4.5.0/kit/logs/Kit/Isaac-Sim Python/4.5/kit_20261008_213019.log
2026-10-08 13:30:19 [0ms] [Warning] [omni.kit.app.plugin] No crash reporter present, dumps uploading isn't available.
[7.673s] [ext: omni.kit.async_engine-0.0.1] startup
[12.699s] [ext: omni.metrics.core-0.0.1] startup
[12.786s] [ext: omni.client.lib-1.0.0] startup
[13.563s] [ext: omni.blobkey-1.1.2] startup
[13.587s] [ext: omni.stats-1.0.1] startup
[13.617s] [ext: omni.datastore-0.0.0] startup
[13.986s] [ext: omni.client-1.2.2] startup
[14.295s] [ext: omni.ujitso.default-1.0.0] startup
[14.363s] [ext: omni.hsscclient-1.1.1] startup
2026-10-08 13:30:34 [14,259ms] [Warning] [omni.datastore] OmniHub is inaccessible
[14.530s] [ext: omni.gpu_foundation.shadercache.vulkan-1.0.0] startup
[14.569s] [ext: omni.assets.plugins-0.0.0] startup
[14.664s] [ext: omni.gpu_foundation-0.0.0] startup
[15.343s] [ext: carb.windowing.plugins-1.0.0] startup
[15.415s] [ext: omni.kit.renderer.init-0.0.0] startup

|---------------------------------------------------------------------------------------------|
| Driver Version: 580.178.04    | Graphics API: Vulkan
|=============================================================================================|
| GPU | Name                             | Active | LDA | GPU Memory | Vendor-ID | LUID       |
|     |                                  |        |     |            | Device-ID | UUID       |
|     |                                  |        |     |            | Bus-ID    |            |
|---------------------------------------------------------------------------------------------|
| 0   | NVIDIA GeForce RTX 3070          | Yes: 0 |     | 8438    MB | 10de      | 0          |
|     |                                  |        |     |            | 2488      | ba060710.. |
|     |                                  |        |     |            | 1         |            |
|=============================================================================================|
| OS: 22.04.5 LTS (Jammy Jellyfish) ubuntu, Version: 22.04.5, Kernel: 6.8.0-138-generic
| XServer Vendor: The X.Org Foundation, XServer Version: 12101004 (1.21.1.4)
| Processor: Intel(R) Core(TM) i7-10700F CPU @ 2.90GHz
| Cores: 8 | Logical Cores: 16
|---------------------------------------------------------------------------------------------|
| Total Memory (MB): 48107 | Free Memory: 41794
| Total Page/Swap (MB): 2047 | Free Page/Swap: 2047
|---------------------------------------------------------------------------------------------|
[18.224s] [ext: omni.kit.pipapi-0.0.0] startup
[18.256s] [ext: omni.kit.pip_archive-0.0.0] startup
[18.256s] [ext: omni.pip.compute-1.4.5] startup
[18.275s] [ext: omni.materialx.libs-1.0.6] startup
[18.396s] [ext: omni.kit.telemetry-0.5.1] startup
[18.531s] [ext: omni.pip.cloud-1.1.7] startup
[18.581s] [ext: omni.isaac.core_archive-2.3.3] startup
[18.582s] [ext: omni.usd.config-1.0.5] startup
[18.779s] [ext: omni.gpucompute.plugins-0.0.0] startup
[18.902s] [ext: omni.usd.libs-1.0.1] startup
[21.550s] [ext: omni.isaac.ml_archive-2.1.2] startup
[21.576s] [ext: omni.mdl-55.0.1] startup
[21.715s] [ext: omni.iray.libs-0.0.0] startup
[23.473s] [ext: omni.mdl.neuraylib-0.2.10] startup
[23.554s] [ext: omni.kit.usd.mdl-1.0.7] startup
[25.282s] [ext: omni.kit.loop-isaac-1.2.1] startup
[25.332s] [ext: omni.kit.test-1.1.2] startup
[25.646s] [ext: omni.appwindow-1.1.9] startup
[25.724s] [ext: omni.kit.renderer.core-1.0.2] startup
[26.054s] [ext: omni.kit.renderer.capture-0.0.0] startup
[26.090s] [ext: omni.kit.renderer.imgui-1.0.2] startup
[26.537s] [ext: omni.ui-2.26.5] startup
[26.679s] [ext: omni.kit.mainwindow-1.0.3] startup
[26.684s] [ext: carb.audio-0.1.0] startup
[26.744s] [ext: omni.uiaudio-1.0.0] startup
[26.779s] [ext: omni.kit.uiapp-0.0.0] startup
[26.779s] [ext: omni.usd.schema.metrics.assembler-106.5.0] startup
[26.807s] [ext: omni.usd.schema.anim-0.0.0] startup
[27.378s] [ext: omni.usd.schema.isaac-3.0.2] startup
[27.378s] [ext: omni.usd.schema.geospatial-0.0.0] startup
[27.405s] [ext: omni.usd.schema.physx-106.5.7] startup
[27.739s] [ext: omni.usd.schema.audio-0.0.0] startup
[27.803s] [ext: omni.usd.schema.semantics-0.0.0] startup
[27.853s] [ext: omni.usd_resolver-1.0.0] startup
[27.915s] [ext: usdrt.scenegraph-7.5.1] startup
[28.350s] [ext: omni.kit.actions.core-1.0.0] startup
[28.421s] [ext: omni.timeline-1.0.11] startup
[28.456s] [ext: omni.usd.core-1.4.2] startup
[28.491s] [ext: omni.resourcemonitor-107.0.0] startup
[28.527s] [ext: omni.activity.core-1.0.1] startup
[28.546s] [ext: omni.kit.audiodeviceenum-1.0.1] startup
[28.584s] [ext: omni.hydra.usdrt_delegate-7.5.1] startup
[29.193s] [ext: omni.graph.exec-0.9.4] startup
[29.286s] [ext: omni.kit.window.popup_dialog-2.0.24] startup
[29.325s] [ext: omni.kit.exec.core-0.13.4] startup
[29.366s] [ext: omni.kit.widget.nucleus_connector-1.1.10] startup
[29.369s] [ext: omni.kit.usd_undo-0.1.8] startup
[29.378s] [ext: omni.kit.commands-1.4.9] startup
[29.408s] [ext: omni.hydra.scene_delegate-0.3.3] startup
[29.478s] [ext: omni.usd-1.12.4] startup
[29.811s] [ext: omni.kit.asset_converter-2.8.3] startup
[30.126s] [ext: omni.usd.schema.omniscripting-1.0.0] startup
[30.219s] [ext: omni.usd.schema.omnigraph-1.0.0] startup
[30.285s] [ext: omni.usd.schema.forcefield-106.5.7] startup
[30.358s] [ext: isaacsim.robot.schema-3.1.2] startup
[30.460s] [ext: omni.inspect-1.0.1] startup
[30.485s] [ext: omni.kit.notification_manager-1.0.9] startup
[30.488s] [ext: omni.graph.core-2.181.8] startup
[30.619s] [ext: isaacsim.core.deprecation_manager-0.2.2] startup
[30.637s] [ext: omni.index.libs-380600.1777.0] startup
[30.637s] [ext: omni.ujitso.processor.texture-1.0.0] startup
[30.676s] [ext: omni.index-1.0.1] startup
[30.707s] [ext: omni.kit.widget.path_field-2.0.11] startup
[30.727s] [ext: omni.volume-0.5.0] startup
[30.961s] [ext: omni.ujitso.client-0.0.0] startup
[30.977s] [ext: omni.hydra.rtx.shadercache.vulkan-1.0.0] startup
[30.984s] [ext: omni.kit.widget.browser_bar-2.0.10] startup
[31.005s] [ext: omni.kit.clipboard-1.0.5] startup
[31.052s] [ext: omni.hydra.rtx-1.0.0] startup
2026-10-08 13:30:50 [31,011ms] [Warning] [omni.log] Source: omni.hydra was already registered.
[31.844s] [ext: omni.kit.viewport.registry-104.0.6] startup
[31.865s] [ext: omni.kit.helper.file_utils-0.1.9] startup
[31.893s] [ext: omni.kit.widget.options_menu-1.1.6] startup
[31.898s] [ext: omni.kit.menu.core-1.1.2] startup
[31.923s] [ext: omni.kit.widget.filebrowser-2.10.52] startup
[31.940s] [ext: omni.ui.scene-1.11.2] startup
[32.023s] [ext: omni.kit.widget.options_button-1.0.3] startup
[32.054s] [ext: omni.kit.widget.context_menu-1.2.4] startup
[32.056s] [ext: omni.kit.viewport.legacy_gizmos-1.0.16] startup
[32.092s] [ext: omni.kit.usd.layers-2.2.0] startup
[32.168s] [ext: omni.kit.window.filepicker-2.11.7] startup
[32.215s] [ext: omni.kit.hydra_texture-1.4.0] startup
[32.358s] [ext: omni.kit.viewport.scene_camera_model-1.0.5] startup
[33.081s] [ext: omni.kit.context_menu-1.8.3] startup
[33.096s] [ext: omni.kit.window.file_importer-1.1.14] startup
[33.132s] [ext: omni.kit.menu.utils-1.7.7] startup
[33.177s] [ext: omni.kit.widget.viewport-107.0.7] startup
[33.213s] [ext: omni.kit.window.drop_support-1.0.4] startup
[33.214s] [ext: omni.kit.raycast.query-1.0.5] startup
[33.268s] [ext: omni.kit.material.library-1.5.15] startup
[33.302s] [ext: omni.hydra.engine.stats-1.0.3] startup
[33.318s] [ext: omni.kit.viewport.window-107.0.8] startup
[33.430s] [ext: omni.warp.core-1.5.0] startup
[34.687s] [ext: omni.kit.viewport.utility-1.0.18] startup
[34.714s] [ext: omni.kit.hotkeys.core-1.3.10] startup
[34.715s] [ext: omni.kit.widget.prompt-1.0.7] startup
[34.744s] [ext: omni.kit.usd.collect-2.2.22] startup
[34.778s] [ext: omni.kit.window.content_browser_registry-0.0.6] startup
[34.800s] [ext: omni.graph.tools-1.79.1] startup
[34.909s] [ext: omni.kit.window.file_exporter-1.0.31] startup
[34.942s] [ext: omni.kit.stage_template.core-1.1.22] startup
[34.944s] [ext: omni.graph.image.core-0.6.0] startup
[34.971s] [ext: omni.graph.action_core-1.1.7] startup
[35.040s] [ext: omni.graph-1.140.2] startup
[35.206s] [ext: omni.kit.window.file-1.3.57] startup
[35.223s] [ext: omni.kit.widget.filter-1.1.4] startup
[35.263s] [ext: omni.graph.image.nodes-1.3.0] startup
[35.348s] [ext: omni.graph.action_nodes-1.40.1] startup
[35.415s] [ext: omni.kit.window.content_browser-2.10.3] startup
[35.636s] [ext: omni.kvdb-106.5.7] startup
[35.677s] [ext: omni.graph.action-1.120.0] startup
[35.678s] [ext: omni.kit.tool.collect-2.2.16] startup
[35.701s] [ext: omni.graph.nodes-1.162.1] startup
[36.175s] [ext: omni.kit.widget.searchfield-1.1.8] startup
[36.199s] [ext: omni.localcache-106.5.7] startup
[36.231s] [ext: omni.convexdecomposition-106.5.7] startup
[36.279s] [ext: omni.kit.widget.stage_icons-1.0.6] startup
[36.306s] [ext: omni.kit.widget.stage-2.11.6] startup
[36.358s] [ext: omni.usdphysics-106.5.7] startup
[36.383s] [ext: omni.physx.foundation-106.5.7] startup
[36.475s] [ext: omni.physics.tensors-106.5.7] startup
[36.557s] [ext: omni.kit.window.stage-2.5.11] startup
[36.563s] [ext: omni.kit.property.adapter.core-1.0.2] startup
[36.602s] [ext: omni.physx.cooking-106.5.7] startup
[36.682s] [ext: omni.kit.widget.zoombar-1.0.5] startup
[36.702s] [ext: omni.kit.widget.highlight_label-1.0.3] startup
[36.726s] [ext: omni.kit.property.adapter.usd-1.0.2] startup
[36.729s] [ext: omni.kit.property.adapter.fabric-1.0.3] startup
[36.732s] [ext: omni.physx-106.5.7] startup
[37.014s] [ext: omni.kit.browser.core-2.3.11] startup
[37.035s] [ext: omni.kit.window.property-1.11.5] startup
[37.100s] [ext: omni.kit.widget.text_editor-1.0.2] startup
[37.138s] [ext: omni.kit.property.usd-4.2.16] startup
[37.205s] [ext: omni.physx.tensors-106.5.7] startup
[37.282s] [ext: omni.kit.menu.stage-1.2.5] startup
[37.301s] [ext: omni.kit.browser.folder.core-1.10.1] startup
[37.348s] [ext: omni.warp-1.5.0] startup
[37.384s] [ext: isaacsim.examples.browser-0.1.8] startup
[37.407s] [ext: omni.physx.stageupdate-106.5.7] startup
[37.561s] [ext: omni.kit.numpy.common-0.1.2] startup
[37.572s] [ext: isaacsim.core.version-2.0.2] startup
[37.588s] [ext: omni.isaac.dynamic_control-1.3.15] startup
2026-10-08 13:30:57 [37,556ms] [Warning] [omni.isaac.dynamic_control] omni.isaac.dynamic_control is deprecated as of Isaac Sim 4.5. No action is needed from end-users.
[37.738s] [ext: isaacsim.storage.native-1.0.6] startup
[37.750s] [ext: omni.kit.menu.create-1.0.17] startup
[37.765s] [ext: isaacsim.core.utils-2.2.8] startup
[37.813s] [ext: omni.kit.widget.searchable_combobox-1.0.6] startup
[37.838s] [ext: omni.kit.primitive.mesh-1.0.17] startup
[37.846s] [ext: isaacsim.core.simulation_manager-0.3.3] startup
[47.591s] [ext: omni.kit.scripting-106.5.2] startup
[47.678s] [ext: omni.kit.stage_templates-1.2.6] startup
[47.732s] [ext: isaacsim.core.prims-0.3.7] startup
[47.875s] [ext: isaacsim.replicator.behavior-1.0.8] startup
[47.878s] [ext: isaacsim.core.api-4.2.16] startup
[47.944s] [ext: omni.ui_query-1.1.7] startup
[47.975s] [ext: omni.kit.manipulator.viewport-107.0.1] startup
[47.984s] [ext: omni.kit.ui_test-1.3.3] startup
[47.988s] [ext: omni.kit.window.extensions-1.4.25] startup
[48.006s] [ext: omni.graph.visualization.nodes-2.1.1] startup
[48.022s] [ext: omni.kit.tool.asset_importer-2.12.2] startup
[48.174s] [ext: isaacsim.gui.components-1.0.9] startup
[48.198s] [ext: omni.kit.widget.settings-1.2.2] startup
[48.229s] [ext: omni.kit.widget.graph-1.12.17] startup
[48.247s] [ext: omni.kit.window.preferences-1.7.0] startup
[48.283s] [ext: omni.kit.graph.delegate.default-1.2.2] startup
[48.290s] [ext: omni.kit.viewport.menubar.core-107.1.2] startup
[48.348s] [ext: omni.kit.widget.material_preview-1.0.16] startup
[48.352s] [ext: omni.kit.graph.usd.commands-1.3.1] startup
[48.363s] [ext: omni.kit.graph.editor.core-1.5.3] startup
[48.368s] [ext: omni.syntheticdata-0.6.10] startup
[48.670s] [ext: omni.kit.window.material_graph-1.8.19] startup
[48.929s] [ext: omni.graph.scriptnode-1.40.1] startup
[48.949s] [ext: isaacsim.core.cloner-1.3.4] startup
[48.990s] [ext: omni.replicator.core-1.11.35] startup
2026-10-08 13:31:10 [50,309ms] [Warning] [omni.replicator.core.scripts.extension] No material configuration file, adding configuration to material settings directly.
[50.496s] [ext: omni.isaac.cloner-1.0.2] startup
2026-10-08 13:31:10 [50,354ms] [Warning] [omni.isaac.cloner] omni.isaac.cloner has been deprecated in favor of isaacsim.core.cloner. Please update your code accordingly.
[50.534s] [ext: isaacsim.core.nodes-2.1.4] startup
[50.695s] [ext: isaacsim.asset.importer.urdf-2.3.10] startup
[51.690s] [ext: omni.isaac.core-4.0.3] startup
2026-10-08 13:31:11 [51,532ms] [Warning] [omni.isaac.core.physics_context.physics_context] omni.isaac.core.physics_context.physics_context has been deprecated in favor of isaacsim.core.api.physics_context.physics_context. Please update your code accordingly.
2026-10-08 13:31:11 [51,533ms] [Warning] [omni.isaac.core.simulation_context.simulation_context] omni.isaac.core.simulation_context.simulation_context has been deprecated in favor of isaacsim.core.api.simulation_context.simulation_context. Please update your code accordingly.
2026-10-08 13:31:11 [51,533ms] [Warning] [omni.isaac.core.world.world] omni.isaac.core.world.world has been deprecated in favor of isaacsim.core.api.world.world. Please update your code accordingly.
2026-10-08 13:31:11 [51,533ms] [Warning] [omni.isaac.core] omni.isaac.core has been deprecated in favor of isaacsim.core.api. Please update your code accordingly.
[51.713s] [ext: omni.isaac.core_nodes-2.0.2] startup
2026-10-08 13:31:11 [51,550ms] [Warning] [omni.isaac.core_nodes] omni.isaac.core_nodes has been deprecated in favor of isaacsim.core.nodes. Please update your code accordingly.
[51.730s] [ext: omni.anim.curve.core-1.2.0] startup
[51.927s] [ext: isaacsim.robot_motion.lula-4.0.4] startup
[52.218s] [ext: isaacsim.asset.importer.mjcf-2.3.3] startup
[52.332s] [ext: isaacsim.robot_motion.motion_generation-8.0.6] startup
[52.361s] [ext: isaacsim.asset.browser-1.3.4] startup
[52.983s] [ext: isaacsim.robot.surface_gripper-2.0.6] startup
[53.007s] [ext: omni.kit.selection-0.1.5] startup
[53.046s] [ext: isaacsim.robot_motion.lula_test_widget-1.0.5] startup
[53.161s] [ext: omni.isaac.assets_check-0.3.9] startup
2026-10-08 13:31:13 [53,138ms] [Warning] [omni.isaac.assets_check] omni.isaac.assets_check has been deprecated in favor of isaacsim.asset.browser. Please update your code accordingly.
[53.318s] [ext: isaacsim.robot.manipulators-3.0.4] startup
[53.371s] [ext: isaacsim.sensors.physics-0.3.5] startup
[53.493s] [ext: isaacsim.gui.menu-2.0.9] startup
[53.590s] [ext: omni.isaac.lula_test_widget-1.0.2] startup
2026-10-08 13:31:13 [53,412ms] [Warning] [omni.isaac.lula_test_widget] omni.isaac.lula_test_widget has been deprecated in favor of isaacsim.robot_motion.lula_test_widget. Please update your code accordingly.
[53.592s] [ext: omni.sensors.nv.common-2.5.0-coreapi] startup
[54.425s] [ext: omni.isaac.manipulators-3.0.3] startup
2026-10-08 13:31:14 [54,271ms] [Warning] [omni.isaac.manipulators] omni.isaac.manipulators has been deprecated in favor of isaacsim.robot.manipulators. Please update your code accordingly.
2026-10-08 13:31:14 [54,272ms] [Warning] [omni.isaac.manipulators.controllers] omni.isaac.manipulators has been deprecated in favor of isaacsim.robot.manipulators. Please update your code accordingly.
2026-10-08 13:31:14 [54,272ms] [Warning] [omni.isaac.manipulators.controllers.pick_place_controller] omni.isaac.manipulators has been deprecated in favor of isaacsim.robot.manipulators. Please update your code accordingly.
2026-10-08 13:31:14 [54,305ms] [Warning] [omni.isaac.manipulators.controllers.stacking_controller] omni.isaac.manipulators has been deprecated in favor of isaacsim.robot.manipulators. Please update your code accordingly.
2026-10-08 13:31:14 [54,305ms] [Warning] [omni.isaac.manipulators.grippers] omni.isaac.manipulators has been deprecated in favor of isaacsim.robot.manipulators. Please update your code accordingly.
2026-10-08 13:31:14 [54,305ms] [Warning] [omni.isaac.manipulators.grippers.gripper] omni.isaac.manipulators has been deprecated in favor of isaacsim.robot.manipulators. Please update your code accordingly.
2026-10-08 13:31:14 [54,306ms] [Warning] [omni.isaac.manipulators.grippers.parallel_gripper] omni.isaac.manipulators has been deprecated in favor of isaacsim.robot.manipulators. Please update your code accordingly.
2026-10-08 13:31:14 [54,306ms] [Warning] [omni.isaac.manipulators.grippers.surface_gripper] omni.isaac.manipulators has been deprecated in favor of isaacsim.robot.manipulators. Please update your code accordingly.
2026-10-08 13:31:14 [54,306ms] [Warning] [omni.isaac.manipulators.manipulators] omni.isaac.manipulators has been deprecated in favor of isaacsim.robot.manipulators. Please update your code accordingly.
2026-10-08 13:31:14 [54,306ms] [Warning] [omni.isaac.manipulators.manipulators.single_manipulator] omni.isaac.manipulators has been deprecated in favor of isaacsim.robot.manipulators. Please update your code accordingly.
[54.486s] [ext: isaacsim.robot.policy.examples-4.0.3] startup
[54.515s] [ext: omni.isaac.menu-1.0.2] startup
2026-10-08 13:31:14 [54,338ms] [Warning] [omni.isaac.menu] omni.isaac.menu has been deprecated in favor of isaacsim.gui.menu. Please update your code accordingly.
[54.520s] [ext: omni.isaac.motion_generation-8.0.2] startup
2026-10-08 13:31:14 [54,343ms] [Warning] [omni.isaac.motion_generation] omni.isaac.motion_generation has been deprecated in favor of isaacsim.robot_motion.motion_generation. Please update your code accordingly.
2026-10-08 13:31:14 [54,343ms] [Warning] [omni.isaac.motion_generation.articulation_kinematics_solver] omni.isaac.motion_generation has been deprecated in favor of isaacsim.robot_motion.motion_generation. Please update your code accordingly.
2026-10-08 13:31:14 [54,343ms] [Warning] [omni.isaac.motion_generation.articulation_motion_policy] omni.isaac.motion_generation has been deprecated in favor of isaacsim.robot_motion.motion_generation. Please update your code accordingly.
2026-10-08 13:31:14 [54,344ms] [Warning] [omni.isaac.motion_generation.articulation_trajectory] omni.isaac.motion_generation has been deprecated in favor of isaacsim.robot_motion.motion_generation. Please update your code accordingly.
2026-10-08 13:31:14 [54,344ms] [Warning] [omni.isaac.motion_generation.kinematics_interface] omni.isaac.motion_generation has been deprecated in favor of isaacsim.robot_motion.motion_generation. Please update your code accordingly.
2026-10-08 13:31:14 [54,344ms] [Warning] [omni.isaac.motion_generation.lula] omni.isaac.motion_generation has been deprecated in favor of isaacsim.robot_motion.motion_generation. Please update your code accordingly.
2026-10-08 13:31:14 [54,344ms] [Warning] [omni.isaac.motion_generation.lula.kinematics] omni.isaac.motion_generation has been deprecated in favor of isaacsim.robot_motion.motion_generation. Please update your code accordingly.
2026-10-08 13:31:14 [54,344ms] [Warning] [omni.isaac.motion_generation.lula.motion_policies] omni.isaac.motion_generation has been deprecated in favor of isaacsim.robot_motion.motion_generation. Please update your code accordingly.
2026-10-08 13:31:14 [54,345ms] [Warning] [omni.isaac.motion_generation.lula.path_planners] omni.isaac.motion_generation has been deprecated in favor of isaacsim.robot_motion.motion_generation. Please update your code accordingly.
2026-10-08 13:31:14 [54,345ms] [Warning] [omni.isaac.motion_generation.lula.trajectory_generator] omni.isaac.motion_generation has been deprecated in favor of isaacsim.robot_motion.motion_generation. Please update your code accordingly.
2026-10-08 13:31:14 [54,345ms] [Warning] [omni.isaac.motion_generation.motion_policy_controller] omni.isaac.motion_generation has been deprecated in favor of isaacsim.robot_motion.motion_generation. Please update your code accordingly.
2026-10-08 13:31:14 [54,345ms] [Warning] [omni.isaac.motion_generation.motion_policy_interface] omni.isaac.motion_generation has been deprecated in favor of isaacsim.robot_motion.motion_generation. Please update your code accordingly.
2026-10-08 13:31:14 [54,346ms] [Warning] [omni.isaac.motion_generation.path_planner_visualizer] omni.isaac.motion_generation has been deprecated in favor of isaacsim.robot_motion.motion_generation. Please update your code accordingly.
2026-10-08 13:31:14 [54,346ms] [Warning] [omni.isaac.motion_generation.path_planning_interface] omni.isaac.motion_generation has been deprecated in favor of isaacsim.robot_motion.motion_generation. Please update your code accordingly.
2026-10-08 13:31:14 [54,346ms] [Warning] [omni.isaac.motion_generation.trajectory] omni.isaac.motion_generation has been deprecated in favor of isaacsim.robot_motion.motion_generation. Please update your code accordingly.
2026-10-08 13:31:14 [54,346ms] [Warning] [omni.isaac.motion_generation.world_interface] omni.isaac.motion_generation has been deprecated in favor of isaacsim.robot_motion.motion_generation. Please update your code accordingly.
[54.526s] [ext: omni.sensors.nv.materials-1.4.0-coreapi] startup
[54.714s] [ext: omni.isaac.nucleus-1.0.3] startup
2026-10-08 13:31:14 [54,535ms] [Warning] [omni.isaac.nucleus] omni.isaac.nucleus has been deprecated in favor of isaacsim.storage.native. Please update your code accordingly.
2026-10-08 13:31:14 [54,536ms] [Warning] [omni.isaac.nucleus.nucleus] omni.isaac.nucleus.nucleus has been deprecated in favor of isaacsim.storage.native. Please update your code accordingly.
[54.715s] [ext: omni.isaac.quadruped-3.0.2] startup
2026-10-08 13:31:14 [54,537ms] [Warning] [omni.isaac.quadruped] omni.isaac.quadruped has been deprecated in favor of isaacsim.robot.policy.examples. Please update your code accordingly.
[54.717s] [ext: omni.kit.manipulator.selector-1.1.1] startup
[54.736s] [ext: omni.sensors.nv.wpm-2.4.0-coreapi] startup
[54.849s] [ext: omni.sensors.nv.lidar-2.6.3-coreapi] startup
[54.981s] [ext: omni.sensors.nv.ids-1.4.0-coreapi] startup
[55.045s] [ext: isaacsim.robot.manipulators.examples-1.0.3] startup
[55.067s] [ext: isaacsim.util.debug_draw-2.0.2] startup
[55.126s] [ext: omni.sensors.tiled-0.0.6] startup
[55.168s] [ext: omni.sensors.nv.radar-2.6.1-coreapi] startup
[55.313s] [ext: omni.kit.widget.toolbar-1.7.3] startup
[55.356s] [ext: omni.kit.manipulator.transform-106.0.1] startup
[55.379s] [ext: isaacsim.sensors.physx-2.2.4] startup
[55.469s] [ext: isaacsim.sensors.rtx-13.6.3] startup
[55.561s] [ext: isaacsim.sensors.camera-0.2.9] startup
[55.617s] [ext: isaacsim.cortex.framework-1.0.2] startup
[55.645s] [ext: omni.kit.manipulator.tool.snap-1.5.12] startup
[55.668s] [ext: omni.isaac.range_sensor-4.0.2] startup
[55.670s] [ext: omni.isaac.surface_gripper-2.0.2] startup
2026-10-08 13:31:15 [55,493ms] [Warning] [omni.isaac.surface_gripper] omni.isaac.surface_gripper has been deprecated in favor of isaacsim.robot.surface_gripper. Please update your code accordingly.
[55.673s] [ext: omni.isaac.sensor-13.0.3] startup
2026-10-08 13:31:15 [55,495ms] [Warning] [omni.isaac.sensor] omni.isaac.sensor has been deprecated in favor of isaacsim.sensors.camera, isaacsim.sensors.physics, isaacsim.sensors.physx, and isaacsim.sensors.rtx. Please update your code accordingly.
2026-10-08 13:31:15 [55,495ms] [Warning] [omni.isaac.sensor.camera] omni.isaac.sensor.camera has been deprecated in favor of isaacsim.sensors.camera.camera. Please update your code accordingly.
2026-10-08 13:31:15 [55,496ms] [Warning] [omni.isaac.sensor.camera_view] omni.isaac.sensor.camera_view has been deprecated in favor of isaacsim.sensors.camera.camera_view. Please update your code accordingly.
2026-10-08 13:31:15 [55,496ms] [Warning] [omni.isaac.sensor.commands] omni.isaac.sensor.commands has been deprecated in favor of isaacsim.sensors.physics.commands, isaacsim.sensors.physx.commands, and isaacsim.sensors.rtx.commands. Please update your code accordingly.
2026-10-08 13:31:15 [55,496ms] [Warning] [omni.isaac.sensor.contact_sensor] omni.isaac.sensor.contact_sensor has been deprecated in favor of isaacsim.sensors.physics.contact_sensor. Please update your code accordingly.
2026-10-08 13:31:15 [55,496ms] [Warning] [omni.isaac.sensor.imu_sensor] omni.isaac.sensor.imu_sensor has been deprecated in favor of isaacsim.sensors.physics.imu_sensor. Please update your code accordingly.
2026-10-08 13:31:15 [55,497ms] [Warning] [omni.isaac.sensor.lidar_rtx] omni.isaac.sensor.lidar_rtx has been deprecated in favor of isaacsim.sensors.rtx.lidar_rtx. Please update your code accordingly.
2026-10-08 13:31:15 [55,497ms] [Warning] [omni.isaac.sensor.rotating_lidar_physX] omni.isaac.sensor.imu_sensor has been deprecated in favor of isaacsim.sensors.physix.rotating_lidar_physX. Please update your code accordingly.
2026-10-08 13:31:15 [55,498ms] [Warning] [omni.isaac.sensor.scripts.samples.contact_sensor] omni.isaac.sensor.scripts.samples.contact_sensor has been deprecated in favor of isaacsim.sensors.physics.scripts.samples.contact_sensor. Please update your code accordingly.
2026-10-08 13:31:15 [55,498ms] [Warning] [omni.isaac.sensor.scripts.samples.imu_sensor] omni.isaac.sensor.scripts.samples.imu_sensor has been deprecated in favor of isaacsim.sensors.physics.scripts.samples.imu_sensor. Please update your code accordingly.
2026-10-08 13:31:15 [55,498ms] [Warning] [omni.isaac.sensor.scripts.samples.lightbeam_sensor] omni.isaac.sensor.scripts.samples.lightbeam_sensor has been deprecated in favor of isaacsim.sensors.physx.scripts.samples.lightbeam_sensor. Please update your code accordingly.
[55.678s] [ext: omni.isaac.cortex-1.0.2] startup
2026-10-08 13:31:15 [55,520ms] [Warning] [omni.isaac.cortex] omni.isaac.cortex has been deprecated in favor of isaacsim.cortex.framework. Please update your code accordingly.
[55.700s] [ext: omni.kit.viewport.manipulator.transform-107.0.4] startup
[55.705s] [ext: omni.debugdraw-0.1.3] startup
[55.733s] [ext: omni.isaac.universal_robots-1.0.2] startup
2026-10-08 13:31:15 [55,555ms] [Warning] [omni.isaac.universal_robots] omni.isaac.universal_robots has been deprecated in favor of isaacsim.robot.manipulators.examples.universal_robots. Please update your code accordingly.
2026-10-08 13:31:15 [55,555ms] [Warning] [omni.isaac.universal_robots.kinematics_solver] omni.isaac.franka has been deprecated in favor of isaacsim.robot.manipulators.examples.universal_robots. Please update your code accordingly.
2026-10-08 13:31:15 [55,573ms] [Warning] [omni.isaac.universal_robots.ur10] omni.isaac.franka has been deprecated in favor of isaacsim.robot.manipulators.examples.universal_robots. Please update your code accordingly.
[55.753s] [ext: omni.isaac.utils-2.0.2] startup
[55.756s] [ext: omni.kit.manipulator.prim.core-107.0.7] startup
[55.802s] [ext: omni.fabric.commands-1.1.5] startup
[55.839s] [ext: omni.kit.manipulator.selection-106.0.1] startup
[55.845s] [ext: omni.kit.viewport.actions-107.0.0] startup
[55.852s] [ext: omni.kit.manipulator.prim.usd-107.0.3] startup
[55.855s] [ext: omni.kit.manipulator.prim.fabric-107.0.4] startup
[55.859s] [ext: isaacsim.cortex.behaviors-2.0.3] startup
[55.861s] [ext: omni.kit.widget.layers-1.8.2] startup
[55.894s] [ext: omni.kit.viewport.menubar.display-107.0.3] startup
[55.908s] [ext: omni.kit.manipulator.prim-107.0.0] startup
[55.910s] [ext: omni.isaac.cortex.sample_behaviors-2.0.2] startup
2026-10-08 13:31:15 [55,731ms] [Warning] [omni.isaac.cortex.sample_behaviors] omni.isaac.cortex.sample_behaviors has been deprecated in favor of isaacsim.cortex.behaviors. Please update your code accordingly.
[55.910s] [ext: omni.graph.ui_nodes-1.40.1] startup
[56.002s] [ext: omni.usdphysics.ui-106.5.7] startup
[56.141s] [ext: omni.physx.commands-106.5.7] startup
[56.208s] [ext: omni.kit.property.camera-1.0.9] startup
[56.210s] [ext: omni.hydra.scene_api-0.1.2] startup
[56.315s] [ext: omni.kit.property.geometry-1.3.3] startup
[56.341s] [ext: omni.kit.property.light-1.0.11] startup
[56.344s] [ext: omni.physx.ui-106.5.7] startup
[56.489s] [ext: omni.kit.property.material-1.10.17] startup
[56.527s] [ext: omni.kit.property.render-1.1.3] startup
[56.530s] [ext: omni.kit.property.transform-1.5.10] startup
[56.554s] [ext: omni.kit.property.audio-1.0.16] startup
[56.557s] [ext: isaacsim.gui.property-1.0.4] startup
[56.586s] [ext: omni.physx.demos-106.5.7] startup
[56.655s] [ext: omni.kit.property.physx-106.5.7] startup
[56.902s] [ext: omni.isaac.lula-4.0.2] startup
2026-10-08 13:31:16 [56,734ms] [Warning] [omni.isaac.lula] omni.isaac.lula has been deprecated in favor of isaacsim.robot_motion.lula. Please update your code accordingly.
[56.914s] [ext: omni.kit.property.bundle-1.3.2] startup
[56.917s] [ext: omni.kit.property.isaac-1.0.2] startup
2026-10-08 13:31:16 [56,757ms] [Warning] [omni.kit.property.isaac] omni.kit.property.isaac has been deprecated in favor of isaacsim.gui.property. Please update your code accordingly.
2026-10-08 13:31:16 [56,758ms] [Warning] [omni.kit.property.isaac.widgets] omni.kit.property.isaac.widgets has been deprecated in favor of isaacsim.gui.property.widgets. Please update your code accordingly.
[56.938s] [ext: omni.physx.vehicle-106.5.7] startup
[57.007s] [ext: omni.kit.viewport.menubar.camera-107.0.2] startup
[57.030s] [ext: omni.kit.viewport.menubar.lighting-106.0.2] startup
[57.034s] [ext: omni.kit.viewport.menubar.render-107.0.8] startup
[57.044s] [ext: omni.kit.viewport.menubar.settings-107.0.3] startup
[57.051s] [ext: omni.kit.window.console-0.2.14] startup
[57.116s] [ext: omni.physx.camera-106.5.7] startup
[57.167s] [ext: omni.kit.window.toolbar-1.6.2] startup
[57.180s] [ext: omni.isaac.version-2.0.2] startup
2026-10-08 13:31:16 [57,002ms] [Warning] [omni.isaac.version] omni.isaac.version has been deprecated in favor of isaacsim.core.version. Please update your code accordingly.
[57.182s] [ext: isaacsim.robot.wheeled_robots-4.0.3] startup
[57.284s] [ext: omni.physx.cct-106.5.7] startup
[57.422s] [ext: omni.physx.graph-106.5.7] startup
[57.940s] [ext: isaacsim.replicator.writers-1.0.1] startup
[58.154s] [ext: omni.physx.supportui-106.5.7] startup
[58.255s] [ext: omni.physx.telemetry-106.5.7] startup
[58.330s] [ext: omni.isaac.wheeled_robots-3.0.3] startup
2026-10-08 13:31:18 [58,165ms] [Warning] [omni.isaac.wheeled_robots] omni.isaac.wheeled_robots has been deprecated in favor of isaacsim.robot.wheeled_robots. Please update your code accordingly.
2026-10-08 13:31:18 [58,166ms] [Warning] [omni.isaac.wheeled_robots.controllers] omni.isaac.wheeled_robots has been deprecated in favor of isaacsim.robot.wheeled_robots. Please update your code accordingly.
2026-10-08 13:31:18 [58,166ms] [Warning] [omni.isaac.wheeled_robots.controllers.ackermann_controller] omni.isaac.wheeled_robots has been deprecated in favor of isaacsim.robot.wheeled_robots. Please update your code accordingly.
2026-10-08 13:31:18 [58,166ms] [Warning] [omni.isaac.wheeled_robots.controllers.differential_controller] omni.isaac.wheeled_robots has been deprecated in favor of isaacsim.robot.wheeled_robots. Please update your code accordingly.
2026-10-08 13:31:18 [58,167ms] [Warning] [omni.isaac.wheeled_robots.controllers.holonomic_controller] omni.isaac.wheeled_robots has been deprecated in favor of isaacsim.robot.wheeled_robots. Please update your code accordingly.
2026-10-08 13:31:18 [58,167ms] [Warning] [omni.isaac.wheeled_robots.controllers.quintic_path_planner] omni.isaac.wheeled_robots has been deprecated in favor of isaacsim.robot.wheeled_robots. Please update your code accordingly.
2026-10-08 13:31:18 [58,167ms] [Warning] [omni.isaac.wheeled_robots.controllers.stanley_control] omni.isaac.wheeled_robots has been deprecated in favor of isaacsim.robot.wheeled_robots. Please update your code accordingly.
2026-10-08 13:31:18 [58,167ms] [Warning] [omni.isaac.wheeled_robots.controllers.wheel_base_pose_controller] omni.isaac.wheeled_robots has been deprecated in favor of isaacsim.robot.wheeled_robots. Please update your code accordingly.
2026-10-08 13:31:18 [58,168ms] [Warning] [omni.isaac.wheeled_robots.impl] omni.isaac.wheeled_robots has been deprecated in favor of isaacsim.robot.wheeled_robots. Please update your code accordingly.
2026-10-08 13:31:18 [58,168ms] [Warning] [omni.isaac.wheeled_robots.robots] omni.isaac.wheeled_robots has been deprecated in favor of isaacsim.robot.wheeled_robots. Please update your code accordingly.
2026-10-08 13:31:18 [58,169ms] [Warning] [omni.isaac.wheeled_robots.robots.holonomic_robot_usd_setup] omni.isaac.wheeled_robots has been deprecated in favor of isaacsim.robot.wheeled_robots. Please update your code accordingly.
2026-10-08 13:31:18 [58,169ms] [Warning] [omni.isaac.wheeled_robots.robots.wheeled_robot] omni.isaac.wheeled_robots has been deprecated in favor of isaacsim.robot.wheeled_robots. Please update your code accordingly.
[58.349s] [ext: omni.isaac.franka-1.0.2] startup
2026-10-08 13:31:18 [58,189ms] [Warning] [omni.isaac.franka] omni.isaac.franka has been deprecated in favor of isaacsim.robot.manipulators.examples.franka. Please update your code accordingly.
2026-10-08 13:31:18 [58,190ms] [Warning] [omni.isaac.franka.franka] omni.isaac.franka has been deprecated in favor of isaacsim.robot.manipulators.examples.franka. Please update your code accordingly.
2026-10-08 13:31:18 [58,191ms] [Warning] [omni.isaac.franka.kinematics_solver] omni.isaac.franka has been deprecated in favor of isaacsim.robot.manipulators.examples.franka. Please update your code accordingly.
[58.371s] [ext: isaacsim.replicator.domain_randomization-1.0.2] startup
[58.377s] [ext: isaacsim.replicator.examples-1.1.2] startup
[58.382s] [ext: omni.kit.window.status_bar-0.1.7] startup
[58.433s] [ext: omni.rtx.window.settings-0.6.17] startup
[58.496s] [ext: omni.usd.metrics.assembler-106.5.0] startup
[58.667s] [ext: omni.physx.bundle-106.5.7] startup
[58.668s] [ext: isaacsim.app.about-2.0.7] startup
[58.677s] [ext: omni.replicator.isaac-2.0.3] startup
2026-10-08 13:31:18 [58,505ms] [Warning] [omni.replicator.isaac] omni.replicator.isaac has been deprecated in favor of isaacsim.replicator.domain_randomization, isaacsim.replicator.examples, isaacsim.replicator.writers. Please update your code accordingly.
[58.685s] [ext: omni.replicator.replicator_yaml-2.0.10] startup
[58.711s] [ext: omni.rtx.settings.core-0.6.3] startup
[58.720s] [ext: omni.usd.metrics.assembler.ui-106.5.0] startup
[58.741s] [ext: isaacsim.simulation_app-2.4.2] startup
[58.742s] [ext: omni.isaac.window.about-2.0.2] startup
2026-10-08 13:31:18 [58,564ms] [Warning] [omni.isaac.window.about] omni.isaac.window.about has been deprecated in favor of isaacsim.app.about. Please update your code accordingly.
2026-10-08 13:31:18 [58,565ms] [Warning] [omni.isaac.window.about.about] omni.isaac.window.about.about has been deprecated in favor of isaacsim.app.about.about. Please update your code accordingly.
[58.745s] [ext: semantics.schema.editor-0.3.10] startup
[58.764s] [ext: omni.kit.ui.actions-1.0.2] startup
[58.766s] [ext: semantics.schema.property-1.0.5] startup
[58.769s] [ext: omni.kit.manipulator.camera-106.0.3] startup
[58.796s] [ext: omni.isaac.kit-2.0.3] startup
2026-10-08 13:31:18 [58,617ms] [Warning] [omni.isaac.kit] omni.isaac.kit has been deprecated in favor of isaacsim.simulation_app. Please update your code accordingly.
[58.797s] [ext: omni.isaac.asset_browser-1.0.2] startup
2026-10-08 13:31:18 [58,644ms] [Warning] [omni.isaac.asset_browser] omni.isaac.asset_browser has been deprecated in favor of isaacsim.asset.browser. Please update your code accordingly.
[58.824s] [ext: isaacsim.core.throttling-2.0.2] startup
[58.850s] [ext: omni.kit.menu.common-1.1.9] startup
[58.861s] [ext: isaacsim.exp.base-4.5.0] startup
[58.862s] [ext: isaacsim.exp.base.python-4.5.0] startup
[58.883s] Simulation App Starting
[62.619s] app ready
2026-10-08 13:31:24 [64,839ms] [Warning] [rtx.scenedb.plugin] SceneDbContext : TLAS limit buffer size 7508933632
2026-10-08 13:31:24 [64,839ms] [Warning] [rtx.scenedb.plugin] SceneDbContext : TLAS limit : valid false, within: false
2026-10-08 13:31:24 [64,839ms] [Warning] [rtx.scenedb.plugin] SceneDbContext : TLAS limit : decrement: 167690, decrement size: 7433845248
2026-10-08 13:31:24 [64,839ms] [Warning] [rtx.scenedb.plugin] SceneDbContext : New limit 9574251 (slope: 447, intercept: 13179904)
2026-10-08 13:31:24 [64,839ms] [Warning] [rtx.scenedb.plugin] SceneDbContext : TLAS limit buffer size 4287216384
2026-10-08 13:31:24 [64,839ms] [Warning] [rtx.scenedb.plugin] SceneDbContext : TLAS limit : valid true, within: true
Fatal Python error: Segmentation fault

/home/ubuntu2004/isaacsim-4.5.0/python.sh: 第 41 行： 11986 段错误               （核心已转储） $python_exe "$@" $args
There was an error running python
