[INFO] [1791198322.287829639] [task01_dual_suction_fixture]: left task27_plus_outer DUAL_SIDE_HIGH candidates=8, shortest_joint_travel=2.390.
[INFO] [1791198322.304427436] [task01_dual_suction_fixture]: task27_plus_outer DUAL_SIDE_HIGH synchronized FCL PASS, samples=308.
[INFO] [1791198322.330995012] [task01_dual_suction_fixture]: task27_plus_outer DUAL_SIDE_CONTACT Cartesian fraction=1.0000 error=1 step=0.0020 attempt=1/3 line_deviation=0.001 mm.
[INFO] [1791198322.340546092] [task01_dual_suction_fixture]: task27_plus_outer DUAL_SIDE_CONTACT synchronized FCL PASS, samples=174.
[INFO] [1791198322.432318544] [task01_dual_suction_fixture]: task27_plus_outer DUAL_PREFLIGHT_X synchronized FCL PASS, samples=496.
[INFO] [1791198322.433711248] [task01_dual_suction_fixture]: task27_plus_outer DUAL_PREFLIGHT_X relative TCP PASS: max_axis=0.002 mm angle=0.000 deg.
[INFO] [1791198322.433730533] [task01_dual_suction_fixture]: task27_plus_outer DUAL_PREFLIGHT_X paired common-progress PASS: points=166, delta=(0.329,0.000) m.
[INFO] [1791198322.486296432] [task01_dual_suction_fixture]: task27_plus_outer DUAL_PREFLIGHT_Y synchronized FCL PASS, samples=277.
[INFO] [1791198322.487009818] [task01_dual_suction_fixture]: task27_plus_outer DUAL_PREFLIGHT_Y relative TCP PASS: max_axis=0.004 mm angle=0.000 deg.
[INFO] [1791198322.487031618] [task01_dual_suction_fixture]: task27_plus_outer DUAL_PREFLIGHT_Y paired common-progress PASS: points=93, delta=(0.000,0.183) m.
[INFO] [1791198322.489982606] [task01_dual_suction_fixture]: task27_plus_outer DUAL_PREFLIGHT_RELEASE_EXIT left seeded empty IK PASS: segments=15 span=30.000 mm line_deviation=0.000 mm; FCL still required.
[INFO] [1791198322.493389373] [task01_dual_suction_fixture]: task27_plus_outer DUAL_PREFLIGHT_RELEASE_EXIT right seeded empty IK PASS: segments=16 span=30.000 mm line_deviation=0.000 mm; FCL still required.
[INFO] [1791198322.497055754] [task01_dual_suction_fixture]: task27_plus_outer DUAL_PREFLIGHT_RELEASE_EXIT synchronized FCL PASS, samples=49.
[INFO] [1791198350.979885618] [task01_dual_suction_fixture]: task27_plus_outer DUAL_PRE_CLOSE rear=CLOSED side=OPEN rear_gap=1.307 mm side_gap=1.382 mm alignment=1.083 mm tilt=0.088 deg.
[INFO] [1791198351.437258357] [task01_dual_suction_fixture]: task27_plus_outer DUAL_CONTACT_READY rear=CLOSED side=CLOSED rear_gap=1.307 mm side_gap=1.367 mm alignment=1.043 mm tilt=0.088 deg.
[INFO] [1791198351.554063687] [task01_dual_suction_fixture]: task27_plus_outer DUAL_REAR_PRIMARY_X synchronized FCL PASS, samples=496.
[INFO] [1791198351.555734564] [task01_dual_suction_fixture]: task27_plus_outer DUAL_REAR_PRIMARY_X relative TCP PASS: max_axis=0.002 mm angle=0.000 deg.
[INFO] [1791198351.555760311] [task01_dual_suction_fixture]: task27_plus_outer DUAL_REAR_PRIMARY_X paired common-progress PASS: points=166, delta=(0.329,0.000) m.
[INFO] [1791198351.612802084] [task01_dual_suction_fixture]: task27_plus_outer DUAL_SIDE_PRIMARY_Y synchronized FCL PASS, samples=277.
[INFO] [1791198351.613738822] [task01_dual_suction_fixture]: task27_plus_outer DUAL_SIDE_PRIMARY_Y relative TCP PASS: max_axis=0.004 mm angle=0.000 deg.
[INFO] [1791198351.613761603] [task01_dual_suction_fixture]: task27_plus_outer DUAL_SIDE_PRIMARY_Y paired common-progress PASS: points=93, delta=(0.000,0.183) m.
[INFO] [1791198351.616075261] [task01_dual_suction_fixture]: task27_plus_outer DUAL_RELEASE_EXIT left seeded empty IK PASS: segments=15 span=30.000 mm line_deviation=0.000 mm; FCL still required.
[INFO] [1791198351.619104864] [task01_dual_suction_fixture]: task27_plus_outer DUAL_RELEASE_EXIT right seeded empty IK PASS: segments=16 span=30.000 mm line_deviation=0.000 mm; FCL still required.
[INFO] [1791198351.622058958] [task01_dual_suction_fixture]: task27_plus_outer DUAL_RELEASE_EXIT synchronized FCL PASS, samples=49.
[INFO] [1791198351.622100469] [task01_dual_suction_fixture]: task27_plus_outer DUAL_REAR_PRIMARY_X: rear=right side=left; both suction CLOSED.
[INFO] [1791198355.299673188] [task01_dual_suction_fixture]: task27_plus_outer DUAL_REAR_PRIMARY_X slice 1 rear=CLOSED side=CLOSED rear_gap=1.158 mm side_gap=1.362 mm alignment=1.199 mm tilt=0.056 deg.
[INFO] [1791198358.989516065] [task01_dual_suction_fixture]: task27_plus_outer DUAL_REAR_PRIMARY_X slice 2 rear=CLOSED side=CLOSED rear_gap=1.140 mm side_gap=1.356 mm alignment=1.204 mm tilt=0.056 deg.
[INFO] [1791198362.671525430] [task01_dual_suction_fixture]: task27_plus_outer DUAL_REAR_PRIMARY_X slice 3 rear=CLOSED side=CLOSED rear_gap=1.165 mm side_gap=1.347 mm alignment=1.201 mm tilt=0.069 deg.
[INFO] [1791198366.352413464] [task01_dual_suction_fixture]: task27_plus_outer DUAL_REAR_PRIMARY_X slice 4 rear=CLOSED side=CLOSED rear_gap=1.179 mm side_gap=1.345 mm alignment=1.207 mm tilt=0.079 deg.
[INFO] [1791198370.032257004] [task01_dual_suction_fixture]: task27_plus_outer DUAL_REAR_PRIMARY_X slice 5 rear=CLOSED side=CLOSED rear_gap=1.009 mm side_gap=1.341 mm alignment=1.224 mm tilt=0.088 deg.
[INFO] [1791198373.713824961] [task01_dual_suction_fixture]: task27_plus_outer DUAL_REAR_PRIMARY_X slice 6 rear=CLOSED side=CLOSED rear_gap=1.164 mm side_gap=1.333 mm alignment=1.233 mm tilt=0.097 deg.
[INFO] [1791198377.395028392] [task01_dual_suction_fixture]: task27_plus_outer DUAL_REAR_PRIMARY_X slice 7 rear=CLOSED side=CLOSED rear_gap=1.146 mm side_gap=1.324 mm alignment=1.242 mm tilt=0.105 deg.
[INFO] [1791198381.076193448] [task01_dual_suction_fixture]: task27_plus_outer DUAL_REAR_PRIMARY_X slice 8 rear=CLOSED side=CLOSED rear_gap=0.785 mm side_gap=1.324 mm alignment=1.250 mm tilt=0.112 deg.
[INFO] [1791198384.759767567] [task01_dual_suction_fixture]: task27_plus_outer DUAL_REAR_PRIMARY_X slice 9 rear=CLOSED side=CLOSED rear_gap=-0.111 mm side_gap=1.325 mm alignment=1.265 mm tilt=0.119 deg.
[INFO] [1791198388.448527580] [task01_dual_suction_fixture]: task27_plus_outer DUAL_REAR_PRIMARY_X slice 10 rear=CLOSED side=CLOSED rear_gap=-0.111 mm side_gap=1.325 mm alignment=1.275 mm tilt=0.131 deg.
[INFO] [1791198392.128051814] [task01_dual_suction_fixture]: task27_plus_outer DUAL_REAR_PRIMARY_X slice 11 rear=CLOSED side=CLOSED rear_gap=1.148 mm side_gap=1.305 mm alignment=1.286 mm tilt=0.137 deg.
[INFO] [1791198395.810003307] [task01_dual_suction_fixture]: task27_plus_outer DUAL_REAR_PRIMARY_X slice 12 rear=CLOSED side=CLOSED rear_gap=1.150 mm side_gap=1.305 mm alignment=1.294 mm tilt=0.143 deg.
[INFO] [1791198399.492758704] [task01_dual_suction_fixture]: task27_plus_outer DUAL_REAR_PRIMARY_X slice 13 rear=CLOSED side=CLOSED rear_gap=0.974 mm side_gap=1.304 mm alignment=1.321 mm tilt=0.148 deg.
[INFO] [1791198403.180819803] [task01_dual_suction_fixture]: task27_plus_outer DUAL_REAR_PRIMARY_X slice 14 rear=CLOSED side=CLOSED rear_gap=-0.118 mm side_gap=1.321 mm alignment=1.320 mm tilt=0.148 deg.
[INFO] [1791198406.867087891] [task01_dual_suction_fixture]: task27_plus_outer DUAL_REAR_PRIMARY_X slice 15 rear=CLOSED side=CLOSED rear_gap=0.981 mm side_gap=1.302 mm alignment=1.340 mm tilt=0.148 deg.
[INFO] [1791198410.712776062] [task01_dual_suction_fixture]: task27_plus_outer DUAL_REAR_PRIMARY_X slice 16 rear=CLOSED side=CLOSED rear_gap=0.817 mm side_gap=1.110 mm alignment=1.977 mm tilt=0.299 deg.
[INFO] [1791198410.712829571] [task01_dual_suction_fixture]: task27_plus_outer +X support seat (+X deep wall): gap=+0.445 mm (target 0), z_error=0.024 mm.
[INFO] [1791198410.771251388] [task01_dual_suction_fixture]: task27_plus_outer DUAL_ROLE_SWAP_MEASURED rear=CLOSED side=CLOSED rear_gap=0.817 mm side_gap=1.110 mm alignment=1.977 mm tilt=0.299 deg.
[INFO] [1791198410.771987131] [task01_dual_suction_fixture]: task27_plus_outer DUAL_ROLE_SWAP_MEASURED_START synchronized FCL PASS, samples=11.
[INFO] [1791198410.772021192] [task01_dual_suction_fixture]: task27_plus_outer DUAL_ROLE_SWAP measured left max_command_delta=0.036986 rad.
[INFO] [1791198410.772030099] [task01_dual_suction_fixture]: task27_plus_outer DUAL_ROLE_SWAP measured right max_command_delta=0.008783 rad.
[INFO] [1791198410.828052632] [task01_dual_suction_fixture]: task27_plus_outer DUAL_SIDE_PRIMARY_Y_MEASURED synchronized FCL PASS, samples=274.
[INFO] [1791198410.828831852] [task01_dual_suction_fixture]: task27_plus_outer DUAL_SIDE_PRIMARY_Y_MEASURED relative TCP PASS: max_axis=0.004 mm angle=0.000 deg.
[INFO] [1791198410.828857886] [task01_dual_suction_fixture]: task27_plus_outer DUAL_SIDE_PRIMARY_Y_MEASURED paired common-progress PASS: points=92, delta=(0.000,0.180) m.
[INFO] [1791198410.831236488] [task01_dual_suction_fixture]: task27_plus_outer DUAL_RELEASE_EXIT_MEASURED left seeded empty IK PASS: segments=15 span=30.000 mm line_deviation=0.000 mm; FCL still required.
[INFO] [1791198410.834340165] [task01_dual_suction_fixture]: task27_plus_outer DUAL_RELEASE_EXIT_MEASURED right seeded empty IK PASS: segments=16 span=30.000 mm line_deviation=0.000 mm; FCL still required.
[INFO] [1791198410.837912362] [task01_dual_suction_fixture]: task27_plus_outer DUAL_RELEASE_EXIT_MEASURED synchronized FCL PASS, samples=49.
[INFO] [1791198410.837948485] [task01_dual_suction_fixture]: task27_plus_outer DUAL_ROLE_SWAP: side PRIMARY, rear deep-wall HOLD; no suction release.
[INFO] [1791198413.825583410] [task01_dual_suction_fixture]: task27_plus_outer DUAL_SIDE_PRIMARY_Y slice 1 rear=CLOSED side=CLOSED rear_gap=1.211 mm side_gap=-0.035 mm alignment=1.669 mm tilt=0.213 deg.
[INFO] [1791198413.825595954] [task01_dual_suction_fixture]: task27_plus_outer +X support seat (+X deep wall): gap=+0.154 mm (target 0), z_error=0.269 mm.
[INFO] [1791198416.815415616] [task01_dual_suction_fixture]: task27_plus_outer DUAL_SIDE_PRIMARY_Y slice 2 rear=CLOSED side=CLOSED rear_gap=1.223 mm side_gap=0.647 mm alignment=1.660 mm tilt=0.213 deg.
[INFO] [1791198416.815424503] [task01_dual_suction_fixture]: task27_plus_outer +X support seat (+X deep wall): gap=+0.143 mm (target 0), z_error=0.276 mm.
[INFO] [1791198419.810654836] [task01_dual_suction_fixture]: task27_plus_outer DUAL_SIDE_PRIMARY_Y slice 3 rear=CLOSED side=CLOSED rear_gap=1.217 mm side_gap=0.882 mm alignment=1.631 mm tilt=0.206 deg.
[INFO] [1791198419.810669569] [task01_dual_suction_fixture]: task27_plus_outer +X support seat (+X deep wall): gap=+0.137 mm (target 0), z_error=0.252 mm.
[INFO] [1791198422.801754763] [task01_dual_suction_fixture]: task27_plus_outer DUAL_SIDE_PRIMARY_Y slice 4 rear=CLOSED side=CLOSED rear_gap=1.217 mm side_gap=0.881 mm alignment=1.621 mm tilt=0.206 deg.
[INFO] [1791198422.801764158] [task01_dual_suction_fixture]: task27_plus_outer +X support seat (+X deep wall): gap=+0.136 mm (target 0), z_error=0.248 mm.
[INFO] [1791198425.803277515] [task01_dual_suction_fixture]: task27_plus_outer DUAL_SIDE_PRIMARY_Y slice 5 rear=CLOSED side=CLOSED rear_gap=1.229 mm side_gap=0.623 mm alignment=1.601 mm tilt=0.209 deg.
[INFO] [1791198425.803289394] [task01_dual_suction_fixture]: task27_plus_outer +X support seat (+X deep wall): gap=+0.136 mm (target 0), z_error=0.267 mm.
[INFO] [1791198428.803929063] [task01_dual_suction_fixture]: task27_plus_outer DUAL_SIDE_PRIMARY_Y slice 6 rear=CLOSED side=CLOSED rear_gap=1.219 mm side_gap=0.660 mm alignment=1.571 mm tilt=0.213 deg.
[INFO] [1791198428.803941505] [task01_dual_suction_fixture]: task27_plus_outer +X support seat (+X deep wall): gap=+0.144 mm (target 0), z_error=0.258 mm.
[INFO] [1791198431.798678196] [task01_dual_suction_fixture]: task27_plus_outer DUAL_SIDE_PRIMARY_Y slice 7 rear=CLOSED side=CLOSED rear_gap=1.208 mm side_gap=0.283 mm alignment=1.595 mm tilt=0.213 deg.
[INFO] [1791198431.798690821] [task01_dual_suction_fixture]: task27_plus_outer +X support seat (+X deep wall): gap=+0.148 mm (target 0), z_error=0.260 mm.
[INFO] [1791198434.790970712] [task01_dual_suction_fixture]: task27_plus_outer DUAL_SIDE_PRIMARY_Y slice 8 rear=CLOSED side=CLOSED rear_gap=1.211 mm side_gap=0.671 mm alignment=1.545 mm tilt=0.206 deg.
[INFO] [1791198434.790983055] [task01_dual_suction_fixture]: task27_plus_outer +X support seat (+X deep wall): gap=+0.142 mm (target 0), z_error=0.248 mm.
[INFO] [1791198437.777342133] [task01_dual_suction_fixture]: task27_plus_outer DUAL_SIDE_PRIMARY_Y slice 9 rear=CLOSED side=CLOSED rear_gap=1.191 mm side_gap=0.552 mm alignment=1.518 mm tilt=0.217 deg.
[INFO] [1791198437.777352099] [task01_dual_suction_fixture]: task27_plus_outer +X support seat (+X deep wall): gap=+0.155 mm (target 0), z_error=0.259 mm.
[INFO] [1791198440.770564560] [task01_dual_suction_fixture]: task27_plus_outer DUAL_SIDE_PRIMARY_Y slice 10 rear=CLOSED side=CLOSED rear_gap=1.191 mm side_gap=0.724 mm alignment=1.540 mm tilt=0.209 deg.
[INFO] [1791198440.770579196] [task01_dual_suction_fixture]: task27_plus_outer +X support seat (+X deep wall): gap=+0.151 mm (target 0), z_error=0.251 mm.
[INFO] [1791198443.763247410] [task01_dual_suction_fixture]: task27_plus_outer DUAL_SIDE_PRIMARY_Y slice 11 rear=CLOSED side=CLOSED rear_gap=1.207 mm side_gap=-0.222 mm alignment=1.471 mm tilt=0.213 deg.
[INFO] [1791198443.763259400] [task01_dual_suction_fixture]: task27_plus_outer +X support seat (+X deep wall): gap=+0.145 mm (target 0), z_error=0.225 mm.
[INFO] [1791198446.755667849] [task01_dual_suction_fixture]: task27_plus_outer DUAL_SIDE_PRIMARY_Y slice 12 rear=CLOSED side=CLOSED rear_gap=1.205 mm side_gap=-0.215 mm alignment=1.449 mm tilt=0.217 deg.
[INFO] [1791198446.755680434] [task01_dual_suction_fixture]: task27_plus_outer +X support seat (+X deep wall): gap=+0.147 mm (target 0), z_error=0.221 mm.
[INFO] [1791198449.739772681] [task01_dual_suction_fixture]: task27_plus_outer DUAL_SIDE_PRIMARY_Y slice 13 rear=CLOSED side=CLOSED rear_gap=1.196 mm side_gap=0.643 mm alignment=1.465 mm tilt=0.213 deg.
[INFO] [1791198449.739785438] [task01_dual_suction_fixture]: task27_plus_outer +X support seat (+X deep wall): gap=+0.150 mm (target 0), z_error=0.243 mm.
[INFO] [1791198452.734614595] [task01_dual_suction_fixture]: task27_plus_outer DUAL_SIDE_PRIMARY_Y slice 14 rear=CLOSED side=CLOSED rear_gap=1.129 mm side_gap=0.137 mm alignment=1.448 mm tilt=0.220 deg.
[INFO] [1791198452.734627223] [task01_dual_suction_fixture]: task27_plus_outer +X support seat (+X deep wall): gap=+0.191 mm (target 0), z_error=0.209 mm.
[ERROR] [1791198453.514704966] [task01_dual_suction_fixture]: task27_plus_outer DUAL_SIDE_PRIMARY_Y slice=15 active interlock: rear=CLOSED side=CLOSED left_peak=86.975 Nm right_peak=32.984 Nm (limit=80.000); no later command.
[INFO] [1791198453.718185059] [task01_dual_suction_fixture]: Task26 safe abort during dual fixture contact/push: both side suctions are OPEN.
[ros2run]: Process exited with failure 1
