[WARN] [1791197696.062631830] [task01_dual_suction_fixture]: left task27_plus_outer DUAL_SIDE_HIGH RRTConnect candidate failed=1/8.
[WARN] [1791197696.186950865] [task01_dual_suction_fixture]: left task27_plus_outer DUAL_SIDE_HIGH RRTConnect candidate failed=3/8.
[WARN] [1791197696.325744376] [task01_dual_suction_fixture]: left task27_plus_outer DUAL_SIDE_HIGH RRTConnect candidate failed=5/8.
[INFO] [1791197696.480214715] [task01_dual_suction_fixture]: left task27_plus_outer DUAL_SIDE_HIGH candidates=5, shortest_joint_travel=2.968.
[INFO] [1791197696.500656715] [task01_dual_suction_fixture]: task27_plus_outer DUAL_SIDE_HIGH synchronized FCL PASS, samples=293.
[INFO] [1791197696.544374242] [task01_dual_suction_fixture]: task27_plus_outer DUAL_SIDE_CONTACT Cartesian fraction=1.0000 error=1 step=0.0020 attempt=1/3 line_deviation=0.001 mm.
[INFO] [1791197696.553923310] [task01_dual_suction_fixture]: task27_plus_outer DUAL_SIDE_CONTACT synchronized FCL PASS, samples=134.
[INFO] [1791197696.648386472] [task01_dual_suction_fixture]: task27_plus_outer DUAL_PREFLIGHT_X synchronized FCL PASS, samples=496.
[INFO] [1791197696.649840624] [task01_dual_suction_fixture]: task27_plus_outer DUAL_PREFLIGHT_X relative TCP PASS: max_axis=0.002 mm angle=0.000 deg.
[INFO] [1791197696.649869526] [task01_dual_suction_fixture]: task27_plus_outer DUAL_PREFLIGHT_X paired common-progress PASS: points=166, delta=(0.329,0.000) m.
[INFO] [1791197696.704224197] [task01_dual_suction_fixture]: task27_plus_outer DUAL_PREFLIGHT_Y synchronized FCL PASS, samples=277.
[INFO] [1791197696.705080663] [task01_dual_suction_fixture]: task27_plus_outer DUAL_PREFLIGHT_Y relative TCP PASS: max_axis=0.004 mm angle=0.001 deg.
[INFO] [1791197696.705110954] [task01_dual_suction_fixture]: task27_plus_outer DUAL_PREFLIGHT_Y paired common-progress PASS: points=93, delta=(0.000,0.183) m.
[INFO] [1791197696.707848632] [task01_dual_suction_fixture]: task27_plus_outer DUAL_PREFLIGHT_RELEASE_EXIT left seeded empty IK PASS: segments=15 span=30.000 mm line_deviation=0.000 mm; FCL still required.
[INFO] [1791197696.710727804] [task01_dual_suction_fixture]: task27_plus_outer DUAL_PREFLIGHT_RELEASE_EXIT right seeded empty IK PASS: segments=16 span=30.000 mm line_deviation=0.000 mm; FCL still required.
[INFO] [1791197696.714545182] [task01_dual_suction_fixture]: task27_plus_outer DUAL_PREFLIGHT_RELEASE_EXIT synchronized FCL PASS, samples=49.
[INFO] [1791197722.467046973] [task01_dual_suction_fixture]: task27_plus_outer DUAL_PRE_CLOSE rear=CLOSED side=OPEN rear_gap=0.500 mm side_gap=1.171 mm alignment=1.490 mm tilt=0.158 deg.
[INFO] [1791197722.921453069] [task01_dual_suction_fixture]: task27_plus_outer DUAL_CONTACT_READY rear=CLOSED side=CLOSED rear_gap=0.480 mm side_gap=1.164 mm alignment=1.617 mm tilt=0.158 deg.
[INFO] [1791197723.032902902] [task01_dual_suction_fixture]: task27_plus_outer DUAL_REAR_PRIMARY_X synchronized FCL PASS, samples=496.
[INFO] [1791197723.034377922] [task01_dual_suction_fixture]: task27_plus_outer DUAL_REAR_PRIMARY_X relative TCP PASS: max_axis=0.002 mm angle=0.000 deg.
[INFO] [1791197723.034431948] [task01_dual_suction_fixture]: task27_plus_outer DUAL_REAR_PRIMARY_X paired common-progress PASS: points=166, delta=(0.329,0.000) m.
[INFO] [1791197723.089881041] [task01_dual_suction_fixture]: task27_plus_outer DUAL_SIDE_PRIMARY_Y synchronized FCL PASS, samples=277.
[INFO] [1791197723.090599179] [task01_dual_suction_fixture]: task27_plus_outer DUAL_SIDE_PRIMARY_Y relative TCP PASS: max_axis=0.004 mm angle=0.001 deg.
[INFO] [1791197723.090633933] [task01_dual_suction_fixture]: task27_plus_outer DUAL_SIDE_PRIMARY_Y paired common-progress PASS: points=93, delta=(0.000,0.183) m.
[INFO] [1791197723.093168496] [task01_dual_suction_fixture]: task27_plus_outer DUAL_RELEASE_EXIT left seeded empty IK PASS: segments=15 span=30.000 mm line_deviation=0.000 mm; FCL still required.
[INFO] [1791197723.095655276] [task01_dual_suction_fixture]: task27_plus_outer DUAL_RELEASE_EXIT right seeded empty IK PASS: segments=16 span=30.000 mm line_deviation=0.000 mm; FCL still required.
[INFO] [1791197723.098813631] [task01_dual_suction_fixture]: task27_plus_outer DUAL_RELEASE_EXIT synchronized FCL PASS, samples=49.
[INFO] [1791197723.098852954] [task01_dual_suction_fixture]: task27_plus_outer DUAL_REAR_PRIMARY_X: rear=right side=left; both suction CLOSED.
[INFO] [1791197726.781212372] [task01_dual_suction_fixture]: task27_plus_outer DUAL_REAR_PRIMARY_X slice 1 rear=CLOSED side=CLOSED rear_gap=-0.218 mm side_gap=1.169 mm alignment=1.703 mm tilt=0.153 deg.
[INFO] [1791197730.471711970] [task01_dual_suction_fixture]: task27_plus_outer DUAL_REAR_PRIMARY_X slice 2 rear=CLOSED side=CLOSED rear_gap=-0.924 mm side_gap=1.154 mm alignment=1.702 mm tilt=0.158 deg.
[INFO] [1791197734.151225484] [task01_dual_suction_fixture]: task27_plus_outer DUAL_REAR_PRIMARY_X slice 3 rear=CLOSED side=CLOSED rear_gap=-0.866 mm side_gap=1.151 mm alignment=1.702 mm tilt=0.158 deg.
[INFO] [1791197737.831207039] [task01_dual_suction_fixture]: task27_plus_outer DUAL_REAR_PRIMARY_X slice 4 rear=CLOSED side=CLOSED rear_gap=0.239 mm side_gap=1.159 mm alignment=1.708 mm tilt=0.163 deg.
[INFO] [1791197741.515442949] [task01_dual_suction_fixture]: task27_plus_outer DUAL_REAR_PRIMARY_X slice 5 rear=CLOSED side=CLOSED rear_gap=0.354 mm side_gap=1.155 mm alignment=1.712 mm tilt=0.168 deg.
[INFO] [1791197745.200067038] [task01_dual_suction_fixture]: task27_plus_outer DUAL_REAR_PRIMARY_X slice 6 rear=CLOSED side=CLOSED rear_gap=0.349 mm side_gap=1.152 mm alignment=1.717 mm tilt=0.177 deg.
[INFO] [1791197748.877883270] [task01_dual_suction_fixture]: task27_plus_outer DUAL_REAR_PRIMARY_X slice 7 rear=CLOSED side=CLOSED rear_gap=0.391 mm side_gap=1.146 mm alignment=1.723 mm tilt=0.181 deg.
[INFO] [1791197752.557533504] [task01_dual_suction_fixture]: task27_plus_outer DUAL_REAR_PRIMARY_X slice 8 rear=CLOSED side=CLOSED rear_gap=-0.794 mm side_gap=1.119 mm alignment=1.723 mm tilt=0.186 deg.
[INFO] [1791197756.244124987] [task01_dual_suction_fixture]: task27_plus_outer DUAL_REAR_PRIMARY_X slice 9 rear=CLOSED side=CLOSED rear_gap=0.367 mm side_gap=1.136 mm alignment=1.740 mm tilt=0.194 deg.
[INFO] [1791197759.921893066] [task01_dual_suction_fixture]: task27_plus_outer DUAL_REAR_PRIMARY_X slice 10 rear=CLOSED side=CLOSED rear_gap=0.215 mm side_gap=1.130 mm alignment=1.749 mm tilt=0.198 deg.
[INFO] [1791197763.614326749] [task01_dual_suction_fixture]: task27_plus_outer DUAL_REAR_PRIMARY_X slice 11 rear=CLOSED side=CLOSED rear_gap=0.413 mm side_gap=1.123 mm alignment=1.750 mm tilt=0.206 deg.
[INFO] [1791197767.290790246] [task01_dual_suction_fixture]: task27_plus_outer DUAL_REAR_PRIMARY_X slice 12 rear=CLOSED side=CLOSED rear_gap=0.218 mm side_gap=1.111 mm alignment=1.767 mm tilt=0.213 deg.
[INFO] [1791197770.981695665] [task01_dual_suction_fixture]: task27_plus_outer DUAL_REAR_PRIMARY_X slice 13 rear=CLOSED side=CLOSED rear_gap=-0.843 mm side_gap=1.099 mm alignment=1.761 mm tilt=0.217 deg.
[INFO] [1791197774.665309757] [task01_dual_suction_fixture]: task27_plus_outer DUAL_REAR_PRIMARY_X slice 14 rear=CLOSED side=CLOSED rear_gap=0.400 mm side_gap=1.100 mm alignment=1.767 mm tilt=0.224 deg.
[INFO] [1791197778.345877328] [task01_dual_suction_fixture]: task27_plus_outer DUAL_REAR_PRIMARY_X slice 15 rear=CLOSED side=CLOSED rear_gap=-0.597 mm side_gap=1.089 mm alignment=1.786 mm tilt=0.231 deg.
[INFO] [1791197782.024697721] [task01_dual_suction_fixture]: task27_plus_outer DUAL_REAR_PRIMARY_X slice 16 rear=CLOSED side=CLOSED rear_gap=0.372 mm side_gap=1.155 mm alignment=2.171 mm tilt=0.265 deg.
[INFO] [1791197782.024732796] [task01_dual_suction_fixture]: task27_plus_outer +X support seat (+X deep wall): gap=+0.286 mm (target 0), z_error=0.557 mm.
[INFO] [1791197782.024741647] [task01_dual_suction_fixture]: task27_plus_outer DUAL_ROLE_SWAP: side PRIMARY, rear deep-wall HOLD; no suction release.
[INFO] [1791197782.576623566] [task01_dual_suction_fixture]: Task26 safe abort during dual fixture contact/push: both side suctions are OPEN.
[ros2run]: Process exited with failure 1
